                                      1 ;--------------------------------------------------------
                                      2 ; File Created by SDCC : free open source ISO C Compiler
                                      3 ; Version 4.5.1 #15267 (Mac OS X ppc)
                                      4 ;--------------------------------------------------------
                                      5 	.module intro
                                      6 	
                                      7 ;--------------------------------------------------------
                                      8 ; Public variables in this module
                                      9 ;--------------------------------------------------------
                                     10 	.globl _input_pressed
                                     11 	.globl _fade_in
                                     12 	.globl _fade_out
                                     13 	.globl _fill_bkg_rect
                                     14 	.globl _set_bkg_tile_xy
                                     15 	.globl _set_bkg_data
                                     16 	.globl _display_off
                                     17 	.globl _delay
                                     18 	.globl _intro_init
                                     19 	.globl _intro_update
                                     20 ;--------------------------------------------------------
                                     21 ; special function registers
                                     22 ;--------------------------------------------------------
                                     23 	.area _HRAM
                                     24 ;--------------------------------------------------------
                                     25 ; ram data
                                     26 ;--------------------------------------------------------
                                     27 	.area _DATA
                                     28 ;--------------------------------------------------------
                                     29 ; ram data
                                     30 ;--------------------------------------------------------
                                     31 	.area _INITIALIZED
    00000000                         32 _intro_timer:
    00000000                         33 	.ds 1
    00000001                         34 _title_y:
    00000001                         35 	.ds 1
                                     36 ;--------------------------------------------------------
                                     37 ; absolute external ram data
                                     38 ;--------------------------------------------------------
                                     39 	.area _DABS (ABS)
                                     40 ;--------------------------------------------------------
                                     41 ; global & static initialisations
                                     42 ;--------------------------------------------------------
                                     43 	.area _HOME
                                     44 	.area _GSINIT
                                     45 	.area _GSFINAL
                                     46 	.area _GSINIT
                                     47 ;--------------------------------------------------------
                                     48 ; Home
                                     49 ;--------------------------------------------------------
                                     50 	.area _HOME
                                     51 	.area _HOME
                                     52 ;--------------------------------------------------------
                                     53 ; code
                                     54 ;--------------------------------------------------------
                                     55 	.area _CODE
                                     56 ;src/states/intro.c:16: void intro_init(void) {
                                     57 ;	---------------------------------
                                     58 ; Function intro_init
                                     59 ; ---------------------------------
    00000000                         60 _intro_init::
                                     61 ;src/states/intro.c:17: DISPLAY_OFF;
    00000000 CDr00r00         [24]   62 	call	_display_off
                                     63 ;src/states/intro.c:18: fade_out();
    00000003 CDr00r00         [24]   64 	call	_fade_out
                                     65 ;src/states/intro.c:19: HIDE_SPRITES;
    00000006 F0r00            [12]   66 	ldh	a, (_LCDC_REG + 0)
    00000008 E6 FD            [ 8]   67 	and	a, #0xfd
    0000000A E0r00            [12]   68 	ldh	(_LCDC_REG + 0), a
                                     69 ;src/states/intro.c:20: HIDE_WIN;
    0000000C F0r00            [12]   70 	ldh	a, (_LCDC_REG + 0)
    0000000E E6 DF            [ 8]   71 	and	a, #0xdf
    00000010 E0r00            [12]   72 	ldh	(_LCDC_REG + 0), a
                                     73 ;src/states/intro.c:24: fill_bkg_rect(0, 0, 32, 32, empty_tile);
    00000012 21 20 80         [12]   74 	ld	hl, #0x8020
    00000015 E5               [16]   75 	push	hl
    00000016 3E 20            [ 8]   76 	ld	a, #0x20
    00000018 F5               [16]   77 	push	af
    00000019 33               [ 8]   78 	inc	sp
    0000001A AF               [ 4]   79 	xor	a, a
    0000001B 0F               [ 4]   80 	rrca
    0000001C F5               [16]   81 	push	af
    0000001D CDr00r00         [24]   82 	call	_fill_bkg_rect
    00000020 E8 05            [16]   83 	add	sp, #5
                                     84 ;src/states/intro.c:28: set_bkg_data(128, 35, font_data);
    00000022 11r00r00         [12]   85 	ld	de, #_font_data
    00000025 D5               [16]   86 	push	de
    00000026 21 80 23         [12]   87 	ld	hl, #0x2380
    00000029 E5               [16]   88 	push	hl
    0000002A CDr00r00         [24]   89 	call	_set_bkg_data
    0000002D E8 04            [16]   90 	add	sp, #4
                                     91 ;src/states/intro.c:30: const char *line1 = "SECRET";
                                     92 ;src/states/intro.c:31: const char *line2 = "LIFE";
                                     93 ;src/states/intro.c:35: for (int i = 0; i < 6; i++) {
    0000002F 0E 00            [ 8]   94 	ld	c, #0x00
    00000031                         95 00105$:
    00000031 79               [ 4]   96 	ld	a, c
    00000032 D6 06            [ 8]   97 	sub	a, #0x06
    00000034 30 19            [12]   98 	jr	NC, 00101$
                                     99 ;src/states/intro.c:36: set_bkg_tile_xy(7 + i, 16, 128 + 1 + (line1[i] - 'A'));
    00000036 21r8Fr00         [12]  100 	ld	hl, #___str_0
    00000039 06 00            [ 8]  101 	ld	b, #0x00
    0000003B 09               [ 8]  102 	add	hl, bc
    0000003C 7E               [ 8]  103 	ld	a, (hl)
    0000003D C6 40            [ 8]  104 	add	a, #0x40
    0000003F 47               [ 4]  105 	ld	b, a
    00000040 79               [ 4]  106 	ld	a, c
    00000041 C6 07            [ 8]  107 	add	a, #0x07
    00000043 C5               [16]  108 	push	bc
    00000044 C5               [16]  109 	push	bc
    00000045 33               [ 8]  110 	inc	sp
    00000046 1E 10            [ 8]  111 	ld	e, #0x10
    00000048 CDr00r00         [24]  112 	call	_set_bkg_tile_xy
    0000004B C1               [12]  113 	pop	bc
                                    114 ;src/states/intro.c:35: for (int i = 0; i < 6; i++) {
    0000004C 0C               [ 4]  115 	inc	c
    0000004D 18 E2            [12]  116 	jr	00105$
    0000004F                        117 00101$:
                                    118 ;src/states/intro.c:38: for (int i = 0; i < 4; i++) {
    0000004F 0E 00            [ 8]  119 	ld	c, #0x00
    00000051                        120 00108$:
    00000051 79               [ 4]  121 	ld	a, c
    00000052 D6 04            [ 8]  122 	sub	a, #0x04
    00000054 30 19            [12]  123 	jr	NC, 00102$
                                    124 ;src/states/intro.c:39: set_bkg_tile_xy(8 + i, 18, 128 + 1 + (line2[i] - 'A'));
    00000056 21r96r00         [12]  125 	ld	hl, #___str_1
    00000059 06 00            [ 8]  126 	ld	b, #0x00
    0000005B 09               [ 8]  127 	add	hl, bc
    0000005C 7E               [ 8]  128 	ld	a, (hl)
    0000005D C6 40            [ 8]  129 	add	a, #0x40
    0000005F 47               [ 4]  130 	ld	b, a
    00000060 79               [ 4]  131 	ld	a, c
    00000061 C6 08            [ 8]  132 	add	a, #0x08
    00000063 C5               [16]  133 	push	bc
    00000064 C5               [16]  134 	push	bc
    00000065 33               [ 8]  135 	inc	sp
    00000066 1E 12            [ 8]  136 	ld	e, #0x12
    00000068 CDr00r00         [24]  137 	call	_set_bkg_tile_xy
    0000006B C1               [12]  138 	pop	bc
                                    139 ;src/states/intro.c:38: for (int i = 0; i < 4; i++) {
    0000006C 0C               [ 4]  140 	inc	c
    0000006D 18 E2            [12]  141 	jr	00108$
    0000006F                        142 00102$:
                                    143 ;./gbdk/include/gb/gb.h:1461: SCX_REG=x, SCY_REG=y;
    0000006F AF               [ 4]  144 	xor	a, a
    00000070 E0r00            [12]  145 	ldh	(_SCX_REG + 0), a
    00000072 3E 90            [ 8]  146 	ld	a, #0x90
    00000074 E0r00            [12]  147 	ldh	(_SCY_REG + 0), a
                                    148 ;src/states/intro.c:43: SHOW_BKG;
    00000076 F0r00            [12]  149 	ldh	a, (_LCDC_REG + 0)
    00000078 F6 01            [ 8]  150 	or	a, #0x01
    0000007A E0r00            [12]  151 	ldh	(_LCDC_REG + 0), a
                                    152 ;src/states/intro.c:44: DISPLAY_ON;
    0000007C F0r00            [12]  153 	ldh	a, (_LCDC_REG + 0)
    0000007E F6 80            [ 8]  154 	or	a, #0x80
    00000080 E0r00            [12]  155 	ldh	(_LCDC_REG + 0), a
                                    156 ;src/states/intro.c:45: fade_in();
    00000082 CDr00r00         [24]  157 	call	_fade_in
                                    158 ;src/states/intro.c:46: intro_timer = 0;
    00000085 AF               [ 4]  159 	xor	a, a
    00000086 EAr00r00         [16]  160 	ld	(#_intro_timer),a
                                    161 ;src/states/intro.c:47: title_y = 144;
    00000089 21r01r00         [12]  162 	ld	hl, #_title_y
    0000008C 36 90            [12]  163 	ld	(hl), #0x90
                                    164 ;src/states/intro.c:48: }
    0000008E C9               [16]  165 	ret
    0000008F                        166 ___str_0:
    0000008F 53 45 43 52 45 54      167 	.ascii "SECRET"
    00000095 00                     168 	.db 0x00
    00000096                        169 ___str_1:
    00000096 4C 49 46 45            170 	.ascii "LIFE"
    0000009A 00                     171 	.db 0x00
                                    172 ;src/states/intro.c:50: void intro_update(void) {
                                    173 ;	---------------------------------
                                    174 ; Function intro_update
                                    175 ; ---------------------------------
    0000009B                        176 _intro_update::
                                    177 ;src/states/intro.c:51: if (title_y > 60) {
    0000009B 3E 3C            [ 8]  178 	ld	a, #0x3c
    0000009D 21r01r00         [12]  179 	ld	hl, #_title_y
    000000A0 96               [ 8]  180 	sub	a, (hl)
    000000A1 30 10            [12]  181 	jr	NC, 00105$
                                    182 ;src/states/intro.c:52: title_y--;
    000000A3 35               [12]  183 	dec	(hl)
                                    184 ;src/states/intro.c:53: move_bkg(0, title_y);
    000000A4 4E               [ 8]  185 	ld	c, (hl)
                                    186 ;./gbdk/include/gb/gb.h:1461: SCX_REG=x, SCY_REG=y;
    000000A5 AF               [ 4]  187 	xor	a, a
    000000A6 E0r00            [12]  188 	ldh	(_SCX_REG + 0), a
    000000A8 79               [ 4]  189 	ld	a, c
    000000A9 E0r00            [12]  190 	ldh	(_SCY_REG + 0), a
                                    191 ;src/states/intro.c:54: delay(30);
    000000AB 11 1E 00         [12]  192 	ld	de, #0x001e
    000000AE CDr00r00         [24]  193 	call	_delay
    000000B1 18 19            [12]  194 	jr	00106$
    000000B3                        195 00105$:
                                    196 ;src/states/intro.c:56: intro_timer++;
    000000B3 21r00r00         [12]  197 	ld	hl, #_intro_timer
    000000B6 34               [12]  198 	inc	(hl)
                                    199 ;src/states/intro.c:57: if (intro_timer > 60 || input_pressed(J_START | J_A | J_B)) {
    000000B7 3E 3C            [ 8]  200 	ld	a, #0x3c
    000000B9 96               [ 8]  201 	sub	a, (hl)
    000000BA 38 08            [12]  202 	jr	C, 00101$
    000000BC 3E B0            [ 8]  203 	ld	a, #0xb0
    000000BE CDr00r00         [24]  204 	call	_input_pressed
    000000C1 B7               [ 4]  205 	or	a, a
    000000C2 28 08            [12]  206 	jr	Z, 00106$
    000000C4                        207 00101$:
                                    208 ;src/states/intro.c:58: fade_out();
    000000C4 CDr00r00         [24]  209 	call	_fade_out
                                    210 ;src/states/intro.c:59: game_state = STATE_MENU;
    000000C7 21r00r00         [12]  211 	ld	hl, #_game_state
    000000CA 36 01            [12]  212 	ld	(hl), #0x01
    000000CC                        213 00106$:
                                    214 ;src/states/intro.c:63: if (input_pressed(J_START)) {
    000000CC 3E 80            [ 8]  215 	ld	a, #0x80
    000000CE CDr00r00         [24]  216 	call	_input_pressed
    000000D1 B7               [ 4]  217 	or	a, a
    000000D2 C8               [20]  218 	ret	Z
                                    219 ;src/states/intro.c:64: game_state = STATE_MENU;
    000000D3 21r00r00         [12]  220 	ld	hl, #_game_state
    000000D6 36 01            [12]  221 	ld	(hl), #0x01
                                    222 ;src/states/intro.c:66: }
    000000D8 C9               [16]  223 	ret
                                    224 	.area _CODE
                                    225 	.area _INITIALIZER
    00000000                        226 __xinit__intro_timer:
    00000000 00                     227 	.db #0x00	; 0
    00000001                        228 __xinit__title_y:
    00000001 90                     229 	.db #0x90	; 144
                                    230 	.area _CABS (ABS)
