                                      1 ;--------------------------------------------------------
                                      2 ; File Created by SDCC : free open source ISO C Compiler
                                      3 ; Version 4.5.1 #15267 (Mac OS X ppc)
                                      4 ;--------------------------------------------------------
                                      5 	.module inventory_state
                                      6 	
                                      7 ;--------------------------------------------------------
                                      8 ; Public variables in this module
                                      9 ;--------------------------------------------------------
                                     10 	.globl _inventory_draw
                                     11 	.globl _strncpy
                                     12 	.globl _input_pressed
                                     13 	.globl _fill_bkg_rect
                                     14 	.globl _set_bkg_tile_xy
                                     15 	.globl _set_bkg_data
                                     16 	.globl _display_off
                                     17 	.globl _inventory_state_init
                                     18 	.globl _inventory_state_update
                                     19 ;--------------------------------------------------------
                                     20 ; special function registers
                                     21 ;--------------------------------------------------------
                                     22 	.area _HRAM
                                     23 ;--------------------------------------------------------
                                     24 ; ram data
                                     25 ;--------------------------------------------------------
                                     26 	.area _DATA
                                     27 ;--------------------------------------------------------
                                     28 ; ram data
                                     29 ;--------------------------------------------------------
                                     30 	.area _INITIALIZED
    00000000                         31 _selection:
    00000000                         32 	.ds 1
                                     33 ;--------------------------------------------------------
                                     34 ; absolute external ram data
                                     35 ;--------------------------------------------------------
                                     36 	.area _DABS (ABS)
                                     37 ;--------------------------------------------------------
                                     38 ; global & static initialisations
                                     39 ;--------------------------------------------------------
                                     40 	.area _HOME
                                     41 	.area _GSINIT
                                     42 	.area _GSFINAL
                                     43 	.area _GSINIT
                                     44 ;--------------------------------------------------------
                                     45 ; Home
                                     46 ;--------------------------------------------------------
                                     47 	.area _HOME
                                     48 	.area _HOME
                                     49 ;--------------------------------------------------------
                                     50 ; code
                                     51 ;--------------------------------------------------------
                                     52 	.area _CODE
                                     53 ;src/states/inventory_state.c:15: static void draw_text(uint8_t x, uint8_t y, const char *txt) {
                                     54 ;	---------------------------------
                                     55 ; Function draw_text
                                     56 ; ---------------------------------
    00000000                         57 _draw_text:
    00000000 E8 FC            [16]   58 	add	sp, #-4
    00000002 F8 03            [12]   59 	ldhl	sp,	#3
    00000004 32               [ 8]   60 	ld	(hl-), a
    00000005 73               [ 8]   61 	ld	(hl), e
                                     62 ;src/states/inventory_state.c:16: for (int i = 0; txt[i] != '\0'; i++) {
    00000006 01 00 00         [12]   63 	ld	bc, #0x0000
    00000009                         64 00128$:
    00000009 F8 06            [12]   65 	ldhl	sp,	#6
    0000000B 2A               [ 8]   66 	ld	a,	(hl+)
    0000000C 66               [ 8]   67 	ld	h, (hl)
    0000000D 6F               [ 4]   68 	ld	l, a
    0000000E 09               [ 8]   69 	add	hl, bc
    0000000F 5D               [ 4]   70 	ld	e, l
    00000010 54               [ 4]   71 	ld	d, h
    00000011 1A               [ 8]   72 	ld	a, (de)
    00000012 F8 00            [12]   73 	ldhl	sp,	#0
    00000014 77               [ 8]   74 	ld	(hl), a
    00000015 B7               [ 4]   75 	or	a, a
    00000016 CArCDr00         [16]   76 	jp	Z, 00130$
                                     77 ;src/states/inventory_state.c:17: uint8_t tile = (uint8_t)128; // Space (Index 0)
    00000019 23               [ 8]   78 	inc	hl
                                     79 ;src/states/inventory_state.c:19: if (txt[i] >= 'A' && txt[i] <= 'Z')
    0000001A 3E 80            [ 8]   80 	ld	a, #0x80
    0000001C 32               [ 8]   81 	ld	(hl-), a
    0000001D 7E               [ 8]   82 	ld	a, (hl)
    0000001E EE 80            [ 8]   83 	xor	a, #0x80
    00000020 D6 C1            [ 8]   84 	sub	a, #0xc1
    00000022 38 1F            [12]   85 	jr	C, 00123$
    00000024 5E               [ 8]   86 	ld	e, (hl)
    00000025 3E 5A            [ 8]   87 	ld	a,#0x5a
    00000027 57               [ 4]   88 	ld	d,a
    00000028 96               [ 8]   89 	sub	a, (hl)
    00000029 CB 7B            [ 8]   90 	bit	7, e
    0000002B 28 07            [12]   91 	jr	Z, 00217$
    0000002D CB 7A            [ 8]   92 	bit	7, d
    0000002F 20 08            [12]   93 	jr	NZ, 00218$
    00000031 BF               [ 4]   94 	cp	a, a
    00000032 18 05            [12]   95 	jr	00218$
    00000034                         96 00217$:
    00000034 CB 7A            [ 8]   97 	bit	7, d
    00000036 28 01            [12]   98 	jr	Z, 00218$
    00000038 37               [ 4]   99 	scf
    00000039                        100 00218$:
    00000039 38 08            [12]  101 	jr	C, 00123$
                                    102 ;src/states/inventory_state.c:20: tile = (uint8_t)(128 + 1 + (txt[i] - 'A'));
    0000003B F8 00            [12]  103 	ldhl	sp,	#0
    0000003D 2A               [ 8]  104 	ld	a, (hl+)
    0000003E C6 40            [ 8]  105 	add	a, #0x40
    00000040 77               [ 8]  106 	ld	(hl), a
    00000041 18 74            [12]  107 	jr	00124$
    00000043                        108 00123$:
                                    109 ;src/states/inventory_state.c:22: else if (txt[i] >= 'a' && txt[i] <= 'z')
    00000043 F8 00            [12]  110 	ldhl	sp,	#0
    00000045 7E               [ 8]  111 	ld	a, (hl)
    00000046 EE 80            [ 8]  112 	xor	a, #0x80
    00000048 D6 E1            [ 8]  113 	sub	a, #0xe1
    0000004A 38 1F            [12]  114 	jr	C, 00119$
    0000004C 5E               [ 8]  115 	ld	e, (hl)
    0000004D 3E 7A            [ 8]  116 	ld	a,#0x7a
    0000004F 57               [ 4]  117 	ld	d,a
    00000050 96               [ 8]  118 	sub	a, (hl)
    00000051 CB 7B            [ 8]  119 	bit	7, e
    00000053 28 07            [12]  120 	jr	Z, 00219$
    00000055 CB 7A            [ 8]  121 	bit	7, d
    00000057 20 08            [12]  122 	jr	NZ, 00220$
    00000059 BF               [ 4]  123 	cp	a, a
    0000005A 18 05            [12]  124 	jr	00220$
    0000005C                        125 00219$:
    0000005C CB 7A            [ 8]  126 	bit	7, d
    0000005E 28 01            [12]  127 	jr	Z, 00220$
    00000060 37               [ 4]  128 	scf
    00000061                        129 00220$:
    00000061 38 08            [12]  130 	jr	C, 00119$
                                    131 ;src/states/inventory_state.c:23: tile = (uint8_t)(128 + 27 + (txt[i] - 'a'));
    00000063 F8 00            [12]  132 	ldhl	sp,	#0
    00000065 2A               [ 8]  133 	ld	a, (hl+)
    00000066 C6 3A            [ 8]  134 	add	a, #0x3a
    00000068 77               [ 8]  135 	ld	(hl), a
    00000069 18 4C            [12]  136 	jr	00124$
    0000006B                        137 00119$:
                                    138 ;src/states/inventory_state.c:25: else if (txt[i] == ',')
    0000006B F8 00            [12]  139 	ldhl	sp,	#0
    0000006D 7E               [ 8]  140 	ld	a, (hl)
    0000006E D6 2C            [ 8]  141 	sub	a, #0x2c
    00000070 20 06            [12]  142 	jr	NZ, 00116$
                                    143 ;src/states/inventory_state.c:26: tile = (uint8_t)(128 + 53);
    00000072 F8 01            [12]  144 	ldhl	sp,	#1
    00000074 36 B5            [12]  145 	ld	(hl), #0xb5
    00000076 18 3F            [12]  146 	jr	00124$
    00000078                        147 00116$:
                                    148 ;src/states/inventory_state.c:27: else if (txt[i] == '?')
    00000078 F8 00            [12]  149 	ldhl	sp,	#0
    0000007A 7E               [ 8]  150 	ld	a, (hl)
    0000007B D6 3F            [ 8]  151 	sub	a, #0x3f
    0000007D 20 06            [12]  152 	jr	NZ, 00113$
                                    153 ;src/states/inventory_state.c:28: tile = (uint8_t)(128 + 54);
    0000007F F8 01            [12]  154 	ldhl	sp,	#1
    00000081 36 B6            [12]  155 	ld	(hl), #0xb6
    00000083 18 32            [12]  156 	jr	00124$
    00000085                        157 00113$:
                                    158 ;src/states/inventory_state.c:29: else if (txt[i] == '!')
    00000085 F8 00            [12]  159 	ldhl	sp,	#0
    00000087 7E               [ 8]  160 	ld	a, (hl)
    00000088 D6 21            [ 8]  161 	sub	a, #0x21
    0000008A 20 06            [12]  162 	jr	NZ, 00110$
                                    163 ;src/states/inventory_state.c:30: tile = (uint8_t)(128 + 55);
    0000008C F8 01            [12]  164 	ldhl	sp,	#1
    0000008E 36 B7            [12]  165 	ld	(hl), #0xb7
    00000090 18 25            [12]  166 	jr	00124$
    00000092                        167 00110$:
                                    168 ;src/states/inventory_state.c:31: else if (txt[i] == '.')
    00000092 F8 00            [12]  169 	ldhl	sp,	#0
    00000094 7E               [ 8]  170 	ld	a, (hl)
    00000095 D6 2E            [ 8]  171 	sub	a, #0x2e
    00000097 20 06            [12]  172 	jr	NZ, 00107$
                                    173 ;src/states/inventory_state.c:32: tile = (uint8_t)(128 + 56);
    00000099 F8 01            [12]  174 	ldhl	sp,	#1
    0000009B 36 B8            [12]  175 	ld	(hl), #0xb8
    0000009D 18 18            [12]  176 	jr	00124$
    0000009F                        177 00107$:
                                    178 ;src/states/inventory_state.c:33: else if (txt[i] == '>')
    0000009F F8 00            [12]  179 	ldhl	sp,	#0
    000000A1 7E               [ 8]  180 	ld	a, (hl)
    000000A2 D6 3E            [ 8]  181 	sub	a, #0x3e
    000000A4 20 06            [12]  182 	jr	NZ, 00104$
                                    183 ;src/states/inventory_state.c:34: tile = (uint8_t)(128 + 57);
    000000A6 F8 01            [12]  184 	ldhl	sp,	#1
    000000A8 36 B9            [12]  185 	ld	(hl), #0xb9
    000000AA 18 0B            [12]  186 	jr	00124$
    000000AC                        187 00104$:
                                    188 ;src/states/inventory_state.c:35: else if (txt[i] == '#')
    000000AC F8 00            [12]  189 	ldhl	sp,	#0
    000000AE 7E               [ 8]  190 	ld	a, (hl)
    000000AF D6 23            [ 8]  191 	sub	a, #0x23
    000000B1 20 04            [12]  192 	jr	NZ, 00124$
                                    193 ;src/states/inventory_state.c:36: tile = (uint8_t)(128 + 58);
    000000B3 F8 01            [12]  194 	ldhl	sp,	#1
    000000B5 36 BA            [12]  195 	ld	(hl), #0xba
    000000B7                        196 00124$:
                                    197 ;src/states/inventory_state.c:38: set_bkg_tile_xy(x + i, y, tile);
    000000B7 79               [ 4]  198 	ld	a, c
    000000B8 F8 03            [12]  199 	ldhl	sp,	#3
    000000BA 5E               [ 8]  200 	ld	e, (hl)
    000000BB 2B               [ 8]  201 	dec	hl
    000000BC 2B               [ 8]  202 	dec	hl
    000000BD 83               [ 4]  203 	add	a, e
    000000BE C5               [16]  204 	push	bc
    000000BF 66               [ 8]  205 	ld	h, (hl)
    000000C0 E5               [16]  206 	push	hl
    000000C1 33               [ 8]  207 	inc	sp
    000000C2 F8 05            [12]  208 	ldhl	sp,	#5
    000000C4 5E               [ 8]  209 	ld	e, (hl)
    000000C5 CDr00r00         [24]  210 	call	_set_bkg_tile_xy
    000000C8 C1               [12]  211 	pop	bc
                                    212 ;src/states/inventory_state.c:16: for (int i = 0; txt[i] != '\0'; i++) {
    000000C9 03               [ 8]  213 	inc	bc
    000000CA C3r09r00         [16]  214 	jp	00128$
    000000CD                        215 00130$:
                                    216 ;src/states/inventory_state.c:40: }
    000000CD E8 04            [16]  217 	add	sp, #4
    000000CF E1               [12]  218 	pop	hl
    000000D0 F1               [12]  219 	pop	af
    000000D1 E9               [ 4]  220 	jp	(hl)
                                    221 ;src/states/inventory_state.c:42: static void draw_box(uint8_t x, uint8_t y, uint8_t w, uint8_t h) {
                                    222 ;	---------------------------------
                                    223 ; Function draw_box
                                    224 ; ---------------------------------
    000000D2                        225 _draw_box:
    000000D2 E8 FA            [16]  226 	add	sp, #-6
    000000D4 F8 03            [12]  227 	ldhl	sp,	#3
    000000D6 32               [ 8]  228 	ld	(hl-), a
    000000D7 73               [ 8]  229 	ld	(hl), e
                                    230 ;src/states/inventory_state.c:51: set_bkg_tile_xy(x, y, tl);                 // ┌
    000000D8 3E BB            [ 8]  231 	ld	a, #0xbb
    000000DA F5               [16]  232 	push	af
    000000DB 33               [ 8]  233 	inc	sp
    000000DC 2A               [ 8]  234 	ld	a, (hl+)
    000000DD 5F               [ 4]  235 	ld	e, a
    000000DE 7E               [ 8]  236 	ld	a, (hl)
    000000DF CDr00r00         [24]  237 	call	_set_bkg_tile_xy
                                    238 ;src/states/inventory_state.c:52: set_bkg_tile_xy(x + w - 1, y, tr);         // ┐
    000000E2 F8 03            [12]  239 	ldhl	sp,	#3
    000000E4 7E               [ 8]  240 	ld	a, (hl)
    000000E5 F8 08            [12]  241 	ldhl	sp,	#8
    000000E7 86               [ 8]  242 	add	a, (hl)
    000000E8 3D               [ 4]  243 	dec	a
    000000E9 F8 00            [12]  244 	ldhl	sp,	#0
    000000EB 22               [ 8]  245 	ld	(hl+), a
    000000EC 23               [ 8]  246 	inc	hl
    000000ED 3E BD            [ 8]  247 	ld	a, #0xbd
    000000EF F5               [16]  248 	push	af
    000000F0 33               [ 8]  249 	inc	sp
    000000F1 3A               [ 8]  250 	ld	a, (hl-)
    000000F2 2B               [ 8]  251 	dec	hl
    000000F3 5F               [ 4]  252 	ld	e, a
    000000F4 7E               [ 8]  253 	ld	a, (hl)
    000000F5 CDr00r00         [24]  254 	call	_set_bkg_tile_xy
                                    255 ;src/states/inventory_state.c:53: set_bkg_tile_xy(x, y + h - 1, bl);         // └
    000000F8 F8 02            [12]  256 	ldhl	sp,	#2
    000000FA 7E               [ 8]  257 	ld	a, (hl)
    000000FB F8 09            [12]  258 	ldhl	sp,	#9
    000000FD 86               [ 8]  259 	add	a, (hl)
    000000FE 3D               [ 4]  260 	dec	a
    000000FF F8 01            [12]  261 	ldhl	sp,	#1
    00000101 77               [ 8]  262 	ld	(hl), a
    00000102 3E BF            [ 8]  263 	ld	a, #0xbf
    00000104 F5               [16]  264 	push	af
    00000105 33               [ 8]  265 	inc	sp
    00000106 2A               [ 8]  266 	ld	a, (hl+)
    00000107 23               [ 8]  267 	inc	hl
    00000108 5F               [ 4]  268 	ld	e, a
    00000109 7E               [ 8]  269 	ld	a, (hl)
    0000010A CDr00r00         [24]  270 	call	_set_bkg_tile_xy
                                    271 ;src/states/inventory_state.c:54: set_bkg_tile_xy(x + w - 1, y + h - 1, br); // ┘
    0000010D 3E C0            [ 8]  272 	ld	a, #0xc0
    0000010F F5               [16]  273 	push	af
    00000110 33               [ 8]  274 	inc	sp
    00000111 F8 02            [12]  275 	ldhl	sp,	#2
    00000113 3A               [ 8]  276 	ld	a, (hl-)
    00000114 5F               [ 4]  277 	ld	e, a
    00000115 7E               [ 8]  278 	ld	a, (hl)
    00000116 CDr00r00         [24]  279 	call	_set_bkg_tile_xy
                                    280 ;src/states/inventory_state.c:55: for (int i = 1; i < w - 1; i++) {
    00000119 F8 04            [12]  281 	ldhl	sp,	#4
    0000011B 3E 01            [ 8]  282 	ld	a, #0x01
    0000011D 22               [ 8]  283 	ld	(hl+), a
    0000011E AF               [ 4]  284 	xor	a, a
    0000011F 77               [ 8]  285 	ld	(hl), a
    00000120                        286 00104$:
    00000120 F8 08            [12]  287 	ldhl	sp,	#8
    00000122 4E               [ 8]  288 	ld	c, (hl)
    00000123 AF               [ 4]  289 	xor	a, a
    00000124 47               [ 4]  290 	ld	b, a
    00000125 0B               [ 8]  291 	dec	bc
    00000126 F8 04            [12]  292 	ldhl	sp,	#4
    00000128 2A               [ 8]  293 	ld	a, (hl+)
    00000129 91               [ 4]  294 	sub	a, c
    0000012A 7E               [ 8]  295 	ld	a, (hl)
    0000012B 98               [ 4]  296 	sbc	a, b
    0000012C 56               [ 8]  297 	ld	d, (hl)
    0000012D 78               [ 4]  298 	ld	a, b
    0000012E CB 7F            [ 8]  299 	bit	7,a
    00000130 28 07            [12]  300 	jr	Z, 00141$
    00000132 CB 7A            [ 8]  301 	bit	7, d
    00000134 20 08            [12]  302 	jr	NZ, 00142$
    00000136 BF               [ 4]  303 	cp	a, a
    00000137 18 05            [12]  304 	jr	00142$
    00000139                        305 00141$:
    00000139 CB 7A            [ 8]  306 	bit	7, d
    0000013B 28 01            [12]  307 	jr	Z, 00142$
    0000013D 37               [ 4]  308 	scf
    0000013E                        309 00142$:
    0000013E 30 26            [12]  310 	jr	NC, 00101$
                                    311 ;src/states/inventory_state.c:56: set_bkg_tile_xy(x + i, y, h_line);         // ─
    00000140 F8 04            [12]  312 	ldhl	sp,	#4
    00000142 3A               [ 8]  313 	ld	a, (hl-)
    00000143 4E               [ 8]  314 	ld	c, (hl)
    00000144 2B               [ 8]  315 	dec	hl
    00000145 81               [ 4]  316 	add	a, c
    00000146 4F               [ 4]  317 	ld	c, a
    00000147 C5               [16]  318 	push	bc
    00000148 3E BC            [ 8]  319 	ld	a, #0xbc
    0000014A F5               [16]  320 	push	af
    0000014B 33               [ 8]  321 	inc	sp
    0000014C 5E               [ 8]  322 	ld	e, (hl)
    0000014D 79               [ 4]  323 	ld	a, c
    0000014E CDr00r00         [24]  324 	call	_set_bkg_tile_xy
    00000151 C1               [12]  325 	pop	bc
                                    326 ;src/states/inventory_state.c:57: set_bkg_tile_xy(x + i, y + h - 1, h_line); // ─
    00000152 3E BC            [ 8]  327 	ld	a, #0xbc
    00000154 F5               [16]  328 	push	af
    00000155 33               [ 8]  329 	inc	sp
    00000156 F8 02            [12]  330 	ldhl	sp,	#2
    00000158 5E               [ 8]  331 	ld	e, (hl)
    00000159 79               [ 4]  332 	ld	a, c
    0000015A CDr00r00         [24]  333 	call	_set_bkg_tile_xy
                                    334 ;src/states/inventory_state.c:55: for (int i = 1; i < w - 1; i++) {
    0000015D F8 04            [12]  335 	ldhl	sp,	#4
    0000015F 34               [12]  336 	inc	(hl)
    00000160 20 BE            [12]  337 	jr	NZ, 00104$
    00000162 23               [ 8]  338 	inc	hl
    00000163 34               [12]  339 	inc	(hl)
    00000164 18 BA            [12]  340 	jr	00104$
    00000166                        341 00101$:
                                    342 ;src/states/inventory_state.c:59: for (int i = 1; i < h - 1; i++) {
    00000166 01 01 00         [12]  343 	ld	bc, #0x0001
    00000169                        344 00107$:
    00000169 F8 09            [12]  345 	ldhl	sp,	#9
    0000016B 5E               [ 8]  346 	ld	e, (hl)
    0000016C AF               [ 4]  347 	xor	a, a
    0000016D 6B               [ 4]  348 	ld	l, e
    0000016E 67               [ 4]  349 	ld	h, a
    0000016F 2B               [ 8]  350 	dec	hl
    00000170 5C               [ 4]  351 	ld	e, h
    00000171 50               [ 4]  352 	ld	d, b
    00000172 79               [ 4]  353 	ld	a, c
    00000173 95               [ 4]  354 	sub	a, l
    00000174 78               [ 4]  355 	ld	a, b
    00000175 9C               [ 4]  356 	sbc	a, h
    00000176 CB 7B            [ 8]  357 	bit	7, e
    00000178 28 07            [12]  358 	jr	Z, 00144$
    0000017A CB 7A            [ 8]  359 	bit	7, d
    0000017C 20 08            [12]  360 	jr	NZ, 00145$
    0000017E BF               [ 4]  361 	cp	a, a
    0000017F 18 05            [12]  362 	jr	00145$
    00000181                        363 00144$:
    00000181 CB 7A            [ 8]  364 	bit	7, d
    00000183 28 01            [12]  365 	jr	Z, 00145$
    00000185 37               [ 4]  366 	scf
    00000186                        367 00145$:
    00000186 30 25            [12]  368 	jr	NC, 00109$
                                    369 ;src/states/inventory_state.c:60: set_bkg_tile_xy(x, y + i, v_line);         // │
    00000188 F8 05            [12]  370 	ldhl	sp,	#5
    0000018A 71               [ 8]  371 	ld	(hl), c
    0000018B F8 02            [12]  372 	ldhl	sp,	#2
    0000018D 7E               [ 8]  373 	ld	a, (hl)
    0000018E F8 05            [12]  374 	ldhl	sp,	#5
    00000190 86               [ 8]  375 	add	a, (hl)
    00000191 2B               [ 8]  376 	dec	hl
    00000192 2B               [ 8]  377 	dec	hl
    00000193 5F               [ 4]  378 	ld	e, a
    00000194 C5               [16]  379 	push	bc
    00000195 D5               [16]  380 	push	de
    00000196 3E BE            [ 8]  381 	ld	a, #0xbe
    00000198 F5               [16]  382 	push	af
    00000199 33               [ 8]  383 	inc	sp
    0000019A 7E               [ 8]  384 	ld	a, (hl)
    0000019B CDr00r00         [24]  385 	call	_set_bkg_tile_xy
    0000019E D1               [12]  386 	pop	de
                                    387 ;src/states/inventory_state.c:61: set_bkg_tile_xy(x + w - 1, y + i, v_line); // │
    0000019F 3E BE            [ 8]  388 	ld	a, #0xbe
    000001A1 F5               [16]  389 	push	af
    000001A2 33               [ 8]  390 	inc	sp
    000001A3 F8 03            [12]  391 	ldhl	sp,	#3
    000001A5 7E               [ 8]  392 	ld	a, (hl)
    000001A6 CDr00r00         [24]  393 	call	_set_bkg_tile_xy
    000001A9 C1               [12]  394 	pop	bc
                                    395 ;src/states/inventory_state.c:59: for (int i = 1; i < h - 1; i++) {
    000001AA 03               [ 8]  396 	inc	bc
    000001AB 18 BC            [12]  397 	jr	00107$
    000001AD                        398 00109$:
                                    399 ;src/states/inventory_state.c:63: }
    000001AD E8 06            [16]  400 	add	sp, #6
    000001AF E1               [12]  401 	pop	hl
    000001B0 F1               [12]  402 	pop	af
    000001B1 E9               [ 4]  403 	jp	(hl)
                                    404 ;src/states/inventory_state.c:65: void inventory_draw(void) {
                                    405 ;	---------------------------------
                                    406 ; Function inventory_draw
                                    407 ; ---------------------------------
    000001B2                        408 _inventory_draw::
    000001B2 E8 E7            [16]  409 	add	sp, #-25
                                    410 ;src/states/inventory_state.c:67: fill_bkg_rect(0, 0, 20, 18, (uint8_t)128);
    000001B4 21 12 80         [12]  411 	ld	hl, #0x8012
    000001B7 E5               [16]  412 	push	hl
    000001B8 3E 14            [ 8]  413 	ld	a, #0x14
    000001BA F5               [16]  414 	push	af
    000001BB 33               [ 8]  415 	inc	sp
    000001BC AF               [ 4]  416 	xor	a, a
    000001BD 0F               [ 4]  417 	rrca
    000001BE F5               [16]  418 	push	af
    000001BF CDr00r00         [24]  419 	call	_fill_bkg_rect
    000001C2 E8 05            [16]  420 	add	sp, #5
                                    421 ;src/states/inventory_state.c:70: draw_text(5, 1, "INVENTARIO");
    000001C4 11r67r03         [12]  422 	ld	de, #___str_0
    000001C7 D5               [16]  423 	push	de
    000001C8 1E 01            [ 8]  424 	ld	e, #0x01
    000001CA 3E 05            [ 8]  425 	ld	a, #0x05
    000001CC CDr00r00         [24]  426 	call	_draw_text
                                    427 ;src/states/inventory_state.c:72: if (inventory_count == 0) {
    000001CF FAr00r00         [16]  428 	ld	a, (#_inventory_count)
    000001D2 B7               [ 4]  429 	or	a, a
    000001D3 20 0E            [12]  430 	jr	NZ, 00128$
                                    431 ;src/states/inventory_state.c:73: draw_text(7, 8, "VACIO");
    000001D5 11r72r03         [12]  432 	ld	de, #___str_1
    000001D8 D5               [16]  433 	push	de
    000001D9 1E 08            [ 8]  434 	ld	e, #0x08
    000001DB 3E 07            [ 8]  435 	ld	a, #0x07
    000001DD CDr00r00         [24]  436 	call	_draw_text
    000001E0 C3r59r03         [16]  437 	jp	00120$
                                    438 ;src/states/inventory_state.c:76: for (uint8_t i = 0; i < inventory_count; i++) {
    000001E3                        439 00128$:
    000001E3 0E 00            [ 8]  440 	ld	c, #0x00
    000001E5                        441 00122$:
    000001E5 79               [ 4]  442 	ld	a, c
    000001E6 21r00r00         [12]  443 	ld	hl, #_inventory_count
    000001E9 96               [ 8]  444 	sub	a, (hl)
    000001EA 30 1D            [12]  445 	jr	NC, 00101$
                                    446 ;src/states/inventory_state.c:77: draw_text(5, 4 + i, inventory[i].name);
    000001EC 06 00            [ 8]  447 	ld	b, #0x00
    000001EE 69               [ 4]  448 	ld	l, c
    000001EF 60               [ 4]  449 	ld	h, b
    000001F0 29               [ 8]  450 	add	hl, hl
    000001F1 29               [ 8]  451 	add	hl, hl
    000001F2 09               [ 8]  452 	add	hl, bc
    000001F3 11r00r00         [12]  453 	ld	de, #_inventory
    000001F6 19               [ 8]  454 	add	hl, de
    000001F7 2A               [ 8]  455 	ld	a,	(hl+)
    000001F8 66               [ 8]  456 	ld	h, (hl)
    000001F9 6F               [ 4]  457 	ld	l, a
    000001FA 79               [ 4]  458 	ld	a, c
    000001FB C6 04            [ 8]  459 	add	a, #0x04
    000001FD C5               [16]  460 	push	bc
    000001FE E5               [16]  461 	push	hl
    000001FF 5F               [ 4]  462 	ld	e, a
    00000200 3E 05            [ 8]  463 	ld	a, #0x05
    00000202 CDr00r00         [24]  464 	call	_draw_text
    00000205 C1               [12]  465 	pop	bc
                                    466 ;src/states/inventory_state.c:76: for (uint8_t i = 0; i < inventory_count; i++) {
    00000206 0C               [ 4]  467 	inc	c
    00000207 18 DC            [12]  468 	jr	00122$
    00000209                        469 00101$:
                                    470 ;src/states/inventory_state.c:81: draw_text(3, 4 + selection, ">");
    00000209 01r78r03         [12]  471 	ld	bc, #___str_2+0
    0000020C FAr00r00         [16]  472 	ld	a, (_selection)
    0000020F C6 04            [ 8]  473 	add	a, #0x04
    00000211 5F               [ 4]  474 	ld	e, a
    00000212 C5               [16]  475 	push	bc
    00000213 3E 03            [ 8]  476 	ld	a, #0x03
    00000215 CDr00r00         [24]  477 	call	_draw_text
                                    478 ;src/states/inventory_state.c:84: draw_box(1, 12, 18, 5);
    00000218 21 12 05         [12]  479 	ld	hl, #0x512
    0000021B E5               [16]  480 	push	hl
    0000021C 1E 0C            [ 8]  481 	ld	e, #0x0c
    0000021E 3E 01            [ 8]  482 	ld	a, #0x01
    00000220 CDrD2r00         [24]  483 	call	_draw_box
                                    484 ;src/states/inventory_state.c:86: draw_text(3, 13, "#"); // Key Icon (always key for now)
    00000223 11r7Ar03         [12]  485 	ld	de, #___str_3
    00000226 D5               [16]  486 	push	de
    00000227 1E 0D            [ 8]  487 	ld	e, #0x0d
    00000229 3E 03            [ 8]  488 	ld	a, #0x03
    0000022B CDr00r00         [24]  489 	call	_draw_text
                                    490 ;src/states/inventory_state.c:87: draw_text(5, 13, inventory[selection].name);
    0000022E 21r00r00         [12]  491 	ld	hl, #_selection
    00000231 4E               [ 8]  492 	ld	c, (hl)
    00000232 06 00            [ 8]  493 	ld	b, #0x00
    00000234 69               [ 4]  494 	ld	l, c
    00000235 60               [ 4]  495 	ld	h, b
    00000236 29               [ 8]  496 	add	hl, hl
    00000237 29               [ 8]  497 	add	hl, hl
    00000238 09               [ 8]  498 	add	hl, bc
    00000239 01r00r00         [12]  499 	ld	bc, #_inventory
    0000023C 09               [ 8]  500 	add	hl, bc
    0000023D 2A               [ 8]  501 	ld	a, (hl+)
    0000023E 4F               [ 4]  502 	ld	c, a
    0000023F 46               [ 8]  503 	ld	b, (hl)
    00000240 C5               [16]  504 	push	bc
    00000241 1E 0D            [ 8]  505 	ld	e, #0x0d
    00000243 3E 05            [ 8]  506 	ld	a, #0x05
    00000245 CDr00r00         [24]  507 	call	_draw_text
                                    508 ;src/states/inventory_state.c:90: const char *desc = inventory[selection].description;
    00000248 21r00r00         [12]  509 	ld	hl, #_selection
    0000024B 4E               [ 8]  510 	ld	c, (hl)
    0000024C 06 00            [ 8]  511 	ld	b, #0x00
    0000024E 69               [ 4]  512 	ld	l, c
    0000024F 60               [ 4]  513 	ld	h, b
    00000250 29               [ 8]  514 	add	hl, hl
    00000251 29               [ 8]  515 	add	hl, hl
    00000252 09               [ 8]  516 	add	hl, bc
    00000253 01r00r00         [12]  517 	ld	bc, #_inventory
    00000256 09               [ 8]  518 	add	hl, bc
    00000257 23               [ 8]  519 	inc	hl
    00000258 23               [ 8]  520 	inc	hl
    00000259 5D               [ 4]  521 	ld	e, l
    0000025A 54               [ 4]  522 	ld	d, h
    0000025B 1A               [ 8]  523 	ld	a, (de)
    0000025C F8 11            [12]  524 	ldhl	sp,	#17
    0000025E 22               [ 8]  525 	ld	(hl+), a
    0000025F 13               [ 8]  526 	inc	de
    00000260 1A               [ 8]  527 	ld	a, (de)
    00000261 77               [ 8]  528 	ld	(hl), a
                                    529 ;src/states/inventory_state.c:91: uint8_t start = 0;
    00000262 F8 16            [12]  530 	ldhl	sp,	#22
                                    531 ;src/states/inventory_state.c:95: while (desc[start] != '\0' && line < 3) {
    00000264 AF               [ 4]  532 	xor	a, a
    00000265 22               [ 8]  533 	ld	(hl+), a
    00000266 77               [ 8]  534 	ld	(hl), a
    00000267                        535 00115$:
    00000267 F8 11            [12]  536 	ldhl	sp,#17
    00000269 2A               [ 8]  537 	ld	a, (hl+)
    0000026A 5F               [ 4]  538 	ld	e, a
    0000026B 56               [ 8]  539 	ld	d, (hl)
    0000026C F8 16            [12]  540 	ldhl	sp,	#22
    0000026E 6E               [ 8]  541 	ld	l, (hl)
    0000026F 26 00            [ 8]  542 	ld	h, #0x00
    00000271 19               [ 8]  543 	add	hl, de
    00000272 5D               [ 4]  544 	ld	e, l
    00000273 54               [ 4]  545 	ld	d, h
    00000274 1A               [ 8]  546 	ld	a, (de)
    00000275 B7               [ 4]  547 	or	a, a
    00000276 CAr59r03         [16]  548 	jp	Z, 00120$
    00000279 F8 17            [12]  549 	ldhl	sp,	#23
    0000027B 7E               [ 8]  550 	ld	a, (hl)
    0000027C D6 03            [ 8]  551 	sub	a, #0x03
    0000027E D2r59r03         [16]  552 	jp	NC, 00120$
                                    553 ;src/states/inventory_state.c:97: uint8_t last_space = 0;
    00000281 F8 13            [12]  554 	ldhl	sp,	#19
    00000283 36 00            [12]  555 	ld	(hl), #0x00
                                    556 ;src/states/inventory_state.c:100: while (desc[start + len] != '\0' && len < 15) {
    00000285 F8 18            [12]  557 	ldhl	sp,	#24
    00000287 36 00            [12]  558 	ld	(hl), #0x00
    00000289                        559 00105$:
    00000289 F8 16            [12]  560 	ldhl	sp,	#22
    0000028B 2A               [ 8]  561 	ld	a, (hl+)
    0000028C 23               [ 8]  562 	inc	hl
    0000028D 4F               [ 4]  563 	ld	c, a
    0000028E 06 00            [ 8]  564 	ld	b, #0x00
    00000290 7E               [ 8]  565 	ld	a, (hl)
    00000291 F8 14            [12]  566 	ldhl	sp,	#20
    00000293 22               [ 8]  567 	ld	(hl+), a
    00000294 AF               [ 4]  568 	xor	a, a
    00000295 32               [ 8]  569 	ld	(hl-), a
    00000296 2A               [ 8]  570 	ld	a,	(hl+)
    00000297 66               [ 8]  571 	ld	h, (hl)
    00000298 6F               [ 4]  572 	ld	l, a
    00000299 09               [ 8]  573 	add	hl, bc
    0000029A 4D               [ 4]  574 	ld	c, l
    0000029B 44               [ 4]  575 	ld	b, h
    0000029C F8 11            [12]  576 	ldhl	sp,	#17
    0000029E 2A               [ 8]  577 	ld	a,	(hl+)
    0000029F 66               [ 8]  578 	ld	h, (hl)
    000002A0 6F               [ 4]  579 	ld	l, a
    000002A1 09               [ 8]  580 	add	hl, bc
    000002A2 4D               [ 4]  581 	ld	c, l
    000002A3 44               [ 4]  582 	ld	b, h
    000002A4 0A               [ 8]  583 	ld	a, (bc)
    000002A5 4F               [ 4]  584 	ld	c, a
    000002A6 B7               [ 4]  585 	or	a, a
    000002A7 28 15            [12]  586 	jr	Z, 00107$
    000002A9 F8 18            [12]  587 	ldhl	sp,	#24
    000002AB 7E               [ 8]  588 	ld	a, (hl)
    000002AC D6 0F            [ 8]  589 	sub	a, #0x0f
    000002AE 30 0E            [12]  590 	jr	NC, 00107$
                                    591 ;src/states/inventory_state.c:101: if (desc[start + len] == ' ')
    000002B0 79               [ 4]  592 	ld	a, c
    000002B1 D6 20            [ 8]  593 	sub	a, #0x20
    000002B3 20 04            [12]  594 	jr	NZ, 00103$
                                    595 ;src/states/inventory_state.c:102: last_space = len;
    000002B5 7E               [ 8]  596 	ld	a, (hl)
    000002B6 F8 13            [12]  597 	ldhl	sp,	#19
    000002B8 77               [ 8]  598 	ld	(hl), a
    000002B9                        599 00103$:
                                    600 ;src/states/inventory_state.c:103: len++;
    000002B9 F8 18            [12]  601 	ldhl	sp,	#24
    000002BB 34               [12]  602 	inc	(hl)
    000002BC 18 CB            [12]  603 	jr	00105$
    000002BE                        604 00107$:
                                    605 ;src/states/inventory_state.c:107: if (desc[start + len] == '\0') {
    000002BE 79               [ 4]  606 	ld	a, c
    000002BF B7               [ 4]  607 	or	a, a
    000002C0 20 2D            [12]  608 	jr	NZ, 00112$
                                    609 ;src/states/inventory_state.c:108: strncpy(line_buffer, &desc[start], len);
    000002C2 F8 14            [12]  610 	ldhl	sp,	#20
    000002C4 4E               [ 8]  611 	ld	c, (hl)
    000002C5 06 00            [ 8]  612 	ld	b, #0x00
    000002C7 C5               [16]  613 	push	bc
    000002C8 4B               [ 4]  614 	ld	c, e
    000002C9 42               [ 4]  615 	ld	b, d
    000002CA 21 02 00         [12]  616 	ld	hl, #2
    000002CD 39               [ 8]  617 	add	hl, sp
    000002CE 5D               [ 4]  618 	ld	e, l
    000002CF 54               [ 4]  619 	ld	d, h
    000002D0 CDr00r00         [24]  620 	call	_strncpy
                                    621 ;src/states/inventory_state.c:109: line_buffer[len] = '\0';
    000002D3 E5               [16]  622 	push	hl
    000002D4 21 02 00         [12]  623 	ld	hl, #2
    000002D7 39               [ 8]  624 	add	hl, sp
    000002D8 5D               [ 4]  625 	ld	e, l
    000002D9 54               [ 4]  626 	ld	d, h
    000002DA E1               [12]  627 	pop	hl
    000002DB F8 18            [12]  628 	ldhl	sp,	#24
    000002DD 6E               [ 8]  629 	ld	l, (hl)
    000002DE 26 00            [ 8]  630 	ld	h, #0x00
    000002E0 19               [ 8]  631 	add	hl, de
    000002E1 4D               [ 4]  632 	ld	c, l
    000002E2 44               [ 4]  633 	ld	b, h
    000002E3 AF               [ 4]  634 	xor	a, a
    000002E4 02               [ 8]  635 	ld	(bc), a
                                    636 ;src/states/inventory_state.c:110: start += len;
    000002E5 F8 16            [12]  637 	ldhl	sp,	#22
    000002E7 2A               [ 8]  638 	ld	a, (hl+)
    000002E8 23               [ 8]  639 	inc	hl
    000002E9 86               [ 8]  640 	add	a, (hl)
    000002EA 2B               [ 8]  641 	dec	hl
    000002EB 2B               [ 8]  642 	dec	hl
    000002EC 77               [ 8]  643 	ld	(hl), a
    000002ED 18 52            [12]  644 	jr	00113$
    000002EF                        645 00112$:
                                    646 ;src/states/inventory_state.c:116: start += (last_space + 1);
    000002EF F8 16            [12]  647 	ldhl	sp,	#22
    000002F1 2A               [ 8]  648 	ld	a, (hl+)
    000002F2 23               [ 8]  649 	inc	hl
    000002F3 77               [ 8]  650 	ld	(hl), a
                                    651 ;src/states/inventory_state.c:113: if (last_space > 0) {
    000002F4 F8 13            [12]  652 	ldhl	sp,	#19
    000002F6 7E               [ 8]  653 	ld	a, (hl)
    000002F7 B7               [ 4]  654 	or	a, a
    000002F8 28 2D            [12]  655 	jr	Z, 00109$
                                    656 ;src/states/inventory_state.c:114: strncpy(line_buffer, &desc[start], last_space);
    000002FA 4E               [ 8]  657 	ld	c, (hl)
    000002FB 06 00            [ 8]  658 	ld	b, #0x00
    000002FD C5               [16]  659 	push	bc
    000002FE 4B               [ 4]  660 	ld	c, e
    000002FF 42               [ 4]  661 	ld	b, d
    00000300 21 02 00         [12]  662 	ld	hl, #2
    00000303 39               [ 8]  663 	add	hl, sp
    00000304 5D               [ 4]  664 	ld	e, l
    00000305 54               [ 4]  665 	ld	d, h
    00000306 CDr00r00         [24]  666 	call	_strncpy
                                    667 ;src/states/inventory_state.c:115: line_buffer[last_space] = '\0';
    00000309 E5               [16]  668 	push	hl
    0000030A 21 02 00         [12]  669 	ld	hl, #2
    0000030D 39               [ 8]  670 	add	hl, sp
    0000030E 5D               [ 4]  671 	ld	e, l
    0000030F 54               [ 4]  672 	ld	d, h
    00000310 E1               [12]  673 	pop	hl
    00000311 F8 13            [12]  674 	ldhl	sp,	#19
    00000313 6E               [ 8]  675 	ld	l, (hl)
    00000314 26 00            [ 8]  676 	ld	h, #0x00
    00000316 19               [ 8]  677 	add	hl, de
    00000317 4D               [ 4]  678 	ld	c, l
    00000318 44               [ 4]  679 	ld	b, h
    00000319 AF               [ 4]  680 	xor	a, a
    0000031A 02               [ 8]  681 	ld	(bc), a
                                    682 ;src/states/inventory_state.c:116: start += (last_space + 1);
    0000031B F8 13            [12]  683 	ldhl	sp,	#19
    0000031D 7E               [ 8]  684 	ld	a, (hl)
    0000031E 3C               [ 4]  685 	inc	a
    0000031F F8 18            [12]  686 	ldhl	sp,	#24
    00000321 86               [ 8]  687 	add	a, (hl)
    00000322 2B               [ 8]  688 	dec	hl
    00000323 2B               [ 8]  689 	dec	hl
    00000324 77               [ 8]  690 	ld	(hl), a
    00000325 18 1A            [12]  691 	jr	00113$
    00000327                        692 00109$:
                                    693 ;src/states/inventory_state.c:119: strncpy(line_buffer, &desc[start], 15);
    00000327 01 0F 00         [12]  694 	ld	bc, #0x000f
    0000032A C5               [16]  695 	push	bc
    0000032B 4B               [ 4]  696 	ld	c, e
    0000032C 42               [ 4]  697 	ld	b, d
    0000032D 21 02 00         [12]  698 	ld	hl, #2
    00000330 39               [ 8]  699 	add	hl, sp
    00000331 5D               [ 4]  700 	ld	e, l
    00000332 54               [ 4]  701 	ld	d, h
    00000333 CDr00r00         [24]  702 	call	_strncpy
                                    703 ;src/states/inventory_state.c:120: line_buffer[15] = '\0';
    00000336 F8 0F            [12]  704 	ldhl	sp,	#15
    00000338 36 00            [12]  705 	ld	(hl), #0x00
                                    706 ;src/states/inventory_state.c:121: start += 15;
    0000033A F8 18            [12]  707 	ldhl	sp,	#24
    0000033C 3A               [ 8]  708 	ld	a, (hl-)
    0000033D 2B               [ 8]  709 	dec	hl
    0000033E C6 0F            [ 8]  710 	add	a, #0x0f
    00000340 77               [ 8]  711 	ld	(hl), a
    00000341                        712 00113$:
                                    713 ;src/states/inventory_state.c:124: draw_text(3, 14 + line, line_buffer);
    00000341 21 00 00         [12]  714 	ld	hl, #0
    00000344 39               [ 8]  715 	add	hl, sp
    00000345 4D               [ 4]  716 	ld	c, l
    00000346 44               [ 4]  717 	ld	b, h
    00000347 F8 17            [12]  718 	ldhl	sp,	#23
    00000349 7E               [ 8]  719 	ld	a, (hl)
    0000034A C6 0E            [ 8]  720 	add	a, #0x0e
    0000034C C5               [16]  721 	push	bc
    0000034D 5F               [ 4]  722 	ld	e, a
    0000034E 3E 03            [ 8]  723 	ld	a, #0x03
    00000350 CDr00r00         [24]  724 	call	_draw_text
                                    725 ;src/states/inventory_state.c:125: line++;
    00000353 F8 17            [12]  726 	ldhl	sp,	#23
    00000355 34               [12]  727 	inc	(hl)
    00000356 C3r67r02         [16]  728 	jp	00115$
    00000359                        729 00120$:
                                    730 ;src/states/inventory_state.c:129: draw_text(1, 17, "(B) VOLVER");
    00000359 11r7Cr03         [12]  731 	ld	de, #___str_4
    0000035C D5               [16]  732 	push	de
    0000035D 1E 11            [ 8]  733 	ld	e, #0x11
    0000035F 3E 01            [ 8]  734 	ld	a, #0x01
    00000361 CDr00r00         [24]  735 	call	_draw_text
                                    736 ;src/states/inventory_state.c:130: }
    00000364 E8 19            [16]  737 	add	sp, #25
    00000366 C9               [16]  738 	ret
    00000367                        739 ___str_0:
    00000367 49 4E 56 45 4E 54 41   740 	.ascii "INVENTARIO"
             52 49 4F
    00000371 00                     741 	.db 0x00
    00000372                        742 ___str_1:
    00000372 56 41 43 49 4F         743 	.ascii "VACIO"
    00000377 00                     744 	.db 0x00
    00000378                        745 ___str_2:
    00000378 3E                     746 	.ascii ">"
    00000379 00                     747 	.db 0x00
    0000037A                        748 ___str_3:
    0000037A 23                     749 	.ascii "#"
    0000037B 00                     750 	.db 0x00
    0000037C                        751 ___str_4:
    0000037C 28 42 29 20 56 4F 4C   752 	.ascii "(B) VOLVER"
             56 45 52
    00000386 00                     753 	.db 0x00
                                    754 ;src/states/inventory_state.c:132: void inventory_state_init(void) {
                                    755 ;	---------------------------------
                                    756 ; Function inventory_state_init
                                    757 ; ---------------------------------
    00000387                        758 _inventory_state_init::
                                    759 ;src/states/inventory_state.c:133: DISPLAY_OFF;
    00000387 CDr00r00         [24]  760 	call	_display_off
                                    761 ;src/states/inventory_state.c:134: BGP_REG = 0xE4;
    0000038A 3E E4            [ 8]  762 	ld	a, #0xe4
    0000038C E0r00            [12]  763 	ldh	(_BGP_REG + 0), a
                                    764 ;./gbdk/include/gb/gb.h:1461: SCX_REG=x, SCY_REG=y;
    0000038E AF               [ 4]  765 	xor	a, a
    0000038F E0r00            [12]  766 	ldh	(_SCX_REG + 0), a
    00000391 AF               [ 4]  767 	xor	a, a
    00000392 E0r00            [12]  768 	ldh	(_SCY_REG + 0), a
                                    769 ;src/states/inventory_state.c:138: set_bkg_data(128, 65, font_data);
    00000394 11r00r00         [12]  770 	ld	de, #_font_data
    00000397 D5               [16]  771 	push	de
    00000398 21 80 41         [12]  772 	ld	hl, #0x4180
    0000039B E5               [16]  773 	push	hl
    0000039C CDr00r00         [24]  774 	call	_set_bkg_data
    0000039F E8 04            [16]  775 	add	sp, #4
                                    776 ;src/states/inventory_state.c:140: selection = 0;
    000003A1 AF               [ 4]  777 	xor	a, a
    000003A2 EAr00r00         [16]  778 	ld	(#_selection),a
                                    779 ;src/states/inventory_state.c:141: inventory_draw();
    000003A5 CDrB2r01         [24]  780 	call	_inventory_draw
                                    781 ;src/states/inventory_state.c:143: HIDE_SPRITES;
    000003A8 F0r00            [12]  782 	ldh	a, (_LCDC_REG + 0)
    000003AA E6 FD            [ 8]  783 	and	a, #0xfd
    000003AC E0r00            [12]  784 	ldh	(_LCDC_REG + 0), a
                                    785 ;src/states/inventory_state.c:144: SHOW_BKG;
    000003AE F0r00            [12]  786 	ldh	a, (_LCDC_REG + 0)
    000003B0 F6 01            [ 8]  787 	or	a, #0x01
    000003B2 E0r00            [12]  788 	ldh	(_LCDC_REG + 0), a
                                    789 ;src/states/inventory_state.c:145: DISPLAY_ON;
    000003B4 F0r00            [12]  790 	ldh	a, (_LCDC_REG + 0)
    000003B6 F6 80            [ 8]  791 	or	a, #0x80
    000003B8 E0r00            [12]  792 	ldh	(_LCDC_REG + 0), a
                                    793 ;src/states/inventory_state.c:146: }
    000003BA C9               [16]  794 	ret
                                    795 ;src/states/inventory_state.c:148: void inventory_state_update(void) {
                                    796 ;	---------------------------------
                                    797 ; Function inventory_state_update
                                    798 ; ---------------------------------
    000003BB                        799 _inventory_state_update::
                                    800 ;src/states/inventory_state.c:149: if (inventory_count > 0) {
    000003BB FAr00r00         [16]  801 	ld	a, (#_inventory_count)
    000003BE B7               [ 4]  802 	or	a, a
    000003BF 28 47            [12]  803 	jr	Z, 00110$
                                    804 ;src/states/inventory_state.c:150: if (input_pressed(J_DOWN)) {
    000003C1 3E 08            [ 8]  805 	ld	a, #0x08
    000003C3 CDr00r00         [24]  806 	call	_input_pressed
    000003C6 B7               [ 4]  807 	or	a, a
    000003C7 28 2C            [12]  808 	jr	Z, 00104$
                                    809 ;src/states/inventory_state.c:151: if (selection < inventory_count - 1) {
    000003C9 FAr00r00         [16]  810 	ld	a, (_inventory_count)
    000003CC 06 00            [ 8]  811 	ld	b, #0x00
    000003CE 4F               [ 4]  812 	ld	c, a
    000003CF 0B               [ 8]  813 	dec	bc
    000003D0 FAr00r00         [16]  814 	ld	a, (_selection)
    000003D3 6F               [ 4]  815 	ld	l, a
    000003D4 26 00            [ 8]  816 	ld	h, #0x00
    000003D6 58               [ 4]  817 	ld	e, b
    000003D7 54               [ 4]  818 	ld	d, h
    000003D8 7D               [ 4]  819 	ld	a, l
    000003D9 91               [ 4]  820 	sub	a, c
    000003DA 7C               [ 4]  821 	ld	a, h
    000003DB 98               [ 4]  822 	sbc	a, b
    000003DC CB 7B            [ 8]  823 	bit	7, e
    000003DE 28 07            [12]  824 	jr	Z, 00157$
    000003E0 CB 7A            [ 8]  825 	bit	7, d
    000003E2 20 08            [12]  826 	jr	NZ, 00158$
    000003E4 BF               [ 4]  827 	cp	a, a
    000003E5 18 05            [12]  828 	jr	00158$
    000003E7                        829 00157$:
    000003E7 CB 7A            [ 8]  830 	bit	7, d
    000003E9 28 01            [12]  831 	jr	Z, 00158$
    000003EB 37               [ 4]  832 	scf
    000003EC                        833 00158$:
    000003EC 30 07            [12]  834 	jr	NC, 00104$
                                    835 ;src/states/inventory_state.c:152: selection++;
    000003EE 21r00r00         [12]  836 	ld	hl, #_selection
    000003F1 34               [12]  837 	inc	(hl)
                                    838 ;src/states/inventory_state.c:153: inventory_draw();
    000003F2 CDrB2r01         [24]  839 	call	_inventory_draw
    000003F5                        840 00104$:
                                    841 ;src/states/inventory_state.c:156: if (input_pressed(J_UP)) {
    000003F5 3E 04            [ 8]  842 	ld	a, #0x04
    000003F7 CDr00r00         [24]  843 	call	_input_pressed
    000003FA B7               [ 4]  844 	or	a, a
    000003FB 28 0B            [12]  845 	jr	Z, 00110$
                                    846 ;src/states/inventory_state.c:157: if (selection > 0) {
    000003FD 21r00r00         [12]  847 	ld	hl, #_selection
    00000400 7E               [ 8]  848 	ld	a, (hl)
    00000401 B7               [ 4]  849 	or	a, a
    00000402 28 04            [12]  850 	jr	Z, 00110$
                                    851 ;src/states/inventory_state.c:158: selection--;
    00000404 35               [12]  852 	dec	(hl)
                                    853 ;src/states/inventory_state.c:159: inventory_draw();
    00000405 CDrB2r01         [24]  854 	call	_inventory_draw
    00000408                        855 00110$:
                                    856 ;src/states/inventory_state.c:164: if (input_pressed(J_B)) {
    00000408 3E 20            [ 8]  857 	ld	a, #0x20
    0000040A CDr00r00         [24]  858 	call	_input_pressed
    0000040D B7               [ 4]  859 	or	a, a
    0000040E C8               [20]  860 	ret	Z
                                    861 ;src/states/inventory_state.c:165: game_state = STATE_GAME;
    0000040F 21r00r00         [12]  862 	ld	hl, #_game_state
    00000412 36 02            [12]  863 	ld	(hl), #0x02
                                    864 ;src/states/inventory_state.c:167: }
    00000414 C9               [16]  865 	ret
                                    866 	.area _CODE
                                    867 	.area _INITIALIZER
    00000000                        868 __xinit__selection:
    00000000 00                     869 	.db #0x00	; 0
                                    870 	.area _CABS (ABS)
