                                      1 ;--------------------------------------------------------
                                      2 ; File Created by SDCC : free open source ISO C Compiler
                                      3 ; Version 4.5.1 #15267 (Mac OS X ppc)
                                      4 ;--------------------------------------------------------
                                      5 	.module menu
                                      6 	
                                      7 ;--------------------------------------------------------
                                      8 ; Public variables in this module
                                      9 ;--------------------------------------------------------
                                     10 	.globl _menu_draw
                                     11 	.globl _get_tile_for_char
                                     12 	.globl _text_print
                                     13 	.globl _text_init
                                     14 	.globl _input_pressed
                                     15 	.globl _fade_in
                                     16 	.globl _fill_bkg_rect
                                     17 	.globl _set_bkg_tile_xy
                                     18 	.globl _display_off
                                     19 	.globl _menu_init
                                     20 	.globl _menu_update
                                     21 ;--------------------------------------------------------
                                     22 ; special function registers
                                     23 ;--------------------------------------------------------
                                     24 	.area _HRAM
                                     25 ;--------------------------------------------------------
                                     26 ; ram data
                                     27 ;--------------------------------------------------------
                                     28 	.area _DATA
                                     29 ;--------------------------------------------------------
                                     30 ; ram data
                                     31 ;--------------------------------------------------------
                                     32 	.area _INITIALIZED
    00000000                         33 _selection:
    00000000                         34 	.ds 1
                                     35 ;--------------------------------------------------------
                                     36 ; absolute external ram data
                                     37 ;--------------------------------------------------------
                                     38 	.area _DABS (ABS)
                                     39 ;--------------------------------------------------------
                                     40 ; global & static initialisations
                                     41 ;--------------------------------------------------------
                                     42 	.area _HOME
                                     43 	.area _GSINIT
                                     44 	.area _GSFINAL
                                     45 	.area _GSINIT
                                     46 ;--------------------------------------------------------
                                     47 ; Home
                                     48 ;--------------------------------------------------------
                                     49 	.area _HOME
                                     50 	.area _HOME
                                     51 ;--------------------------------------------------------
                                     52 ; code
                                     53 ;--------------------------------------------------------
                                     54 	.area _CODE
                                     55 ;src/states/menu.c:16: void menu_draw(void) {
                                     56 ;	---------------------------------
                                     57 ; Function menu_draw
                                     58 ; ---------------------------------
    00000000                         59 _menu_draw::
                                     60 ;src/states/menu.c:18: fill_bkg_rect(0, 0, 20, 18, 128 + 0);
    00000000 21 12 80         [12]   61 	ld	hl, #0x8012
    00000003 E5               [16]   62 	push	hl
    00000004 3E 14            [ 8]   63 	ld	a, #0x14
    00000006 F5               [16]   64 	push	af
    00000007 33               [ 8]   65 	inc	sp
    00000008 AF               [ 4]   66 	xor	a, a
    00000009 0F               [ 4]   67 	rrca
    0000000A F5               [16]   68 	push	af
    0000000B CDr00r00         [24]   69 	call	_fill_bkg_rect
    0000000E E8 05            [16]   70 	add	sp, #5
                                     71 ;src/states/menu.c:21: text_print(4, 4, "SECRET LIFE");
    00000010 11r45r00         [12]   72 	ld	de, #___str_0
    00000013 D5               [16]   73 	push	de
    00000014 3E 04            [ 8]   74 	ld	a,#0x04
    00000016 5F               [ 4]   75 	ld	e,a
    00000017 CDr00r00         [24]   76 	call	_text_print
                                     77 ;src/states/menu.c:24: text_print(7, 8, "START");
    0000001A 11r51r00         [12]   78 	ld	de, #___str_1
    0000001D D5               [16]   79 	push	de
    0000001E 1E 08            [ 8]   80 	ld	e, #0x08
    00000020 3E 07            [ 8]   81 	ld	a, #0x07
    00000022 CDr00r00         [24]   82 	call	_text_print
                                     83 ;src/states/menu.c:25: text_print(7, 10, "ABOUT");
    00000025 11r57r00         [12]   84 	ld	de, #___str_2
    00000028 D5               [16]   85 	push	de
    00000029 1E 0A            [ 8]   86 	ld	e, #0x0a
    0000002B 3E 07            [ 8]   87 	ld	a, #0x07
    0000002D CDr00r00         [24]   88 	call	_text_print
                                     89 ;src/states/menu.c:28: set_bkg_tile_xy(5, 8 + (selection * 2), get_tile_for_char('>'));
    00000030 3E 3E            [ 8]   90 	ld	a, #0x3e
    00000032 CDr00r00         [24]   91 	call	_get_tile_for_char
    00000035 47               [ 4]   92 	ld	b, a
    00000036 FAr00r00         [16]   93 	ld	a, (_selection)
    00000039 87               [ 4]   94 	add	a, a
    0000003A C6 08            [ 8]   95 	add	a, #0x08
    0000003C C5               [16]   96 	push	bc
    0000003D 33               [ 8]   97 	inc	sp
    0000003E 5F               [ 4]   98 	ld	e, a
    0000003F 3E 05            [ 8]   99 	ld	a, #0x05
    00000041 CDr00r00         [24]  100 	call	_set_bkg_tile_xy
                                    101 ;src/states/menu.c:29: }
    00000044 C9               [16]  102 	ret
    00000045                        103 ___str_0:
    00000045 53 45 43 52 45 54 20   104 	.ascii "SECRET LIFE"
             4C 49 46 45
    00000050 00                     105 	.db 0x00
    00000051                        106 ___str_1:
    00000051 53 54 41 52 54         107 	.ascii "START"
    00000056 00                     108 	.db 0x00
    00000057                        109 ___str_2:
    00000057 41 42 4F 55 54         110 	.ascii "ABOUT"
    0000005C 00                     111 	.db 0x00
                                    112 ;src/states/menu.c:31: void menu_init(void) {
                                    113 ;	---------------------------------
                                    114 ; Function menu_init
                                    115 ; ---------------------------------
    0000005D                        116 _menu_init::
                                    117 ;src/states/menu.c:32: DISPLAY_OFF;
    0000005D CDr00r00         [24]  118 	call	_display_off
                                    119 ;src/states/menu.c:33: BGP_REG = 0xE4;
    00000060 3E E4            [ 8]  120 	ld	a, #0xe4
    00000062 E0r00            [12]  121 	ldh	(_BGP_REG + 0), a
                                    122 ;./gbdk/include/gb/gb.h:1461: SCX_REG=x, SCY_REG=y;
    00000064 AF               [ 4]  123 	xor	a, a
    00000065 E0r00            [12]  124 	ldh	(_SCX_REG + 0), a
    00000067 AF               [ 4]  125 	xor	a, a
    00000068 E0r00            [12]  126 	ldh	(_SCY_REG + 0), a
                                    127 ;src/states/menu.c:37: HIDE_SPRITES;
    0000006A F0r00            [12]  128 	ldh	a, (_LCDC_REG + 0)
    0000006C E6 FD            [ 8]  129 	and	a, #0xfd
    0000006E E0r00            [12]  130 	ldh	(_LCDC_REG + 0), a
                                    131 ;src/states/menu.c:40: text_init();
    00000070 CDr00r00         [24]  132 	call	_text_init
                                    133 ;src/states/menu.c:42: menu_draw();
    00000073 CDr00r00         [24]  134 	call	_menu_draw
                                    135 ;src/states/menu.c:44: SHOW_BKG;
    00000076 F0r00            [12]  136 	ldh	a, (_LCDC_REG + 0)
    00000078 F6 01            [ 8]  137 	or	a, #0x01
    0000007A E0r00            [12]  138 	ldh	(_LCDC_REG + 0), a
                                    139 ;src/states/menu.c:45: DISPLAY_ON;
    0000007C F0r00            [12]  140 	ldh	a, (_LCDC_REG + 0)
    0000007E F6 80            [ 8]  141 	or	a, #0x80
    00000080 E0r00            [12]  142 	ldh	(_LCDC_REG + 0), a
                                    143 ;src/states/menu.c:46: fade_in();
                                    144 ;src/states/menu.c:47: }
    00000082 C3r00r00         [16]  145 	jp	_fade_in
                                    146 ;src/states/menu.c:49: void menu_update(void) {
                                    147 ;	---------------------------------
                                    148 ; Function menu_update
                                    149 ; ---------------------------------
    00000085                        150 _menu_update::
                                    151 ;src/states/menu.c:50: if (input_pressed(J_DOWN | J_UP)) {
    00000085 3E 0C            [ 8]  152 	ld	a, #0x0c
    00000087 CDr00r00         [24]  153 	call	_input_pressed
    0000008A B7               [ 4]  154 	or	a, a
    0000008B 28 0D            [12]  155 	jr	Z, 00102$
                                    156 ;src/states/menu.c:51: selection = 1 - selection;
    0000008D FAr00r00         [16]  157 	ld	a, (_selection)
    00000090 4F               [ 4]  158 	ld	c, a
    00000091 3E 01            [ 8]  159 	ld	a, #0x01
    00000093 91               [ 4]  160 	sub	a, c
    00000094 EAr00r00         [16]  161 	ld	(#_selection),a
                                    162 ;src/states/menu.c:52: menu_draw();
    00000097 CDr00r00         [24]  163 	call	_menu_draw
    0000009A                        164 00102$:
                                    165 ;src/states/menu.c:55: if (input_pressed(J_START | J_A)) {
    0000009A 3E 90            [ 8]  166 	ld	a, #0x90
    0000009C CDr00r00         [24]  167 	call	_input_pressed
    0000009F B7               [ 4]  168 	or	a, a
    000000A0 C8               [20]  169 	ret	Z
                                    170 ;src/states/menu.c:56: if (selection == 0) {
    000000A1 FAr00r00         [16]  171 	ld	a, (#_selection)
    000000A4 B7               [ 4]  172 	or	a, a
    000000A5 C0               [20]  173 	ret	NZ
                                    174 ;src/states/menu.c:57: game_state = STATE_GAME;
    000000A6 21r00r00         [12]  175 	ld	hl, #_game_state
    000000A9 36 02            [12]  176 	ld	(hl), #0x02
                                    177 ;src/states/menu.c:61: }
    000000AB C9               [16]  178 	ret
                                    179 	.area _CODE
                                    180 	.area _INITIALIZER
    00000000                        181 __xinit__selection:
    00000000 00                     182 	.db #0x00	; 0
                                    183 	.area _CABS (ABS)
