                                      1 ;--------------------------------------------------------
                                      2 ; File Created by SDCC : free open source ISO C Compiler
                                      3 ; Version 4.5.1 #15267 (Mac OS X ppc)
                                      4 ;--------------------------------------------------------
                                      5 	.module assets_Part2
                                      6 	
                                      7 ;--------------------------------------------------------
                                      8 ; Public variables in this module
                                      9 ;--------------------------------------------------------
                                     10 	.globl _level3_map
                                     11 	.globl _projectile_sprite
                                     12 	.globl _npc_oldman_sprite
                                     13 	.globl _npc_woman_sprite
                                     14 ;--------------------------------------------------------
                                     15 ; special function registers
                                     16 ;--------------------------------------------------------
                                     17 	.area _HRAM
                                     18 ;--------------------------------------------------------
                                     19 ; ram data
                                     20 ;--------------------------------------------------------
                                     21 	.area _DATA
                                     22 ;--------------------------------------------------------
                                     23 ; ram data
                                     24 ;--------------------------------------------------------
                                     25 	.area _INITIALIZED
                                     26 ;--------------------------------------------------------
                                     27 ; absolute external ram data
                                     28 ;--------------------------------------------------------
                                     29 	.area _DABS (ABS)
                                     30 ;--------------------------------------------------------
                                     31 ; global & static initialisations
                                     32 ;--------------------------------------------------------
                                     33 	.area _HOME
                                     34 	.area _GSINIT
                                     35 	.area _GSFINAL
                                     36 	.area _GSINIT
                                     37 ;--------------------------------------------------------
                                     38 ; Home
                                     39 ;--------------------------------------------------------
                                     40 	.area _HOME
                                     41 	.area _HOME
                                     42 ;--------------------------------------------------------
                                     43 ; code
                                     44 ;--------------------------------------------------------
                                     45 	.area _CODE
                                     46 	.area _CODE
    00000000                         47 _npc_woman_sprite:
    00000000 0F                      48 	.db #0x0f	; 15
    00000001 0F                      49 	.db #0x0f	; 15
    00000002 10                      50 	.db #0x10	; 16
    00000003 1F                      51 	.db #0x1f	; 31
    00000004 20                      52 	.db #0x20	; 32
    00000005 3F                      53 	.db #0x3f	; 63
    00000006 43                      54 	.db #0x43	; 67	'C'
    00000007 7C                      55 	.db #0x7c	; 124
    00000008 4F                      56 	.db #0x4f	; 79	'O'
    00000009 70                      57 	.db #0x70	; 112	'p'
    0000000A 4F                      58 	.db #0x4f	; 79	'O'
    0000000B 72                      59 	.db #0x72	; 114	'r'
    0000000C 4F                      60 	.db #0x4f	; 79	'O'
    0000000D 70                      61 	.db #0x70	; 112	'p'
    0000000E 27                      62 	.db #0x27	; 39
    0000000F 39                      63 	.db #0x39	; 57	'9'
    00000010 F0                      64 	.db #0xf0	; 240
    00000011 F0                      65 	.db #0xf0	; 240
    00000012 08                      66 	.db #0x08	; 8
    00000013 F8                      67 	.db #0xf8	; 248
    00000014 04                      68 	.db #0x04	; 4
    00000015 FC                      69 	.db #0xfc	; 252
    00000016 C2                      70 	.db #0xc2	; 194
    00000017 3E                      71 	.db #0x3e	; 62
    00000018 F2                      72 	.db #0xf2	; 242
    00000019 0E                      73 	.db #0x0e	; 14
    0000001A F2                      74 	.db #0xf2	; 242
    0000001B 4E                      75 	.db #0x4e	; 78	'N'
    0000001C F2                      76 	.db #0xf2	; 242
    0000001D 0E                      77 	.db #0x0e	; 14
    0000001E E4                      78 	.db #0xe4	; 228
    0000001F 9C                      79 	.db #0x9c	; 156
    00000020 10                      80 	.db #0x10	; 16
    00000021 1F                      81 	.db #0x1f	; 31
    00000022 04                      82 	.db #0x04	; 4
    00000023 07                      83 	.db #0x07	; 7
    00000024 08                      84 	.db #0x08	; 8
    00000025 0F                      85 	.db #0x0f	; 15
    00000026 10                      86 	.db #0x10	; 16
    00000027 1F                      87 	.db #0x1f	; 31
    00000028 20                      88 	.db #0x20	; 32
    00000029 3F                      89 	.db #0x3f	; 63
    0000002A 20                      90 	.db #0x20	; 32
    0000002B 3F                      91 	.db #0x3f	; 63
    0000002C 10                      92 	.db #0x10	; 16
    0000002D 1E                      93 	.db #0x1e	; 30
    0000002E 00                      94 	.db #0x00	; 0
    0000002F 0C                      95 	.db #0x0c	; 12
    00000030 08                      96 	.db #0x08	; 8
    00000031 F8                      97 	.db #0xf8	; 248
    00000032 40                      98 	.db #0x40	; 64
    00000033 E0                      99 	.db #0xe0	; 224
    00000034 10                     100 	.db #0x10	; 16
    00000035 F0                     101 	.db #0xf0	; 240
    00000036 08                     102 	.db #0x08	; 8
    00000037 F8                     103 	.db #0xf8	; 248
    00000038 04                     104 	.db #0x04	; 4
    00000039 FC                     105 	.db #0xfc	; 252
    0000003A 04                     106 	.db #0x04	; 4
    0000003B FC                     107 	.db #0xfc	; 252
    0000003C 08                     108 	.db #0x08	; 8
    0000003D 78                     109 	.db #0x78	; 120	'x'
    0000003E 00                     110 	.db #0x00	; 0
    0000003F 30                     111 	.db #0x30	; 48	'0'
    00000040                        112 _npc_oldman_sprite:
    00000040 1C                     113 	.db #0x1c	; 28
    00000041 1C                     114 	.db #0x1c	; 28
    00000042 22                     115 	.db #0x22	; 34
    00000043 3E                     116 	.db #0x3e	; 62
    00000044 41                     117 	.db #0x41	; 65	'A'
    00000045 7F                     118 	.db #0x7f	; 127
    00000046 41                     119 	.db #0x41	; 65	'A'
    00000047 7F                     120 	.db #0x7f	; 127
    00000048 41                     121 	.db #0x41	; 65	'A'
    00000049 7F                     122 	.db #0x7f	; 127
    0000004A 22                     123 	.db #0x22	; 34
    0000004B 3E                     124 	.db #0x3e	; 62
    0000004C 1C                     125 	.db #0x1c	; 28
    0000004D 1C                     126 	.db #0x1c	; 28
    0000004E 08                     127 	.db #0x08	; 8
    0000004F 08                     128 	.db #0x08	; 8
    00000050 0C                     129 	.db #0x0c	; 12
    00000051 0C                     130 	.db #0x0c	; 12
    00000052 0C                     131 	.db #0x0c	; 12
    00000053 0C                     132 	.db #0x0c	; 12
    00000054 0C                     133 	.db #0x0c	; 12
    00000055 0C                     134 	.db #0x0c	; 12
    00000056 0C                     135 	.db #0x0c	; 12
    00000057 0C                     136 	.db #0x0c	; 12
    00000058 0C                     137 	.db #0x0c	; 12
    00000059 0C                     138 	.db #0x0c	; 12
    0000005A 0C                     139 	.db #0x0c	; 12
    0000005B 0C                     140 	.db #0x0c	; 12
    0000005C 0C                     141 	.db #0x0c	; 12
    0000005D 0C                     142 	.db #0x0c	; 12
    0000005E 0C                     143 	.db #0x0c	; 12
    0000005F 0C                     144 	.db #0x0c	; 12
    00000060 1C                     145 	.db #0x1c	; 28
    00000061 1C                     146 	.db #0x1c	; 28
    00000062 3E                     147 	.db #0x3e	; 62
    00000063 3E                     148 	.db #0x3e	; 62
    00000064 7F                     149 	.db #0x7f	; 127
    00000065 7F                     150 	.db #0x7f	; 127
    00000066 7F                     151 	.db #0x7f	; 127
    00000067 7F                     152 	.db #0x7f	; 127
    00000068 7F                     153 	.db #0x7f	; 127
    00000069 7F                     154 	.db #0x7f	; 127
    0000006A 3E                     155 	.db #0x3e	; 62
    0000006B 3E                     156 	.db #0x3e	; 62
    0000006C 1C                     157 	.db #0x1c	; 28
    0000006D 1C                     158 	.db #0x1c	; 28
    0000006E 08                     159 	.db #0x08	; 8
    0000006F 08                     160 	.db #0x08	; 8
    00000070 0C                     161 	.db #0x0c	; 12
    00000071 0C                     162 	.db #0x0c	; 12
    00000072 0C                     163 	.db #0x0c	; 12
    00000073 0C                     164 	.db #0x0c	; 12
    00000074 0C                     165 	.db #0x0c	; 12
    00000075 0C                     166 	.db #0x0c	; 12
    00000076 0C                     167 	.db #0x0c	; 12
    00000077 0C                     168 	.db #0x0c	; 12
    00000078 0C                     169 	.db #0x0c	; 12
    00000079 0C                     170 	.db #0x0c	; 12
    0000007A 0C                     171 	.db #0x0c	; 12
    0000007B 0C                     172 	.db #0x0c	; 12
    0000007C 0C                     173 	.db #0x0c	; 12
    0000007D 0C                     174 	.db #0x0c	; 12
    0000007E 0C                     175 	.db #0x0c	; 12
    0000007F 0C                     176 	.db #0x0c	; 12
    00000080                        177 _projectile_sprite:
    00000080 18                     178 	.db #0x18	; 24
    00000081 00                     179 	.db #0x00	; 0
    00000082 24                     180 	.db #0x24	; 36
    00000083 18                     181 	.db #0x18	; 24
    00000084 5A                     182 	.db #0x5a	; 90	'Z'
    00000085 3C                     183 	.db #0x3c	; 60
    00000086 BD                     184 	.db #0xbd	; 189
    00000087 7E                     185 	.db #0x7e	; 126
    00000088 BD                     186 	.db #0xbd	; 189
    00000089 7E                     187 	.db #0x7e	; 126
    0000008A 5A                     188 	.db #0x5a	; 90	'Z'
    0000008B 3C                     189 	.db #0x3c	; 60
    0000008C 24                     190 	.db #0x24	; 36
    0000008D 18                     191 	.db #0x18	; 24
    0000008E 18                     192 	.db #0x18	; 24
    0000008F 00                     193 	.db #0x00	; 0
    00000090                        194 _level3_map:
    00000090 01                     195 	.db #0x01	; 1
    00000091 01                     196 	.db #0x01	; 1
    00000092 01                     197 	.db #0x01	; 1
    00000093 01                     198 	.db #0x01	; 1
    00000094 01                     199 	.db #0x01	; 1
    00000095 01                     200 	.db #0x01	; 1
    00000096 01                     201 	.db #0x01	; 1
    00000097 01                     202 	.db #0x01	; 1
    00000098 01                     203 	.db #0x01	; 1
    00000099 01                     204 	.db #0x01	; 1
    0000009A 01                     205 	.db #0x01	; 1
    0000009B 01                     206 	.db #0x01	; 1
    0000009C 01                     207 	.db #0x01	; 1
    0000009D 01                     208 	.db #0x01	; 1
    0000009E 01                     209 	.db #0x01	; 1
    0000009F 00                     210 	.db #0x00	; 0
    000000A0 00                     211 	.db #0x00	; 0
    000000A1 01                     212 	.db #0x01	; 1
    000000A2 01                     213 	.db #0x01	; 1
    000000A3 01                     214 	.db #0x01	; 1
    000000A4 01                     215 	.db #0x01	; 1
    000000A5 01                     216 	.db #0x01	; 1
    000000A6 01                     217 	.db #0x01	; 1
    000000A7 01                     218 	.db #0x01	; 1
    000000A8 01                     219 	.db #0x01	; 1
    000000A9 01                     220 	.db #0x01	; 1
    000000AA 01                     221 	.db #0x01	; 1
    000000AB 01                     222 	.db #0x01	; 1
    000000AC 01                     223 	.db #0x01	; 1
    000000AD 01                     224 	.db #0x01	; 1
    000000AE 01                     225 	.db #0x01	; 1
    000000AF 01                     226 	.db #0x01	; 1
    000000B0 01                     227 	.db #0x01	; 1
    000000B1 03                     228 	.db #0x03	; 3
    000000B2 04                     229 	.db #0x04	; 4
    000000B3 05                     230 	.db #0x05	; 5
    000000B4 03                     231 	.db #0x03	; 3
    000000B5 04                     232 	.db #0x04	; 4
    000000B6 05                     233 	.db #0x05	; 5
    000000B7 03                     234 	.db #0x03	; 3
    000000B8 02                     235 	.db #0x02	; 2
    000000B9 02                     236 	.db #0x02	; 2
    000000BA 02                     237 	.db #0x02	; 2
    000000BB 02                     238 	.db #0x02	; 2
    000000BC 02                     239 	.db #0x02	; 2
    000000BD 02                     240 	.db #0x02	; 2
    000000BE 02                     241 	.db #0x02	; 2
    000000BF 00                     242 	.db #0x00	; 0
    000000C0 00                     243 	.db #0x00	; 0
    000000C1 02                     244 	.db #0x02	; 2
    000000C2 02                     245 	.db #0x02	; 2
    000000C3 02                     246 	.db #0x02	; 2
    000000C4 02                     247 	.db #0x02	; 2
    000000C5 02                     248 	.db #0x02	; 2
    000000C6 02                     249 	.db #0x02	; 2
    000000C7 02                     250 	.db #0x02	; 2
    000000C8 03                     251 	.db #0x03	; 3
    000000C9 04                     252 	.db #0x04	; 4
    000000CA 05                     253 	.db #0x05	; 5
    000000CB 03                     254 	.db #0x03	; 3
    000000CC 04                     255 	.db #0x04	; 4
    000000CD 05                     256 	.db #0x05	; 5
    000000CE 03                     257 	.db #0x03	; 3
    000000CF 01                     258 	.db #0x01	; 1
    000000D0 01                     259 	.db #0x01	; 1
    000000D1 02                     260 	.db #0x02	; 2
    000000D2 02                     261 	.db #0x02	; 2
    000000D3 02                     262 	.db #0x02	; 2
    000000D4 02                     263 	.db #0x02	; 2
    000000D5 02                     264 	.db #0x02	; 2
    000000D6 02                     265 	.db #0x02	; 2
    000000D7 02                     266 	.db #0x02	; 2
    000000D8 02                     267 	.db #0x02	; 2
    000000D9 02                     268 	.db #0x02	; 2
    000000DA 02                     269 	.db #0x02	; 2
    000000DB 02                     270 	.db #0x02	; 2
    000000DC 02                     271 	.db #0x02	; 2
    000000DD 02                     272 	.db #0x02	; 2
    000000DE 02                     273 	.db #0x02	; 2
    000000DF 00                     274 	.db #0x00	; 0
    000000E0 00                     275 	.db #0x00	; 0
    000000E1 02                     276 	.db #0x02	; 2
    000000E2 02                     277 	.db #0x02	; 2
    000000E3 02                     278 	.db #0x02	; 2
    000000E4 02                     279 	.db #0x02	; 2
    000000E5 02                     280 	.db #0x02	; 2
    000000E6 02                     281 	.db #0x02	; 2
    000000E7 02                     282 	.db #0x02	; 2
    000000E8 02                     283 	.db #0x02	; 2
    000000E9 02                     284 	.db #0x02	; 2
    000000EA 02                     285 	.db #0x02	; 2
    000000EB 02                     286 	.db #0x02	; 2
    000000EC 02                     287 	.db #0x02	; 2
    000000ED 02                     288 	.db #0x02	; 2
    000000EE 02                     289 	.db #0x02	; 2
    000000EF 01                     290 	.db #0x01	; 1
    000000F0 01                     291 	.db #0x01	; 1
    000000F1 02                     292 	.db #0x02	; 2
    000000F2 06                     293 	.db #0x06	; 6
    000000F3 0C                     294 	.db #0x0c	; 12
    000000F4 02                     295 	.db #0x02	; 2
    000000F5 06                     296 	.db #0x06	; 6
    000000F6 0C                     297 	.db #0x0c	; 12
    000000F7 02                     298 	.db #0x02	; 2
    000000F8 02                     299 	.db #0x02	; 2
    000000F9 02                     300 	.db #0x02	; 2
    000000FA 02                     301 	.db #0x02	; 2
    000000FB 02                     302 	.db #0x02	; 2
    000000FC 02                     303 	.db #0x02	; 2
    000000FD 02                     304 	.db #0x02	; 2
    000000FE 02                     305 	.db #0x02	; 2
    000000FF 00                     306 	.db #0x00	; 0
    00000100 00                     307 	.db #0x00	; 0
    00000101 02                     308 	.db #0x02	; 2
    00000102 02                     309 	.db #0x02	; 2
    00000103 02                     310 	.db #0x02	; 2
    00000104 02                     311 	.db #0x02	; 2
    00000105 02                     312 	.db #0x02	; 2
    00000106 02                     313 	.db #0x02	; 2
    00000107 02                     314 	.db #0x02	; 2
    00000108 02                     315 	.db #0x02	; 2
    00000109 06                     316 	.db #0x06	; 6
    0000010A 0C                     317 	.db #0x0c	; 12
    0000010B 02                     318 	.db #0x02	; 2
    0000010C 06                     319 	.db #0x06	; 6
    0000010D 0C                     320 	.db #0x0c	; 12
    0000010E 02                     321 	.db #0x02	; 2
    0000010F 01                     322 	.db #0x01	; 1
    00000110 01                     323 	.db #0x01	; 1
    00000111 02                     324 	.db #0x02	; 2
    00000112 07                     325 	.db #0x07	; 7
    00000113 08                     326 	.db #0x08	; 8
    00000114 02                     327 	.db #0x02	; 2
    00000115 07                     328 	.db #0x07	; 7
    00000116 08                     329 	.db #0x08	; 8
    00000117 02                     330 	.db #0x02	; 2
    00000118 02                     331 	.db #0x02	; 2
    00000119 02                     332 	.db #0x02	; 2
    0000011A 02                     333 	.db #0x02	; 2
    0000011B 02                     334 	.db #0x02	; 2
    0000011C 02                     335 	.db #0x02	; 2
    0000011D 02                     336 	.db #0x02	; 2
    0000011E 02                     337 	.db #0x02	; 2
    0000011F 00                     338 	.db #0x00	; 0
    00000120 00                     339 	.db #0x00	; 0
    00000121 02                     340 	.db #0x02	; 2
    00000122 02                     341 	.db #0x02	; 2
    00000123 02                     342 	.db #0x02	; 2
    00000124 02                     343 	.db #0x02	; 2
    00000125 02                     344 	.db #0x02	; 2
    00000126 02                     345 	.db #0x02	; 2
    00000127 02                     346 	.db #0x02	; 2
    00000128 02                     347 	.db #0x02	; 2
    00000129 07                     348 	.db #0x07	; 7
    0000012A 08                     349 	.db #0x08	; 8
    0000012B 02                     350 	.db #0x02	; 2
    0000012C 07                     351 	.db #0x07	; 7
    0000012D 08                     352 	.db #0x08	; 8
    0000012E 02                     353 	.db #0x02	; 2
    0000012F 01                     354 	.db #0x01	; 1
    00000130 01                     355 	.db #0x01	; 1
    00000131 00                     356 	.db #0x00	; 0
    00000132 00                     357 	.db #0x00	; 0
    00000133 00                     358 	.db #0x00	; 0
    00000134 00                     359 	.db #0x00	; 0
    00000135 00                     360 	.db #0x00	; 0
    00000136 00                     361 	.db #0x00	; 0
    00000137 00                     362 	.db #0x00	; 0
    00000138 00                     363 	.db #0x00	; 0
    00000139 00                     364 	.db #0x00	; 0
    0000013A 00                     365 	.db #0x00	; 0
    0000013B 00                     366 	.db #0x00	; 0
    0000013C 00                     367 	.db #0x00	; 0
    0000013D 00                     368 	.db #0x00	; 0
    0000013E 00                     369 	.db #0x00	; 0
    0000013F 00                     370 	.db #0x00	; 0
    00000140 00                     371 	.db #0x00	; 0
    00000141 00                     372 	.db #0x00	; 0
    00000142 00                     373 	.db #0x00	; 0
    00000143 00                     374 	.db #0x00	; 0
    00000144 00                     375 	.db #0x00	; 0
    00000145 00                     376 	.db #0x00	; 0
    00000146 00                     377 	.db #0x00	; 0
    00000147 00                     378 	.db #0x00	; 0
    00000148 00                     379 	.db #0x00	; 0
    00000149 00                     380 	.db #0x00	; 0
    0000014A 00                     381 	.db #0x00	; 0
    0000014B 00                     382 	.db #0x00	; 0
    0000014C 00                     383 	.db #0x00	; 0
    0000014D 00                     384 	.db #0x00	; 0
    0000014E 00                     385 	.db #0x00	; 0
    0000014F 01                     386 	.db #0x01	; 1
    00000150 01                     387 	.db #0x01	; 1
    00000151 02                     388 	.db #0x02	; 2
    00000152 02                     389 	.db #0x02	; 2
    00000153 02                     390 	.db #0x02	; 2
    00000154 02                     391 	.db #0x02	; 2
    00000155 02                     392 	.db #0x02	; 2
    00000156 02                     393 	.db #0x02	; 2
    00000157 02                     394 	.db #0x02	; 2
    00000158 02                     395 	.db #0x02	; 2
    00000159 02                     396 	.db #0x02	; 2
    0000015A 02                     397 	.db #0x02	; 2
    0000015B 02                     398 	.db #0x02	; 2
    0000015C 02                     399 	.db #0x02	; 2
    0000015D 02                     400 	.db #0x02	; 2
    0000015E 02                     401 	.db #0x02	; 2
    0000015F 00                     402 	.db #0x00	; 0
    00000160 00                     403 	.db #0x00	; 0
    00000161 02                     404 	.db #0x02	; 2
    00000162 02                     405 	.db #0x02	; 2
    00000163 02                     406 	.db #0x02	; 2
    00000164 02                     407 	.db #0x02	; 2
    00000165 02                     408 	.db #0x02	; 2
    00000166 02                     409 	.db #0x02	; 2
    00000167 02                     410 	.db #0x02	; 2
    00000168 02                     411 	.db #0x02	; 2
    00000169 02                     412 	.db #0x02	; 2
    0000016A 02                     413 	.db #0x02	; 2
    0000016B 02                     414 	.db #0x02	; 2
    0000016C 02                     415 	.db #0x02	; 2
    0000016D 02                     416 	.db #0x02	; 2
    0000016E 02                     417 	.db #0x02	; 2
    0000016F 01                     418 	.db #0x01	; 1
    00000170 01                     419 	.db #0x01	; 1
    00000171 02                     420 	.db #0x02	; 2
    00000172 06                     421 	.db #0x06	; 6
    00000173 0C                     422 	.db #0x0c	; 12
    00000174 02                     423 	.db #0x02	; 2
    00000175 06                     424 	.db #0x06	; 6
    00000176 0C                     425 	.db #0x0c	; 12
    00000177 02                     426 	.db #0x02	; 2
    00000178 02                     427 	.db #0x02	; 2
    00000179 02                     428 	.db #0x02	; 2
    0000017A 03                     429 	.db #0x03	; 3
    0000017B 03                     430 	.db #0x03	; 3
    0000017C 02                     431 	.db #0x02	; 2
    0000017D 02                     432 	.db #0x02	; 2
    0000017E 02                     433 	.db #0x02	; 2
    0000017F 00                     434 	.db #0x00	; 0
    00000180 00                     435 	.db #0x00	; 0
    00000181 02                     436 	.db #0x02	; 2
    00000182 02                     437 	.db #0x02	; 2
    00000183 02                     438 	.db #0x02	; 2
    00000184 03                     439 	.db #0x03	; 3
    00000185 03                     440 	.db #0x03	; 3
    00000186 02                     441 	.db #0x02	; 2
    00000187 02                     442 	.db #0x02	; 2
    00000188 02                     443 	.db #0x02	; 2
    00000189 06                     444 	.db #0x06	; 6
    0000018A 0C                     445 	.db #0x0c	; 12
    0000018B 02                     446 	.db #0x02	; 2
    0000018C 06                     447 	.db #0x06	; 6
    0000018D 0C                     448 	.db #0x0c	; 12
    0000018E 02                     449 	.db #0x02	; 2
    0000018F 01                     450 	.db #0x01	; 1
    00000190 01                     451 	.db #0x01	; 1
    00000191 02                     452 	.db #0x02	; 2
    00000192 07                     453 	.db #0x07	; 7
    00000193 08                     454 	.db #0x08	; 8
    00000194 02                     455 	.db #0x02	; 2
    00000195 07                     456 	.db #0x07	; 7
    00000196 08                     457 	.db #0x08	; 8
    00000197 02                     458 	.db #0x02	; 2
    00000198 02                     459 	.db #0x02	; 2
    00000199 02                     460 	.db #0x02	; 2
    0000019A 04                     461 	.db #0x04	; 4
    0000019B 05                     462 	.db #0x05	; 5
    0000019C 02                     463 	.db #0x02	; 2
    0000019D 02                     464 	.db #0x02	; 2
    0000019E 02                     465 	.db #0x02	; 2
    0000019F 00                     466 	.db #0x00	; 0
    000001A0 00                     467 	.db #0x00	; 0
    000001A1 02                     468 	.db #0x02	; 2
    000001A2 02                     469 	.db #0x02	; 2
    000001A3 02                     470 	.db #0x02	; 2
    000001A4 04                     471 	.db #0x04	; 4
    000001A5 05                     472 	.db #0x05	; 5
    000001A6 02                     473 	.db #0x02	; 2
    000001A7 02                     474 	.db #0x02	; 2
    000001A8 02                     475 	.db #0x02	; 2
    000001A9 07                     476 	.db #0x07	; 7
    000001AA 08                     477 	.db #0x08	; 8
    000001AB 02                     478 	.db #0x02	; 2
    000001AC 07                     479 	.db #0x07	; 7
    000001AD 08                     480 	.db #0x08	; 8
    000001AE 02                     481 	.db #0x02	; 2
    000001AF 01                     482 	.db #0x01	; 1
    000001B0 01                     483 	.db #0x01	; 1
    000001B1 00                     484 	.db #0x00	; 0
    000001B2 00                     485 	.db #0x00	; 0
    000001B3 00                     486 	.db #0x00	; 0
    000001B4 00                     487 	.db #0x00	; 0
    000001B5 00                     488 	.db #0x00	; 0
    000001B6 00                     489 	.db #0x00	; 0
    000001B7 00                     490 	.db #0x00	; 0
    000001B8 00                     491 	.db #0x00	; 0
    000001B9 00                     492 	.db #0x00	; 0
    000001BA 00                     493 	.db #0x00	; 0
    000001BB 00                     494 	.db #0x00	; 0
    000001BC 00                     495 	.db #0x00	; 0
    000001BD 00                     496 	.db #0x00	; 0
    000001BE 00                     497 	.db #0x00	; 0
    000001BF 00                     498 	.db #0x00	; 0
    000001C0 00                     499 	.db #0x00	; 0
    000001C1 00                     500 	.db #0x00	; 0
    000001C2 00                     501 	.db #0x00	; 0
    000001C3 00                     502 	.db #0x00	; 0
    000001C4 00                     503 	.db #0x00	; 0
    000001C5 00                     504 	.db #0x00	; 0
    000001C6 00                     505 	.db #0x00	; 0
    000001C7 00                     506 	.db #0x00	; 0
    000001C8 00                     507 	.db #0x00	; 0
    000001C9 00                     508 	.db #0x00	; 0
    000001CA 00                     509 	.db #0x00	; 0
    000001CB 00                     510 	.db #0x00	; 0
    000001CC 00                     511 	.db #0x00	; 0
    000001CD 00                     512 	.db #0x00	; 0
    000001CE 00                     513 	.db #0x00	; 0
    000001CF 01                     514 	.db #0x01	; 1
    000001D0 01                     515 	.db #0x01	; 1
    000001D1 02                     516 	.db #0x02	; 2
    000001D2 02                     517 	.db #0x02	; 2
    000001D3 02                     518 	.db #0x02	; 2
    000001D4 02                     519 	.db #0x02	; 2
    000001D5 02                     520 	.db #0x02	; 2
    000001D6 02                     521 	.db #0x02	; 2
    000001D7 14                     522 	.db #0x14	; 20
    000001D8 15                     523 	.db #0x15	; 21
    000001D9 16                     524 	.db #0x16	; 22
    000001DA 18                     525 	.db #0x18	; 24
    000001DB 02                     526 	.db #0x02	; 2
    000001DC 02                     527 	.db #0x02	; 2
    000001DD 02                     528 	.db #0x02	; 2
    000001DE 02                     529 	.db #0x02	; 2
    000001DF 00                     530 	.db #0x00	; 0
    000001E0 00                     531 	.db #0x00	; 0
    000001E1 02                     532 	.db #0x02	; 2
    000001E2 02                     533 	.db #0x02	; 2
    000001E3 02                     534 	.db #0x02	; 2
    000001E4 02                     535 	.db #0x02	; 2
    000001E5 14                     536 	.db #0x14	; 20
    000001E6 15                     537 	.db #0x15	; 21
    000001E7 16                     538 	.db #0x16	; 22
    000001E8 18                     539 	.db #0x18	; 24
    000001E9 02                     540 	.db #0x02	; 2
    000001EA 02                     541 	.db #0x02	; 2
    000001EB 02                     542 	.db #0x02	; 2
    000001EC 02                     543 	.db #0x02	; 2
    000001ED 02                     544 	.db #0x02	; 2
    000001EE 02                     545 	.db #0x02	; 2
    000001EF 01                     546 	.db #0x01	; 1
    000001F0 01                     547 	.db #0x01	; 1
    000001F1 02                     548 	.db #0x02	; 2
    000001F2 02                     549 	.db #0x02	; 2
    000001F3 02                     550 	.db #0x02	; 2
    000001F4 02                     551 	.db #0x02	; 2
    000001F5 02                     552 	.db #0x02	; 2
    000001F6 02                     553 	.db #0x02	; 2
    000001F7 06                     554 	.db #0x06	; 6
    000001F8 0C                     555 	.db #0x0c	; 12
    000001F9 06                     556 	.db #0x06	; 6
    000001FA 0C                     557 	.db #0x0c	; 12
    000001FB 02                     558 	.db #0x02	; 2
    000001FC 02                     559 	.db #0x02	; 2
    000001FD 02                     560 	.db #0x02	; 2
    000001FE 02                     561 	.db #0x02	; 2
    000001FF 00                     562 	.db #0x00	; 0
    00000200 00                     563 	.db #0x00	; 0
    00000201 02                     564 	.db #0x02	; 2
    00000202 02                     565 	.db #0x02	; 2
    00000203 02                     566 	.db #0x02	; 2
    00000204 02                     567 	.db #0x02	; 2
    00000205 06                     568 	.db #0x06	; 6
    00000206 0C                     569 	.db #0x0c	; 12
    00000207 06                     570 	.db #0x06	; 6
    00000208 0C                     571 	.db #0x0c	; 12
    00000209 02                     572 	.db #0x02	; 2
    0000020A 02                     573 	.db #0x02	; 2
    0000020B 02                     574 	.db #0x02	; 2
    0000020C 02                     575 	.db #0x02	; 2
    0000020D 02                     576 	.db #0x02	; 2
    0000020E 02                     577 	.db #0x02	; 2
    0000020F 01                     578 	.db #0x01	; 1
    00000210 01                     579 	.db #0x01	; 1
    00000211 02                     580 	.db #0x02	; 2
    00000212 02                     581 	.db #0x02	; 2
    00000213 02                     582 	.db #0x02	; 2
    00000214 02                     583 	.db #0x02	; 2
    00000215 02                     584 	.db #0x02	; 2
    00000216 02                     585 	.db #0x02	; 2
    00000217 07                     586 	.db #0x07	; 7
    00000218 08                     587 	.db #0x08	; 8
    00000219 07                     588 	.db #0x07	; 7
    0000021A 08                     589 	.db #0x08	; 8
    0000021B 02                     590 	.db #0x02	; 2
    0000021C 02                     591 	.db #0x02	; 2
    0000021D 02                     592 	.db #0x02	; 2
    0000021E 02                     593 	.db #0x02	; 2
    0000021F 00                     594 	.db #0x00	; 0
    00000220 00                     595 	.db #0x00	; 0
    00000221 02                     596 	.db #0x02	; 2
    00000222 02                     597 	.db #0x02	; 2
    00000223 02                     598 	.db #0x02	; 2
    00000224 02                     599 	.db #0x02	; 2
    00000225 07                     600 	.db #0x07	; 7
    00000226 08                     601 	.db #0x08	; 8
    00000227 07                     602 	.db #0x07	; 7
    00000228 08                     603 	.db #0x08	; 8
    00000229 02                     604 	.db #0x02	; 2
    0000022A 02                     605 	.db #0x02	; 2
    0000022B 02                     606 	.db #0x02	; 2
    0000022C 02                     607 	.db #0x02	; 2
    0000022D 02                     608 	.db #0x02	; 2
    0000022E 02                     609 	.db #0x02	; 2
    0000022F 01                     610 	.db #0x01	; 1
    00000230 01                     611 	.db #0x01	; 1
    00000231 00                     612 	.db #0x00	; 0
    00000232 00                     613 	.db #0x00	; 0
    00000233 00                     614 	.db #0x00	; 0
    00000234 00                     615 	.db #0x00	; 0
    00000235 00                     616 	.db #0x00	; 0
    00000236 00                     617 	.db #0x00	; 0
    00000237 00                     618 	.db #0x00	; 0
    00000238 00                     619 	.db #0x00	; 0
    00000239 00                     620 	.db #0x00	; 0
    0000023A 00                     621 	.db #0x00	; 0
    0000023B 00                     622 	.db #0x00	; 0
    0000023C 00                     623 	.db #0x00	; 0
    0000023D 00                     624 	.db #0x00	; 0
    0000023E 00                     625 	.db #0x00	; 0
    0000023F 00                     626 	.db #0x00	; 0
    00000240 00                     627 	.db #0x00	; 0
    00000241 00                     628 	.db #0x00	; 0
    00000242 00                     629 	.db #0x00	; 0
    00000243 00                     630 	.db #0x00	; 0
    00000244 00                     631 	.db #0x00	; 0
    00000245 00                     632 	.db #0x00	; 0
    00000246 00                     633 	.db #0x00	; 0
    00000247 00                     634 	.db #0x00	; 0
    00000248 00                     635 	.db #0x00	; 0
    00000249 00                     636 	.db #0x00	; 0
    0000024A 00                     637 	.db #0x00	; 0
    0000024B 00                     638 	.db #0x00	; 0
    0000024C 00                     639 	.db #0x00	; 0
    0000024D 00                     640 	.db #0x00	; 0
    0000024E 00                     641 	.db #0x00	; 0
    0000024F 01                     642 	.db #0x01	; 1
    00000250 01                     643 	.db #0x01	; 1
    00000251 02                     644 	.db #0x02	; 2
    00000252 02                     645 	.db #0x02	; 2
    00000253 03                     646 	.db #0x03	; 3
    00000254 03                     647 	.db #0x03	; 3
    00000255 02                     648 	.db #0x02	; 2
    00000256 02                     649 	.db #0x02	; 2
    00000257 02                     650 	.db #0x02	; 2
    00000258 02                     651 	.db #0x02	; 2
    00000259 02                     652 	.db #0x02	; 2
    0000025A 02                     653 	.db #0x02	; 2
    0000025B 02                     654 	.db #0x02	; 2
    0000025C 02                     655 	.db #0x02	; 2
    0000025D 02                     656 	.db #0x02	; 2
    0000025E 02                     657 	.db #0x02	; 2
    0000025F 00                     658 	.db #0x00	; 0
    00000260 00                     659 	.db #0x00	; 0
    00000261 02                     660 	.db #0x02	; 2
    00000262 02                     661 	.db #0x02	; 2
    00000263 02                     662 	.db #0x02	; 2
    00000264 02                     663 	.db #0x02	; 2
    00000265 02                     664 	.db #0x02	; 2
    00000266 02                     665 	.db #0x02	; 2
    00000267 02                     666 	.db #0x02	; 2
    00000268 02                     667 	.db #0x02	; 2
    00000269 02                     668 	.db #0x02	; 2
    0000026A 03                     669 	.db #0x03	; 3
    0000026B 03                     670 	.db #0x03	; 3
    0000026C 02                     671 	.db #0x02	; 2
    0000026D 02                     672 	.db #0x02	; 2
    0000026E 02                     673 	.db #0x02	; 2
    0000026F 01                     674 	.db #0x01	; 1
    00000270 01                     675 	.db #0x01	; 1
    00000271 02                     676 	.db #0x02	; 2
    00000272 02                     677 	.db #0x02	; 2
    00000273 04                     678 	.db #0x04	; 4
    00000274 05                     679 	.db #0x05	; 5
    00000275 02                     680 	.db #0x02	; 2
    00000276 02                     681 	.db #0x02	; 2
    00000277 06                     682 	.db #0x06	; 6
    00000278 0C                     683 	.db #0x0c	; 12
    00000279 02                     684 	.db #0x02	; 2
    0000027A 06                     685 	.db #0x06	; 6
    0000027B 0C                     686 	.db #0x0c	; 12
    0000027C 02                     687 	.db #0x02	; 2
    0000027D 02                     688 	.db #0x02	; 2
    0000027E 02                     689 	.db #0x02	; 2
    0000027F 00                     690 	.db #0x00	; 0
    00000280 00                     691 	.db #0x00	; 0
    00000281 02                     692 	.db #0x02	; 2
    00000282 02                     693 	.db #0x02	; 2
    00000283 02                     694 	.db #0x02	; 2
    00000284 06                     695 	.db #0x06	; 6
    00000285 0C                     696 	.db #0x0c	; 12
    00000286 02                     697 	.db #0x02	; 2
    00000287 06                     698 	.db #0x06	; 6
    00000288 0C                     699 	.db #0x0c	; 12
    00000289 02                     700 	.db #0x02	; 2
    0000028A 04                     701 	.db #0x04	; 4
    0000028B 05                     702 	.db #0x05	; 5
    0000028C 02                     703 	.db #0x02	; 2
    0000028D 02                     704 	.db #0x02	; 2
    0000028E 01                     705 	.db #0x01	; 1
    0000028F 01                     706 	.db #0x01	; 1
    00000290 02                     707 	.db #0x02	; 2
    00000291 02                     708 	.db #0x02	; 2
    00000292 02                     709 	.db #0x02	; 2
    00000293 02                     710 	.db #0x02	; 2
    00000294 02                     711 	.db #0x02	; 2
    00000295 02                     712 	.db #0x02	; 2
    00000296 07                     713 	.db #0x07	; 7
    00000297 08                     714 	.db #0x08	; 8
    00000298 02                     715 	.db #0x02	; 2
    00000299 07                     716 	.db #0x07	; 7
    0000029A 08                     717 	.db #0x08	; 8
    0000029B 02                     718 	.db #0x02	; 2
    0000029C 02                     719 	.db #0x02	; 2
    0000029D 02                     720 	.db #0x02	; 2
    0000029E 00                     721 	.db #0x00	; 0
    0000029F 00                     722 	.db #0x00	; 0
    000002A0 02                     723 	.db #0x02	; 2
    000002A1 02                     724 	.db #0x02	; 2
    000002A2 02                     725 	.db #0x02	; 2
    000002A3 07                     726 	.db #0x07	; 7
    000002A4 08                     727 	.db #0x08	; 8
    000002A5 02                     728 	.db #0x02	; 2
    000002A6 07                     729 	.db #0x07	; 7
    000002A7 08                     730 	.db #0x08	; 8
    000002A8 02                     731 	.db #0x02	; 2
    000002A9 02                     732 	.db #0x02	; 2
    000002AA 02                     733 	.db #0x02	; 2
    000002AB 02                     734 	.db #0x02	; 2
    000002AC 02                     735 	.db #0x02	; 2
    000002AD 01                     736 	.db #0x01	; 1
    000002AE 01                     737 	.db #0x01	; 1
    000002AF 00                     738 	.db #0x00	; 0
    000002B0 00                     739 	.db #0x00	; 0
    000002B1 00                     740 	.db #0x00	; 0
    000002B2 00                     741 	.db #0x00	; 0
    000002B3 00                     742 	.db #0x00	; 0
    000002B4 00                     743 	.db #0x00	; 0
    000002B5 00                     744 	.db #0x00	; 0
    000002B6 00                     745 	.db #0x00	; 0
    000002B7 00                     746 	.db #0x00	; 0
    000002B8 00                     747 	.db #0x00	; 0
    000002B9 00                     748 	.db #0x00	; 0
    000002BA 00                     749 	.db #0x00	; 0
    000002BB 00                     750 	.db #0x00	; 0
    000002BC 00                     751 	.db #0x00	; 0
    000002BD 00                     752 	.db #0x00	; 0
    000002BE 00                     753 	.db #0x00	; 0
    000002BF 00                     754 	.db #0x00	; 0
    000002C0 00                     755 	.db #0x00	; 0
    000002C1 00                     756 	.db #0x00	; 0
    000002C2 00                     757 	.db #0x00	; 0
    000002C3 00                     758 	.db #0x00	; 0
    000002C4 00                     759 	.db #0x00	; 0
    000002C5 00                     760 	.db #0x00	; 0
    000002C6 00                     761 	.db #0x00	; 0
    000002C7 00                     762 	.db #0x00	; 0
    000002C8 00                     763 	.db #0x00	; 0
    000002C9 00                     764 	.db #0x00	; 0
    000002CA 00                     765 	.db #0x00	; 0
    000002CB 00                     766 	.db #0x00	; 0
    000002CC 00                     767 	.db #0x00	; 0
    000002CD 01                     768 	.db #0x01	; 1
    000002CE 01                     769 	.db #0x01	; 1
    000002CF 02                     770 	.db #0x02	; 2
    000002D0 06                     771 	.db #0x06	; 6
    000002D1 0C                     772 	.db #0x0c	; 12
    000002D2 02                     773 	.db #0x02	; 2
    000002D3 06                     774 	.db #0x06	; 6
    000002D4 0C                     775 	.db #0x0c	; 12
    000002D5 02                     776 	.db #0x02	; 2
    000002D6 02                     777 	.db #0x02	; 2
    000002D7 03                     778 	.db #0x03	; 3
    000002D8 03                     779 	.db #0x03	; 3
    000002D9 02                     780 	.db #0x02	; 2
    000002DA 02                     781 	.db #0x02	; 2
    000002DB 02                     782 	.db #0x02	; 2
    000002DC 02                     783 	.db #0x02	; 2
    000002DD 00                     784 	.db #0x00	; 0
    000002DE 00                     785 	.db #0x00	; 0
    000002DF 02                     786 	.db #0x02	; 2
    000002E0 02                     787 	.db #0x02	; 2
    000002E1 02                     788 	.db #0x02	; 2
    000002E2 02                     789 	.db #0x02	; 2
    000002E3 03                     790 	.db #0x03	; 3
    000002E4 03                     791 	.db #0x03	; 3
    000002E5 02                     792 	.db #0x02	; 2
    000002E6 02                     793 	.db #0x02	; 2
    000002E7 06                     794 	.db #0x06	; 6
    000002E8 0C                     795 	.db #0x0c	; 12
    000002E9 02                     796 	.db #0x02	; 2
    000002EA 06                     797 	.db #0x06	; 6
    000002EB 0C                     798 	.db #0x0c	; 12
    000002EC 02                     799 	.db #0x02	; 2
    000002ED 01                     800 	.db #0x01	; 1
    000002EE 01                     801 	.db #0x01	; 1
    000002EF 02                     802 	.db #0x02	; 2
    000002F0 07                     803 	.db #0x07	; 7
    000002F1 08                     804 	.db #0x08	; 8
    000002F2 02                     805 	.db #0x02	; 2
    000002F3 07                     806 	.db #0x07	; 7
    000002F4 08                     807 	.db #0x08	; 8
    000002F5 02                     808 	.db #0x02	; 2
    000002F6 02                     809 	.db #0x02	; 2
    000002F7 04                     810 	.db #0x04	; 4
    000002F8 05                     811 	.db #0x05	; 5
    000002F9 02                     812 	.db #0x02	; 2
    000002FA 02                     813 	.db #0x02	; 2
    000002FB 02                     814 	.db #0x02	; 2
    000002FC 02                     815 	.db #0x02	; 2
    000002FD 00                     816 	.db #0x00	; 0
    000002FE 00                     817 	.db #0x00	; 0
    000002FF 02                     818 	.db #0x02	; 2
    00000300 02                     819 	.db #0x02	; 2
    00000301 02                     820 	.db #0x02	; 2
    00000302 02                     821 	.db #0x02	; 2
    00000303 04                     822 	.db #0x04	; 4
    00000304 05                     823 	.db #0x05	; 5
    00000305 02                     824 	.db #0x02	; 2
    00000306 02                     825 	.db #0x02	; 2
    00000307 07                     826 	.db #0x07	; 7
    00000308 08                     827 	.db #0x08	; 8
    00000309 02                     828 	.db #0x02	; 2
    0000030A 07                     829 	.db #0x07	; 7
    0000030B 08                     830 	.db #0x08	; 8
    0000030C 02                     831 	.db #0x02	; 2
    0000030D 01                     832 	.db #0x01	; 1
    0000030E 01                     833 	.db #0x01	; 1
    0000030F 02                     834 	.db #0x02	; 2
    00000310 02                     835 	.db #0x02	; 2
    00000311 02                     836 	.db #0x02	; 2
    00000312 02                     837 	.db #0x02	; 2
    00000313 02                     838 	.db #0x02	; 2
    00000314 02                     839 	.db #0x02	; 2
    00000315 02                     840 	.db #0x02	; 2
    00000316 02                     841 	.db #0x02	; 2
    00000317 02                     842 	.db #0x02	; 2
    00000318 02                     843 	.db #0x02	; 2
    00000319 02                     844 	.db #0x02	; 2
    0000031A 02                     845 	.db #0x02	; 2
    0000031B 02                     846 	.db #0x02	; 2
    0000031C 02                     847 	.db #0x02	; 2
    0000031D 00                     848 	.db #0x00	; 0
    0000031E 00                     849 	.db #0x00	; 0
    0000031F 02                     850 	.db #0x02	; 2
    00000320 02                     851 	.db #0x02	; 2
    00000321 02                     852 	.db #0x02	; 2
    00000322 02                     853 	.db #0x02	; 2
    00000323 02                     854 	.db #0x02	; 2
    00000324 02                     855 	.db #0x02	; 2
    00000325 02                     856 	.db #0x02	; 2
    00000326 02                     857 	.db #0x02	; 2
    00000327 02                     858 	.db #0x02	; 2
    00000328 02                     859 	.db #0x02	; 2
    00000329 02                     860 	.db #0x02	; 2
    0000032A 02                     861 	.db #0x02	; 2
    0000032B 02                     862 	.db #0x02	; 2
    0000032C 02                     863 	.db #0x02	; 2
    0000032D 01                     864 	.db #0x01	; 1
    0000032E 01                     865 	.db #0x01	; 1
    0000032F 00                     866 	.db #0x00	; 0
    00000330 00                     867 	.db #0x00	; 0
    00000331 00                     868 	.db #0x00	; 0
    00000332 00                     869 	.db #0x00	; 0
    00000333 00                     870 	.db #0x00	; 0
    00000334 00                     871 	.db #0x00	; 0
    00000335 00                     872 	.db #0x00	; 0
    00000336 00                     873 	.db #0x00	; 0
    00000337 00                     874 	.db #0x00	; 0
    00000338 00                     875 	.db #0x00	; 0
    00000339 00                     876 	.db #0x00	; 0
    0000033A 00                     877 	.db #0x00	; 0
    0000033B 00                     878 	.db #0x00	; 0
    0000033C 00                     879 	.db #0x00	; 0
    0000033D 00                     880 	.db #0x00	; 0
    0000033E 00                     881 	.db #0x00	; 0
    0000033F 00                     882 	.db #0x00	; 0
    00000340 00                     883 	.db #0x00	; 0
    00000341 00                     884 	.db #0x00	; 0
    00000342 00                     885 	.db #0x00	; 0
    00000343 00                     886 	.db #0x00	; 0
    00000344 00                     887 	.db #0x00	; 0
    00000345 00                     888 	.db #0x00	; 0
    00000346 00                     889 	.db #0x00	; 0
    00000347 00                     890 	.db #0x00	; 0
    00000348 00                     891 	.db #0x00	; 0
    00000349 00                     892 	.db #0x00	; 0
    0000034A 00                     893 	.db #0x00	; 0
    0000034B 00                     894 	.db #0x00	; 0
    0000034C 00                     895 	.db #0x00	; 0
    0000034D 01                     896 	.db #0x01	; 1
    0000034E 01                     897 	.db #0x01	; 1
    0000034F 02                     898 	.db #0x02	; 2
    00000350 14                     899 	.db #0x14	; 20
    00000351 15                     900 	.db #0x15	; 21
    00000352 16                     901 	.db #0x16	; 22
    00000353 18                     902 	.db #0x18	; 24
    00000354 02                     903 	.db #0x02	; 2
    00000355 02                     904 	.db #0x02	; 2
    00000356 02                     905 	.db #0x02	; 2
    00000357 02                     906 	.db #0x02	; 2
    00000358 02                     907 	.db #0x02	; 2
    00000359 02                     908 	.db #0x02	; 2
    0000035A 02                     909 	.db #0x02	; 2
    0000035B 02                     910 	.db #0x02	; 2
    0000035C 02                     911 	.db #0x02	; 2
    0000035D 00                     912 	.db #0x00	; 0
    0000035E 00                     913 	.db #0x00	; 0
    0000035F 02                     914 	.db #0x02	; 2
    00000360 02                     915 	.db #0x02	; 2
    00000361 02                     916 	.db #0x02	; 2
    00000362 02                     917 	.db #0x02	; 2
    00000363 02                     918 	.db #0x02	; 2
    00000364 02                     919 	.db #0x02	; 2
    00000365 02                     920 	.db #0x02	; 2
    00000366 02                     921 	.db #0x02	; 2
    00000367 14                     922 	.db #0x14	; 20
    00000368 15                     923 	.db #0x15	; 21
    00000369 16                     924 	.db #0x16	; 22
    0000036A 18                     925 	.db #0x18	; 24
    0000036B 02                     926 	.db #0x02	; 2
    0000036C 01                     927 	.db #0x01	; 1
    0000036D 01                     928 	.db #0x01	; 1
    0000036E 02                     929 	.db #0x02	; 2
    0000036F 06                     930 	.db #0x06	; 6
    00000370 0C                     931 	.db #0x0c	; 12
    00000371 06                     932 	.db #0x06	; 6
    00000372 0C                     933 	.db #0x0c	; 12
    00000373 02                     934 	.db #0x02	; 2
    00000374 02                     935 	.db #0x02	; 2
    00000375 02                     936 	.db #0x02	; 2
    00000376 06                     937 	.db #0x06	; 6
    00000377 0C                     938 	.db #0x0c	; 12
    00000378 02                     939 	.db #0x02	; 2
    00000379 02                     940 	.db #0x02	; 2
    0000037A 02                     941 	.db #0x02	; 2
    0000037B 02                     942 	.db #0x02	; 2
    0000037C 00                     943 	.db #0x00	; 0
    0000037D 00                     944 	.db #0x00	; 0
    0000037E 02                     945 	.db #0x02	; 2
    0000037F 02                     946 	.db #0x02	; 2
    00000380 02                     947 	.db #0x02	; 2
    00000381 02                     948 	.db #0x02	; 2
    00000382 06                     949 	.db #0x06	; 6
    00000383 0C                     950 	.db #0x0c	; 12
    00000384 02                     951 	.db #0x02	; 2
    00000385 06                     952 	.db #0x06	; 6
    00000386 0C                     953 	.db #0x0c	; 12
    00000387 06                     954 	.db #0x06	; 6
    00000388 0C                     955 	.db #0x0c	; 12
    00000389 02                     956 	.db #0x02	; 2
    0000038A 01                     957 	.db #0x01	; 1
    0000038B 01                     958 	.db #0x01	; 1
    0000038C 02                     959 	.db #0x02	; 2
    0000038D 07                     960 	.db #0x07	; 7
    0000038E 08                     961 	.db #0x08	; 8
    0000038F 07                     962 	.db #0x07	; 7
    00000390 08                     963 	.db #0x08	; 8
    00000391 02                     964 	.db #0x02	; 2
    00000392 02                     965 	.db #0x02	; 2
    00000393 02                     966 	.db #0x02	; 2
    00000394 07                     967 	.db #0x07	; 7
    00000395 08                     968 	.db #0x08	; 8
    00000396 02                     969 	.db #0x02	; 2
    00000397 02                     970 	.db #0x02	; 2
    00000398 02                     971 	.db #0x02	; 2
    00000399 02                     972 	.db #0x02	; 2
    0000039A 00                     973 	.db #0x00	; 0
    0000039B 00                     974 	.db #0x00	; 0
    0000039C 02                     975 	.db #0x02	; 2
    0000039D 02                     976 	.db #0x02	; 2
    0000039E 02                     977 	.db #0x02	; 2
    0000039F 02                     978 	.db #0x02	; 2
    000003A0 07                     979 	.db #0x07	; 7
    000003A1 08                     980 	.db #0x08	; 8
    000003A2 02                     981 	.db #0x02	; 2
    000003A3 07                     982 	.db #0x07	; 7
    000003A4 08                     983 	.db #0x08	; 8
    000003A5 07                     984 	.db #0x07	; 7
    000003A6 08                     985 	.db #0x08	; 8
    000003A7 02                     986 	.db #0x02	; 2
    000003A8 01                     987 	.db #0x01	; 1
    000003A9 01                     988 	.db #0x01	; 1
    000003AA 00                     989 	.db #0x00	; 0
    000003AB 00                     990 	.db #0x00	; 0
    000003AC 00                     991 	.db #0x00	; 0
    000003AD 00                     992 	.db #0x00	; 0
    000003AE 00                     993 	.db #0x00	; 0
    000003AF 00                     994 	.db #0x00	; 0
    000003B0 00                     995 	.db #0x00	; 0
    000003B1 00                     996 	.db #0x00	; 0
    000003B2 00                     997 	.db #0x00	; 0
    000003B3 00                     998 	.db #0x00	; 0
    000003B4 00                     999 	.db #0x00	; 0
    000003B5 00                    1000 	.db #0x00	; 0
    000003B6 00                    1001 	.db #0x00	; 0
    000003B7 00                    1002 	.db #0x00	; 0
    000003B8 00                    1003 	.db #0x00	; 0
    000003B9 00                    1004 	.db #0x00	; 0
    000003BA 00                    1005 	.db #0x00	; 0
    000003BB 00                    1006 	.db #0x00	; 0
    000003BC 00                    1007 	.db #0x00	; 0
    000003BD 00                    1008 	.db #0x00	; 0
    000003BE 00                    1009 	.db #0x00	; 0
    000003BF 00                    1010 	.db #0x00	; 0
    000003C0 00                    1011 	.db #0x00	; 0
    000003C1 00                    1012 	.db #0x00	; 0
    000003C2 00                    1013 	.db #0x00	; 0
    000003C3 00                    1014 	.db #0x00	; 0
    000003C4 00                    1015 	.db #0x00	; 0
    000003C5 00                    1016 	.db #0x00	; 0
    000003C6 00                    1017 	.db #0x00	; 0
    000003C7 00                    1018 	.db #0x00	; 0
    000003C8 01                    1019 	.db #0x01	; 1
    000003C9 01                    1020 	.db #0x01	; 1
    000003CA 02                    1021 	.db #0x02	; 2
    000003CB 02                    1022 	.db #0x02	; 2
    000003CC 02                    1023 	.db #0x02	; 2
    000003CD 02                    1024 	.db #0x02	; 2
    000003CE 03                    1025 	.db #0x03	; 3
    000003CF 03                    1026 	.db #0x03	; 3
    000003D0 02                    1027 	.db #0x02	; 2
    000003D1 02                    1028 	.db #0x02	; 2
    000003D2 06                    1029 	.db #0x06	; 6
    000003D3 0C                    1030 	.db #0x0c	; 12
    000003D4 02                    1031 	.db #0x02	; 2
    000003D5 02                    1032 	.db #0x02	; 2
    000003D6 02                    1033 	.db #0x02	; 2
    000003D7 02                    1034 	.db #0x02	; 2
    000003D8 00                    1035 	.db #0x00	; 0
    000003D9 00                    1036 	.db #0x00	; 0
    000003DA 02                    1037 	.db #0x02	; 2
    000003DB 02                    1038 	.db #0x02	; 2
    000003DC 02                    1039 	.db #0x02	; 2
    000003DD 02                    1040 	.db #0x02	; 2
    000003DE 06                    1041 	.db #0x06	; 6
    000003DF 0C                    1042 	.db #0x0c	; 12
    000003E0 02                    1043 	.db #0x02	; 2
    000003E1 02                    1044 	.db #0x02	; 2
    000003E2 03                    1045 	.db #0x03	; 3
    000003E3 03                    1046 	.db #0x03	; 3
    000003E4 02                    1047 	.db #0x02	; 2
    000003E5 02                    1048 	.db #0x02	; 2
    000003E6 02                    1049 	.db #0x02	; 2
    000003E7 02                    1050 	.db #0x02	; 2
    000003E8 01                    1051 	.db #0x01	; 1
    000003E9 01                    1052 	.db #0x01	; 1
    000003EA 02                    1053 	.db #0x02	; 2
    000003EB 02                    1054 	.db #0x02	; 2
    000003EC 02                    1055 	.db #0x02	; 2
    000003ED 02                    1056 	.db #0x02	; 2
    000003EE 04                    1057 	.db #0x04	; 4
    000003EF 05                    1058 	.db #0x05	; 5
    000003F0 02                    1059 	.db #0x02	; 2
    000003F1 02                    1060 	.db #0x02	; 2
    000003F2 07                    1061 	.db #0x07	; 7
    000003F3 08                    1062 	.db #0x08	; 8
    000003F4 02                    1063 	.db #0x02	; 2
    000003F5 02                    1064 	.db #0x02	; 2
    000003F6 02                    1065 	.db #0x02	; 2
    000003F7 02                    1066 	.db #0x02	; 2
    000003F8 00                    1067 	.db #0x00	; 0
    000003F9 00                    1068 	.db #0x00	; 0
    000003FA 02                    1069 	.db #0x02	; 2
    000003FB 02                    1070 	.db #0x02	; 2
    000003FC 02                    1071 	.db #0x02	; 2
    000003FD 02                    1072 	.db #0x02	; 2
    000003FE 07                    1073 	.db #0x07	; 7
    000003FF 08                    1074 	.db #0x08	; 8
    00000400 02                    1075 	.db #0x02	; 2
    00000401 02                    1076 	.db #0x02	; 2
    00000402 04                    1077 	.db #0x04	; 4
    00000403 05                    1078 	.db #0x05	; 5
    00000404 02                    1079 	.db #0x02	; 2
    00000405 02                    1080 	.db #0x02	; 2
    00000406 02                    1081 	.db #0x02	; 2
    00000407 02                    1082 	.db #0x02	; 2
    00000408 01                    1083 	.db #0x01	; 1
    00000409 01                    1084 	.db #0x01	; 1
    0000040A 02                    1085 	.db #0x02	; 2
    0000040B 02                    1086 	.db #0x02	; 2
    0000040C 02                    1087 	.db #0x02	; 2
    0000040D 02                    1088 	.db #0x02	; 2
    0000040E 02                    1089 	.db #0x02	; 2
    0000040F 02                    1090 	.db #0x02	; 2
    00000410 02                    1091 	.db #0x02	; 2
    00000411 02                    1092 	.db #0x02	; 2
    00000412 02                    1093 	.db #0x02	; 2
    00000413 02                    1094 	.db #0x02	; 2
    00000414 02                    1095 	.db #0x02	; 2
    00000415 02                    1096 	.db #0x02	; 2
    00000416 02                    1097 	.db #0x02	; 2
    00000417 02                    1098 	.db #0x02	; 2
    00000418 00                    1099 	.db #0x00	; 0
    00000419 00                    1100 	.db #0x00	; 0
    0000041A 02                    1101 	.db #0x02	; 2
    0000041B 02                    1102 	.db #0x02	; 2
    0000041C 02                    1103 	.db #0x02	; 2
    0000041D 02                    1104 	.db #0x02	; 2
    0000041E 02                    1105 	.db #0x02	; 2
    0000041F 02                    1106 	.db #0x02	; 2
    00000420 02                    1107 	.db #0x02	; 2
    00000421 02                    1108 	.db #0x02	; 2
    00000422 02                    1109 	.db #0x02	; 2
    00000423 02                    1110 	.db #0x02	; 2
    00000424 02                    1111 	.db #0x02	; 2
    00000425 02                    1112 	.db #0x02	; 2
    00000426 02                    1113 	.db #0x02	; 2
    00000427 02                    1114 	.db #0x02	; 2
    00000428 01                    1115 	.db #0x01	; 1
    00000429 01                    1116 	.db #0x01	; 1
    0000042A 00                    1117 	.db #0x00	; 0
    0000042B 00                    1118 	.db #0x00	; 0
    0000042C 00                    1119 	.db #0x00	; 0
    0000042D 00                    1120 	.db #0x00	; 0
    0000042E 00                    1121 	.db #0x00	; 0
    0000042F 00                    1122 	.db #0x00	; 0
    00000430 00                    1123 	.db #0x00	; 0
    00000431 00                    1124 	.db #0x00	; 0
    00000432 00                    1125 	.db #0x00	; 0
    00000433 00                    1126 	.db #0x00	; 0
    00000434 00                    1127 	.db #0x00	; 0
    00000435 00                    1128 	.db #0x00	; 0
    00000436 00                    1129 	.db #0x00	; 0
    00000437 00                    1130 	.db #0x00	; 0
    00000438 00                    1131 	.db #0x00	; 0
    00000439 00                    1132 	.db #0x00	; 0
    0000043A 00                    1133 	.db #0x00	; 0
    0000043B 00                    1134 	.db #0x00	; 0
    0000043C 00                    1135 	.db #0x00	; 0
    0000043D 00                    1136 	.db #0x00	; 0
    0000043E 00                    1137 	.db #0x00	; 0
    0000043F 00                    1138 	.db #0x00	; 0
    00000440 00                    1139 	.db #0x00	; 0
    00000441 00                    1140 	.db #0x00	; 0
    00000442 00                    1141 	.db #0x00	; 0
    00000443 00                    1142 	.db #0x00	; 0
    00000444 00                    1143 	.db #0x00	; 0
    00000445 00                    1144 	.db #0x00	; 0
    00000446 00                    1145 	.db #0x00	; 0
    00000447 00                    1146 	.db #0x00	; 0
    00000448 01                    1147 	.db #0x01	; 1
    00000449 01                    1148 	.db #0x01	; 1
    0000044A 03                    1149 	.db #0x03	; 3
    0000044B 04                    1150 	.db #0x04	; 4
    0000044C 05                    1151 	.db #0x05	; 5
    0000044D 03                    1152 	.db #0x03	; 3
    0000044E 04                    1153 	.db #0x04	; 4
    0000044F 05                    1154 	.db #0x05	; 5
    00000450 03                    1155 	.db #0x03	; 3
    00000451 04                    1156 	.db #0x04	; 4
    00000452 05                    1157 	.db #0x05	; 5
    00000453 03                    1158 	.db #0x03	; 3
    00000454 04                    1159 	.db #0x04	; 4
    00000455 05                    1160 	.db #0x05	; 5
    00000456 02                    1161 	.db #0x02	; 2
    00000457 02                    1162 	.db #0x02	; 2
    00000458 00                    1163 	.db #0x00	; 0
    00000459 00                    1164 	.db #0x00	; 0
    0000045A 02                    1165 	.db #0x02	; 2
    0000045B 02                    1166 	.db #0x02	; 2
    0000045C 04                    1167 	.db #0x04	; 4
    0000045D 05                    1168 	.db #0x05	; 5
    0000045E 03                    1169 	.db #0x03	; 3
    0000045F 04                    1170 	.db #0x04	; 4
    00000460 05                    1171 	.db #0x05	; 5
    00000461 03                    1172 	.db #0x03	; 3
    00000462 04                    1173 	.db #0x04	; 4
    00000463 05                    1174 	.db #0x05	; 5
    00000464 03                    1175 	.db #0x03	; 3
    00000465 04                    1176 	.db #0x04	; 4
    00000466 05                    1177 	.db #0x05	; 5
    00000467 03                    1178 	.db #0x03	; 3
    00000468 01                    1179 	.db #0x01	; 1
    00000469 01                    1180 	.db #0x01	; 1
    0000046A 01                    1181 	.db #0x01	; 1
    0000046B 01                    1182 	.db #0x01	; 1
    0000046C 01                    1183 	.db #0x01	; 1
    0000046D 01                    1184 	.db #0x01	; 1
    0000046E 01                    1185 	.db #0x01	; 1
    0000046F 01                    1186 	.db #0x01	; 1
    00000470 01                    1187 	.db #0x01	; 1
    00000471 01                    1188 	.db #0x01	; 1
    00000472 01                    1189 	.db #0x01	; 1
    00000473 01                    1190 	.db #0x01	; 1
    00000474 01                    1191 	.db #0x01	; 1
    00000475 01                    1192 	.db #0x01	; 1
    00000476 01                    1193 	.db #0x01	; 1
    00000477 01                    1194 	.db #0x01	; 1
    00000478 00                    1195 	.db #0x00	; 0
    00000479 00                    1196 	.db #0x00	; 0
    0000047A 01                    1197 	.db #0x01	; 1
    0000047B 01                    1198 	.db #0x01	; 1
    0000047C 01                    1199 	.db #0x01	; 1
    0000047D 01                    1200 	.db #0x01	; 1
    0000047E 01                    1201 	.db #0x01	; 1
    0000047F 01                    1202 	.db #0x01	; 1
    00000480 01                    1203 	.db #0x01	; 1
    00000481 01                    1204 	.db #0x01	; 1
    00000482 01                    1205 	.db #0x01	; 1
    00000483 01                    1206 	.db #0x01	; 1
    00000484 01                    1207 	.db #0x01	; 1
    00000485 01                    1208 	.db #0x01	; 1
    00000486 01                    1209 	.db #0x01	; 1
    00000487 01                    1210 	.db #0x01	; 1
    00000488 01                    1211 	.db #0x01	; 1
    00000489 01                    1212 	.db #0x01	; 1
    0000048A 01                    1213 	.db #0x01	; 1
    0000048B 01                    1214 	.db #0x01	; 1
    0000048C 01                    1215 	.db #0x01	; 1
    0000048D 01                    1216 	.db #0x01	; 1
    0000048E 01                    1217 	.db #0x01	; 1
    0000048F 01                    1218 	.db #0x01	; 1
    00000490 01                    1219 	.db #0x01	; 1
    00000491 01                    1220 	.db #0x01	; 1
    00000492 01                    1221 	.db #0x01	; 1
    00000493 01                    1222 	.db #0x01	; 1
    00000494 01                    1223 	.db #0x01	; 1
    00000495 01                    1224 	.db #0x01	; 1
    00000496 01                    1225 	.db #0x01	; 1
    00000497 01                    1226 	.db #0x01	; 1
    00000498 00                    1227 	.db #0x00	; 0
    00000499 00                    1228 	.db #0x00	; 0
    0000049A 01                    1229 	.db #0x01	; 1
    0000049B 01                    1230 	.db #0x01	; 1
    0000049C 01                    1231 	.db #0x01	; 1
    0000049D 01                    1232 	.db #0x01	; 1
    0000049E 01                    1233 	.db #0x01	; 1
    0000049F 01                    1234 	.db #0x01	; 1
    000004A0 01                    1235 	.db #0x01	; 1
    000004A1 01                    1236 	.db #0x01	; 1
    000004A2 01                    1237 	.db #0x01	; 1
    000004A3 01                    1238 	.db #0x01	; 1
    000004A4 01                    1239 	.db #0x01	; 1
    000004A5 01                    1240 	.db #0x01	; 1
    000004A6 01                    1241 	.db #0x01	; 1
    000004A7 01                    1242 	.db #0x01	; 1
    000004A8 01                    1243 	.db #0x01	; 1
                                   1244 	.area _INITIALIZER
                                   1245 	.area _CABS (ABS)
