                                      1 ;--------------------------------------------------------
                                      2 ; File Created by SDCC : free open source ISO C Compiler
                                      3 ; Version 4.5.1 #15267 (Mac OS X ppc)
                                      4 ;--------------------------------------------------------
                                      5 	.module font_new
                                      6 	
                                      7 ;--------------------------------------------------------
                                      8 ; Public variables in this module
                                      9 ;--------------------------------------------------------
                                     10 	.globl _font_data
                                     11 ;--------------------------------------------------------
                                     12 ; special function registers
                                     13 ;--------------------------------------------------------
                                     14 	.area _HRAM
                                     15 ;--------------------------------------------------------
                                     16 ; ram data
                                     17 ;--------------------------------------------------------
                                     18 	.area _DATA
                                     19 ;--------------------------------------------------------
                                     20 ; ram data
                                     21 ;--------------------------------------------------------
                                     22 	.area _INITIALIZED
                                     23 ;--------------------------------------------------------
                                     24 ; absolute external ram data
                                     25 ;--------------------------------------------------------
                                     26 	.area _DABS (ABS)
                                     27 ;--------------------------------------------------------
                                     28 ; global & static initialisations
                                     29 ;--------------------------------------------------------
                                     30 	.area _HOME
                                     31 	.area _GSINIT
                                     32 	.area _GSFINAL
                                     33 	.area _GSINIT
                                     34 ;--------------------------------------------------------
                                     35 ; Home
                                     36 ;--------------------------------------------------------
                                     37 	.area _HOME
                                     38 	.area _HOME
                                     39 ;--------------------------------------------------------
                                     40 ; code
                                     41 ;--------------------------------------------------------
                                     42 	.area _CODE
                                     43 	.area _CODE
    00000000                         44 _font_data:
    00000000 00                      45 	.db #0x00	; 0
    00000001 00                      46 	.db #0x00	; 0
    00000002 00                      47 	.db #0x00	; 0
    00000003 00                      48 	.db #0x00	; 0
    00000004 00                      49 	.db #0x00	; 0
    00000005 00                      50 	.db #0x00	; 0
    00000006 00                      51 	.db #0x00	; 0
    00000007 00                      52 	.db #0x00	; 0
    00000008 00                      53 	.db #0x00	; 0
    00000009 00                      54 	.db #0x00	; 0
    0000000A 00                      55 	.db #0x00	; 0
    0000000B 00                      56 	.db #0x00	; 0
    0000000C 00                      57 	.db #0x00	; 0
    0000000D 00                      58 	.db #0x00	; 0
    0000000E 00                      59 	.db #0x00	; 0
    0000000F 00                      60 	.db #0x00	; 0
    00000010 00                      61 	.db #0x00	; 0
    00000011 00                      62 	.db #0x00	; 0
    00000012 3C                      63 	.db #0x3c	; 60
    00000013 3C                      64 	.db #0x3c	; 60
    00000014 66                      65 	.db #0x66	; 102	'f'
    00000015 66                      66 	.db #0x66	; 102	'f'
    00000016 66                      67 	.db #0x66	; 102	'f'
    00000017 66                      68 	.db #0x66	; 102	'f'
    00000018 7E                      69 	.db #0x7e	; 126
    00000019 7E                      70 	.db #0x7e	; 126
    0000001A 66                      71 	.db #0x66	; 102	'f'
    0000001B 66                      72 	.db #0x66	; 102	'f'
    0000001C 66                      73 	.db #0x66	; 102	'f'
    0000001D 66                      74 	.db #0x66	; 102	'f'
    0000001E 00                      75 	.db #0x00	; 0
    0000001F 00                      76 	.db #0x00	; 0
    00000020 00                      77 	.db #0x00	; 0
    00000021 00                      78 	.db #0x00	; 0
    00000022 7C                      79 	.db #0x7c	; 124
    00000023 7C                      80 	.db #0x7c	; 124
    00000024 66                      81 	.db #0x66	; 102	'f'
    00000025 66                      82 	.db #0x66	; 102	'f'
    00000026 7C                      83 	.db #0x7c	; 124
    00000027 7C                      84 	.db #0x7c	; 124
    00000028 66                      85 	.db #0x66	; 102	'f'
    00000029 66                      86 	.db #0x66	; 102	'f'
    0000002A 66                      87 	.db #0x66	; 102	'f'
    0000002B 66                      88 	.db #0x66	; 102	'f'
    0000002C 7C                      89 	.db #0x7c	; 124
    0000002D 7C                      90 	.db #0x7c	; 124
    0000002E 00                      91 	.db #0x00	; 0
    0000002F 00                      92 	.db #0x00	; 0
    00000030 00                      93 	.db #0x00	; 0
    00000031 00                      94 	.db #0x00	; 0
    00000032 3C                      95 	.db #0x3c	; 60
    00000033 3C                      96 	.db #0x3c	; 60
    00000034 66                      97 	.db #0x66	; 102	'f'
    00000035 66                      98 	.db #0x66	; 102	'f'
    00000036 60                      99 	.db #0x60	; 96
    00000037 60                     100 	.db #0x60	; 96
    00000038 60                     101 	.db #0x60	; 96
    00000039 60                     102 	.db #0x60	; 96
    0000003A 66                     103 	.db #0x66	; 102	'f'
    0000003B 66                     104 	.db #0x66	; 102	'f'
    0000003C 3C                     105 	.db #0x3c	; 60
    0000003D 3C                     106 	.db #0x3c	; 60
    0000003E 00                     107 	.db #0x00	; 0
    0000003F 00                     108 	.db #0x00	; 0
    00000040 00                     109 	.db #0x00	; 0
    00000041 00                     110 	.db #0x00	; 0
    00000042 78                     111 	.db #0x78	; 120	'x'
    00000043 78                     112 	.db #0x78	; 120	'x'
    00000044 6C                     113 	.db #0x6c	; 108	'l'
    00000045 6C                     114 	.db #0x6c	; 108	'l'
    00000046 66                     115 	.db #0x66	; 102	'f'
    00000047 66                     116 	.db #0x66	; 102	'f'
    00000048 66                     117 	.db #0x66	; 102	'f'
    00000049 66                     118 	.db #0x66	; 102	'f'
    0000004A 6C                     119 	.db #0x6c	; 108	'l'
    0000004B 6C                     120 	.db #0x6c	; 108	'l'
    0000004C 78                     121 	.db #0x78	; 120	'x'
    0000004D 78                     122 	.db #0x78	; 120	'x'
    0000004E 00                     123 	.db #0x00	; 0
    0000004F 00                     124 	.db #0x00	; 0
    00000050 00                     125 	.db #0x00	; 0
    00000051 00                     126 	.db #0x00	; 0
    00000052 7E                     127 	.db #0x7e	; 126
    00000053 7E                     128 	.db #0x7e	; 126
    00000054 60                     129 	.db #0x60	; 96
    00000055 60                     130 	.db #0x60	; 96
    00000056 7C                     131 	.db #0x7c	; 124
    00000057 7C                     132 	.db #0x7c	; 124
    00000058 60                     133 	.db #0x60	; 96
    00000059 60                     134 	.db #0x60	; 96
    0000005A 60                     135 	.db #0x60	; 96
    0000005B 60                     136 	.db #0x60	; 96
    0000005C 7E                     137 	.db #0x7e	; 126
    0000005D 7E                     138 	.db #0x7e	; 126
    0000005E 00                     139 	.db #0x00	; 0
    0000005F 00                     140 	.db #0x00	; 0
    00000060 00                     141 	.db #0x00	; 0
    00000061 00                     142 	.db #0x00	; 0
    00000062 7E                     143 	.db #0x7e	; 126
    00000063 7E                     144 	.db #0x7e	; 126
    00000064 60                     145 	.db #0x60	; 96
    00000065 60                     146 	.db #0x60	; 96
    00000066 7C                     147 	.db #0x7c	; 124
    00000067 7C                     148 	.db #0x7c	; 124
    00000068 60                     149 	.db #0x60	; 96
    00000069 60                     150 	.db #0x60	; 96
    0000006A 60                     151 	.db #0x60	; 96
    0000006B 60                     152 	.db #0x60	; 96
    0000006C 60                     153 	.db #0x60	; 96
    0000006D 60                     154 	.db #0x60	; 96
    0000006E 00                     155 	.db #0x00	; 0
    0000006F 00                     156 	.db #0x00	; 0
    00000070 00                     157 	.db #0x00	; 0
    00000071 00                     158 	.db #0x00	; 0
    00000072 3C                     159 	.db #0x3c	; 60
    00000073 3C                     160 	.db #0x3c	; 60
    00000074 60                     161 	.db #0x60	; 96
    00000075 60                     162 	.db #0x60	; 96
    00000076 60                     163 	.db #0x60	; 96
    00000077 60                     164 	.db #0x60	; 96
    00000078 6E                     165 	.db #0x6e	; 110	'n'
    00000079 6E                     166 	.db #0x6e	; 110	'n'
    0000007A 66                     167 	.db #0x66	; 102	'f'
    0000007B 66                     168 	.db #0x66	; 102	'f'
    0000007C 3C                     169 	.db #0x3c	; 60
    0000007D 3C                     170 	.db #0x3c	; 60
    0000007E 00                     171 	.db #0x00	; 0
    0000007F 00                     172 	.db #0x00	; 0
    00000080 00                     173 	.db #0x00	; 0
    00000081 00                     174 	.db #0x00	; 0
    00000082 66                     175 	.db #0x66	; 102	'f'
    00000083 66                     176 	.db #0x66	; 102	'f'
    00000084 66                     177 	.db #0x66	; 102	'f'
    00000085 66                     178 	.db #0x66	; 102	'f'
    00000086 7E                     179 	.db #0x7e	; 126
    00000087 7E                     180 	.db #0x7e	; 126
    00000088 7E                     181 	.db #0x7e	; 126
    00000089 7E                     182 	.db #0x7e	; 126
    0000008A 66                     183 	.db #0x66	; 102	'f'
    0000008B 66                     184 	.db #0x66	; 102	'f'
    0000008C 66                     185 	.db #0x66	; 102	'f'
    0000008D 66                     186 	.db #0x66	; 102	'f'
    0000008E 00                     187 	.db #0x00	; 0
    0000008F 00                     188 	.db #0x00	; 0
    00000090 00                     189 	.db #0x00	; 0
    00000091 00                     190 	.db #0x00	; 0
    00000092 3C                     191 	.db #0x3c	; 60
    00000093 3C                     192 	.db #0x3c	; 60
    00000094 18                     193 	.db #0x18	; 24
    00000095 18                     194 	.db #0x18	; 24
    00000096 18                     195 	.db #0x18	; 24
    00000097 18                     196 	.db #0x18	; 24
    00000098 18                     197 	.db #0x18	; 24
    00000099 18                     198 	.db #0x18	; 24
    0000009A 18                     199 	.db #0x18	; 24
    0000009B 18                     200 	.db #0x18	; 24
    0000009C 3C                     201 	.db #0x3c	; 60
    0000009D 3C                     202 	.db #0x3c	; 60
    0000009E 00                     203 	.db #0x00	; 0
    0000009F 00                     204 	.db #0x00	; 0
    000000A0 00                     205 	.db #0x00	; 0
    000000A1 00                     206 	.db #0x00	; 0
    000000A2 1E                     207 	.db #0x1e	; 30
    000000A3 1E                     208 	.db #0x1e	; 30
    000000A4 0C                     209 	.db #0x0c	; 12
    000000A5 0C                     210 	.db #0x0c	; 12
    000000A6 0C                     211 	.db #0x0c	; 12
    000000A7 0C                     212 	.db #0x0c	; 12
    000000A8 0C                     213 	.db #0x0c	; 12
    000000A9 0C                     214 	.db #0x0c	; 12
    000000AA 6C                     215 	.db #0x6c	; 108	'l'
    000000AB 6C                     216 	.db #0x6c	; 108	'l'
    000000AC 38                     217 	.db #0x38	; 56	'8'
    000000AD 38                     218 	.db #0x38	; 56	'8'
    000000AE 00                     219 	.db #0x00	; 0
    000000AF 00                     220 	.db #0x00	; 0
    000000B0 00                     221 	.db #0x00	; 0
    000000B1 00                     222 	.db #0x00	; 0
    000000B2 66                     223 	.db #0x66	; 102	'f'
    000000B3 66                     224 	.db #0x66	; 102	'f'
    000000B4 6C                     225 	.db #0x6c	; 108	'l'
    000000B5 6C                     226 	.db #0x6c	; 108	'l'
    000000B6 78                     227 	.db #0x78	; 120	'x'
    000000B7 78                     228 	.db #0x78	; 120	'x'
    000000B8 78                     229 	.db #0x78	; 120	'x'
    000000B9 78                     230 	.db #0x78	; 120	'x'
    000000BA 6C                     231 	.db #0x6c	; 108	'l'
    000000BB 6C                     232 	.db #0x6c	; 108	'l'
    000000BC 66                     233 	.db #0x66	; 102	'f'
    000000BD 66                     234 	.db #0x66	; 102	'f'
    000000BE 00                     235 	.db #0x00	; 0
    000000BF 00                     236 	.db #0x00	; 0
    000000C0 00                     237 	.db #0x00	; 0
    000000C1 00                     238 	.db #0x00	; 0
    000000C2 60                     239 	.db #0x60	; 96
    000000C3 60                     240 	.db #0x60	; 96
    000000C4 60                     241 	.db #0x60	; 96
    000000C5 60                     242 	.db #0x60	; 96
    000000C6 60                     243 	.db #0x60	; 96
    000000C7 60                     244 	.db #0x60	; 96
    000000C8 60                     245 	.db #0x60	; 96
    000000C9 60                     246 	.db #0x60	; 96
    000000CA 60                     247 	.db #0x60	; 96
    000000CB 60                     248 	.db #0x60	; 96
    000000CC 7E                     249 	.db #0x7e	; 126
    000000CD 7E                     250 	.db #0x7e	; 126
    000000CE 00                     251 	.db #0x00	; 0
    000000CF 00                     252 	.db #0x00	; 0
    000000D0 00                     253 	.db #0x00	; 0
    000000D1 00                     254 	.db #0x00	; 0
    000000D2 63                     255 	.db #0x63	; 99	'c'
    000000D3 63                     256 	.db #0x63	; 99	'c'
    000000D4 77                     257 	.db #0x77	; 119	'w'
    000000D5 77                     258 	.db #0x77	; 119	'w'
    000000D6 7F                     259 	.db #0x7f	; 127
    000000D7 7F                     260 	.db #0x7f	; 127
    000000D8 6B                     261 	.db #0x6b	; 107	'k'
    000000D9 6B                     262 	.db #0x6b	; 107	'k'
    000000DA 63                     263 	.db #0x63	; 99	'c'
    000000DB 63                     264 	.db #0x63	; 99	'c'
    000000DC 63                     265 	.db #0x63	; 99	'c'
    000000DD 63                     266 	.db #0x63	; 99	'c'
    000000DE 00                     267 	.db #0x00	; 0
    000000DF 00                     268 	.db #0x00	; 0
    000000E0 00                     269 	.db #0x00	; 0
    000000E1 00                     270 	.db #0x00	; 0
    000000E2 66                     271 	.db #0x66	; 102	'f'
    000000E3 66                     272 	.db #0x66	; 102	'f'
    000000E4 76                     273 	.db #0x76	; 118	'v'
    000000E5 76                     274 	.db #0x76	; 118	'v'
    000000E6 7E                     275 	.db #0x7e	; 126
    000000E7 7E                     276 	.db #0x7e	; 126
    000000E8 6E                     277 	.db #0x6e	; 110	'n'
    000000E9 6E                     278 	.db #0x6e	; 110	'n'
    000000EA 66                     279 	.db #0x66	; 102	'f'
    000000EB 66                     280 	.db #0x66	; 102	'f'
    000000EC 66                     281 	.db #0x66	; 102	'f'
    000000ED 66                     282 	.db #0x66	; 102	'f'
    000000EE 00                     283 	.db #0x00	; 0
    000000EF 00                     284 	.db #0x00	; 0
    000000F0 00                     285 	.db #0x00	; 0
    000000F1 00                     286 	.db #0x00	; 0
    000000F2 3C                     287 	.db #0x3c	; 60
    000000F3 3C                     288 	.db #0x3c	; 60
    000000F4 66                     289 	.db #0x66	; 102	'f'
    000000F5 66                     290 	.db #0x66	; 102	'f'
    000000F6 66                     291 	.db #0x66	; 102	'f'
    000000F7 66                     292 	.db #0x66	; 102	'f'
    000000F8 66                     293 	.db #0x66	; 102	'f'
    000000F9 66                     294 	.db #0x66	; 102	'f'
    000000FA 66                     295 	.db #0x66	; 102	'f'
    000000FB 66                     296 	.db #0x66	; 102	'f'
    000000FC 3C                     297 	.db #0x3c	; 60
    000000FD 3C                     298 	.db #0x3c	; 60
    000000FE 00                     299 	.db #0x00	; 0
    000000FF 00                     300 	.db #0x00	; 0
    00000100 00                     301 	.db #0x00	; 0
    00000101 00                     302 	.db #0x00	; 0
    00000102 7C                     303 	.db #0x7c	; 124
    00000103 7C                     304 	.db #0x7c	; 124
    00000104 66                     305 	.db #0x66	; 102	'f'
    00000105 66                     306 	.db #0x66	; 102	'f'
    00000106 66                     307 	.db #0x66	; 102	'f'
    00000107 66                     308 	.db #0x66	; 102	'f'
    00000108 7C                     309 	.db #0x7c	; 124
    00000109 7C                     310 	.db #0x7c	; 124
    0000010A 60                     311 	.db #0x60	; 96
    0000010B 60                     312 	.db #0x60	; 96
    0000010C 60                     313 	.db #0x60	; 96
    0000010D 60                     314 	.db #0x60	; 96
    0000010E 00                     315 	.db #0x00	; 0
    0000010F 00                     316 	.db #0x00	; 0
    00000110 00                     317 	.db #0x00	; 0
    00000111 00                     318 	.db #0x00	; 0
    00000112 3C                     319 	.db #0x3c	; 60
    00000113 3C                     320 	.db #0x3c	; 60
    00000114 66                     321 	.db #0x66	; 102	'f'
    00000115 66                     322 	.db #0x66	; 102	'f'
    00000116 66                     323 	.db #0x66	; 102	'f'
    00000117 66                     324 	.db #0x66	; 102	'f'
    00000118 6A                     325 	.db #0x6a	; 106	'j'
    00000119 6A                     326 	.db #0x6a	; 106	'j'
    0000011A 6C                     327 	.db #0x6c	; 108	'l'
    0000011B 6C                     328 	.db #0x6c	; 108	'l'
    0000011C 36                     329 	.db #0x36	; 54	'6'
    0000011D 36                     330 	.db #0x36	; 54	'6'
    0000011E 00                     331 	.db #0x00	; 0
    0000011F 00                     332 	.db #0x00	; 0
    00000120 00                     333 	.db #0x00	; 0
    00000121 00                     334 	.db #0x00	; 0
    00000122 7C                     335 	.db #0x7c	; 124
    00000123 7C                     336 	.db #0x7c	; 124
    00000124 66                     337 	.db #0x66	; 102	'f'
    00000125 66                     338 	.db #0x66	; 102	'f'
    00000126 66                     339 	.db #0x66	; 102	'f'
    00000127 66                     340 	.db #0x66	; 102	'f'
    00000128 7C                     341 	.db #0x7c	; 124
    00000129 7C                     342 	.db #0x7c	; 124
    0000012A 6C                     343 	.db #0x6c	; 108	'l'
    0000012B 6C                     344 	.db #0x6c	; 108	'l'
    0000012C 66                     345 	.db #0x66	; 102	'f'
    0000012D 66                     346 	.db #0x66	; 102	'f'
    0000012E 00                     347 	.db #0x00	; 0
    0000012F 00                     348 	.db #0x00	; 0
    00000130 00                     349 	.db #0x00	; 0
    00000131 00                     350 	.db #0x00	; 0
    00000132 3C                     351 	.db #0x3c	; 60
    00000133 3C                     352 	.db #0x3c	; 60
    00000134 60                     353 	.db #0x60	; 96
    00000135 60                     354 	.db #0x60	; 96
    00000136 3C                     355 	.db #0x3c	; 60
    00000137 3C                     356 	.db #0x3c	; 60
    00000138 06                     357 	.db #0x06	; 6
    00000139 06                     358 	.db #0x06	; 6
    0000013A 06                     359 	.db #0x06	; 6
    0000013B 06                     360 	.db #0x06	; 6
    0000013C 3C                     361 	.db #0x3c	; 60
    0000013D 3C                     362 	.db #0x3c	; 60
    0000013E 00                     363 	.db #0x00	; 0
    0000013F 00                     364 	.db #0x00	; 0
    00000140 00                     365 	.db #0x00	; 0
    00000141 00                     366 	.db #0x00	; 0
    00000142 7E                     367 	.db #0x7e	; 126
    00000143 7E                     368 	.db #0x7e	; 126
    00000144 18                     369 	.db #0x18	; 24
    00000145 18                     370 	.db #0x18	; 24
    00000146 18                     371 	.db #0x18	; 24
    00000147 18                     372 	.db #0x18	; 24
    00000148 18                     373 	.db #0x18	; 24
    00000149 18                     374 	.db #0x18	; 24
    0000014A 18                     375 	.db #0x18	; 24
    0000014B 18                     376 	.db #0x18	; 24
    0000014C 18                     377 	.db #0x18	; 24
    0000014D 18                     378 	.db #0x18	; 24
    0000014E 00                     379 	.db #0x00	; 0
    0000014F 00                     380 	.db #0x00	; 0
    00000150 00                     381 	.db #0x00	; 0
    00000151 00                     382 	.db #0x00	; 0
    00000152 66                     383 	.db #0x66	; 102	'f'
    00000153 66                     384 	.db #0x66	; 102	'f'
    00000154 66                     385 	.db #0x66	; 102	'f'
    00000155 66                     386 	.db #0x66	; 102	'f'
    00000156 66                     387 	.db #0x66	; 102	'f'
    00000157 66                     388 	.db #0x66	; 102	'f'
    00000158 66                     389 	.db #0x66	; 102	'f'
    00000159 66                     390 	.db #0x66	; 102	'f'
    0000015A 66                     391 	.db #0x66	; 102	'f'
    0000015B 66                     392 	.db #0x66	; 102	'f'
    0000015C 3C                     393 	.db #0x3c	; 60
    0000015D 3C                     394 	.db #0x3c	; 60
    0000015E 00                     395 	.db #0x00	; 0
    0000015F 00                     396 	.db #0x00	; 0
    00000160 00                     397 	.db #0x00	; 0
    00000161 00                     398 	.db #0x00	; 0
    00000162 66                     399 	.db #0x66	; 102	'f'
    00000163 66                     400 	.db #0x66	; 102	'f'
    00000164 66                     401 	.db #0x66	; 102	'f'
    00000165 66                     402 	.db #0x66	; 102	'f'
    00000166 66                     403 	.db #0x66	; 102	'f'
    00000167 66                     404 	.db #0x66	; 102	'f'
    00000168 66                     405 	.db #0x66	; 102	'f'
    00000169 66                     406 	.db #0x66	; 102	'f'
    0000016A 3C                     407 	.db #0x3c	; 60
    0000016B 3C                     408 	.db #0x3c	; 60
    0000016C 18                     409 	.db #0x18	; 24
    0000016D 18                     410 	.db #0x18	; 24
    0000016E 00                     411 	.db #0x00	; 0
    0000016F 00                     412 	.db #0x00	; 0
    00000170 00                     413 	.db #0x00	; 0
    00000171 00                     414 	.db #0x00	; 0
    00000172 63                     415 	.db #0x63	; 99	'c'
    00000173 63                     416 	.db #0x63	; 99	'c'
    00000174 63                     417 	.db #0x63	; 99	'c'
    00000175 63                     418 	.db #0x63	; 99	'c'
    00000176 6B                     419 	.db #0x6b	; 107	'k'
    00000177 6B                     420 	.db #0x6b	; 107	'k'
    00000178 7F                     421 	.db #0x7f	; 127
    00000179 7F                     422 	.db #0x7f	; 127
    0000017A 77                     423 	.db #0x77	; 119	'w'
    0000017B 77                     424 	.db #0x77	; 119	'w'
    0000017C 63                     425 	.db #0x63	; 99	'c'
    0000017D 63                     426 	.db #0x63	; 99	'c'
    0000017E 00                     427 	.db #0x00	; 0
    0000017F 00                     428 	.db #0x00	; 0
    00000180 00                     429 	.db #0x00	; 0
    00000181 00                     430 	.db #0x00	; 0
    00000182 66                     431 	.db #0x66	; 102	'f'
    00000183 66                     432 	.db #0x66	; 102	'f'
    00000184 3C                     433 	.db #0x3c	; 60
    00000185 3C                     434 	.db #0x3c	; 60
    00000186 18                     435 	.db #0x18	; 24
    00000187 18                     436 	.db #0x18	; 24
    00000188 18                     437 	.db #0x18	; 24
    00000189 18                     438 	.db #0x18	; 24
    0000018A 3C                     439 	.db #0x3c	; 60
    0000018B 3C                     440 	.db #0x3c	; 60
    0000018C 66                     441 	.db #0x66	; 102	'f'
    0000018D 66                     442 	.db #0x66	; 102	'f'
    0000018E 00                     443 	.db #0x00	; 0
    0000018F 00                     444 	.db #0x00	; 0
    00000190 00                     445 	.db #0x00	; 0
    00000191 00                     446 	.db #0x00	; 0
    00000192 66                     447 	.db #0x66	; 102	'f'
    00000193 66                     448 	.db #0x66	; 102	'f'
    00000194 66                     449 	.db #0x66	; 102	'f'
    00000195 66                     450 	.db #0x66	; 102	'f'
    00000196 3C                     451 	.db #0x3c	; 60
    00000197 3C                     452 	.db #0x3c	; 60
    00000198 18                     453 	.db #0x18	; 24
    00000199 18                     454 	.db #0x18	; 24
    0000019A 18                     455 	.db #0x18	; 24
    0000019B 18                     456 	.db #0x18	; 24
    0000019C 18                     457 	.db #0x18	; 24
    0000019D 18                     458 	.db #0x18	; 24
    0000019E 00                     459 	.db #0x00	; 0
    0000019F 00                     460 	.db #0x00	; 0
    000001A0 00                     461 	.db #0x00	; 0
    000001A1 00                     462 	.db #0x00	; 0
    000001A2 7E                     463 	.db #0x7e	; 126
    000001A3 7E                     464 	.db #0x7e	; 126
    000001A4 0C                     465 	.db #0x0c	; 12
    000001A5 0C                     466 	.db #0x0c	; 12
    000001A6 18                     467 	.db #0x18	; 24
    000001A7 18                     468 	.db #0x18	; 24
    000001A8 30                     469 	.db #0x30	; 48	'0'
    000001A9 30                     470 	.db #0x30	; 48	'0'
    000001AA 60                     471 	.db #0x60	; 96
    000001AB 60                     472 	.db #0x60	; 96
    000001AC 7E                     473 	.db #0x7e	; 126
    000001AD 7E                     474 	.db #0x7e	; 126
    000001AE 00                     475 	.db #0x00	; 0
    000001AF 00                     476 	.db #0x00	; 0
    000001B0 00                     477 	.db #0x00	; 0
    000001B1 00                     478 	.db #0x00	; 0
    000001B2 00                     479 	.db #0x00	; 0
    000001B3 00                     480 	.db #0x00	; 0
    000001B4 00                     481 	.db #0x00	; 0
    000001B5 00                     482 	.db #0x00	; 0
    000001B6 00                     483 	.db #0x00	; 0
    000001B7 00                     484 	.db #0x00	; 0
    000001B8 00                     485 	.db #0x00	; 0
    000001B9 00                     486 	.db #0x00	; 0
    000001BA 18                     487 	.db #0x18	; 24
    000001BB 18                     488 	.db #0x18	; 24
    000001BC 18                     489 	.db #0x18	; 24
    000001BD 18                     490 	.db #0x18	; 24
    000001BE 30                     491 	.db #0x30	; 48	'0'
    000001BF 30                     492 	.db #0x30	; 48	'0'
    000001C0 00                     493 	.db #0x00	; 0
    000001C1 00                     494 	.db #0x00	; 0
    000001C2 3C                     495 	.db #0x3c	; 60
    000001C3 3C                     496 	.db #0x3c	; 60
    000001C4 66                     497 	.db #0x66	; 102	'f'
    000001C5 66                     498 	.db #0x66	; 102	'f'
    000001C6 0C                     499 	.db #0x0c	; 12
    000001C7 0C                     500 	.db #0x0c	; 12
    000001C8 18                     501 	.db #0x18	; 24
    000001C9 18                     502 	.db #0x18	; 24
    000001CA 00                     503 	.db #0x00	; 0
    000001CB 00                     504 	.db #0x00	; 0
    000001CC 18                     505 	.db #0x18	; 24
    000001CD 18                     506 	.db #0x18	; 24
    000001CE 00                     507 	.db #0x00	; 0
    000001CF 00                     508 	.db #0x00	; 0
    000001D0 FF                     509 	.db #0xff	; 255
    000001D1 FF                     510 	.db #0xff	; 255
    000001D2 80                     511 	.db #0x80	; 128
    000001D3 80                     512 	.db #0x80	; 128
    000001D4 80                     513 	.db #0x80	; 128
    000001D5 80                     514 	.db #0x80	; 128
    000001D6 80                     515 	.db #0x80	; 128
    000001D7 80                     516 	.db #0x80	; 128
    000001D8 80                     517 	.db #0x80	; 128
    000001D9 80                     518 	.db #0x80	; 128
    000001DA 80                     519 	.db #0x80	; 128
    000001DB 80                     520 	.db #0x80	; 128
    000001DC 80                     521 	.db #0x80	; 128
    000001DD 80                     522 	.db #0x80	; 128
    000001DE 80                     523 	.db #0x80	; 128
    000001DF 80                     524 	.db #0x80	; 128
    000001E0 FF                     525 	.db #0xff	; 255
    000001E1 FF                     526 	.db #0xff	; 255
    000001E2 00                     527 	.db #0x00	; 0
    000001E3 00                     528 	.db #0x00	; 0
    000001E4 00                     529 	.db #0x00	; 0
    000001E5 00                     530 	.db #0x00	; 0
    000001E6 00                     531 	.db #0x00	; 0
    000001E7 00                     532 	.db #0x00	; 0
    000001E8 00                     533 	.db #0x00	; 0
    000001E9 00                     534 	.db #0x00	; 0
    000001EA 00                     535 	.db #0x00	; 0
    000001EB 00                     536 	.db #0x00	; 0
    000001EC 00                     537 	.db #0x00	; 0
    000001ED 00                     538 	.db #0x00	; 0
    000001EE 00                     539 	.db #0x00	; 0
    000001EF 00                     540 	.db #0x00	; 0
    000001F0 FF                     541 	.db #0xff	; 255
    000001F1 FF                     542 	.db #0xff	; 255
    000001F2 01                     543 	.db #0x01	; 1
    000001F3 01                     544 	.db #0x01	; 1
    000001F4 01                     545 	.db #0x01	; 1
    000001F5 01                     546 	.db #0x01	; 1
    000001F6 01                     547 	.db #0x01	; 1
    000001F7 01                     548 	.db #0x01	; 1
    000001F8 01                     549 	.db #0x01	; 1
    000001F9 01                     550 	.db #0x01	; 1
    000001FA 01                     551 	.db #0x01	; 1
    000001FB 01                     552 	.db #0x01	; 1
    000001FC 01                     553 	.db #0x01	; 1
    000001FD 01                     554 	.db #0x01	; 1
    000001FE 01                     555 	.db #0x01	; 1
    000001FF 01                     556 	.db #0x01	; 1
    00000200 80                     557 	.db #0x80	; 128
    00000201 80                     558 	.db #0x80	; 128
    00000202 80                     559 	.db #0x80	; 128
    00000203 80                     560 	.db #0x80	; 128
    00000204 80                     561 	.db #0x80	; 128
    00000205 80                     562 	.db #0x80	; 128
    00000206 80                     563 	.db #0x80	; 128
    00000207 80                     564 	.db #0x80	; 128
    00000208 80                     565 	.db #0x80	; 128
    00000209 80                     566 	.db #0x80	; 128
    0000020A 80                     567 	.db #0x80	; 128
    0000020B 80                     568 	.db #0x80	; 128
    0000020C 80                     569 	.db #0x80	; 128
    0000020D 80                     570 	.db #0x80	; 128
    0000020E 80                     571 	.db #0x80	; 128
    0000020F 80                     572 	.db #0x80	; 128
    00000210 80                     573 	.db #0x80	; 128
    00000211 80                     574 	.db #0x80	; 128
    00000212 80                     575 	.db #0x80	; 128
    00000213 80                     576 	.db #0x80	; 128
    00000214 80                     577 	.db #0x80	; 128
    00000215 80                     578 	.db #0x80	; 128
    00000216 80                     579 	.db #0x80	; 128
    00000217 80                     580 	.db #0x80	; 128
    00000218 80                     581 	.db #0x80	; 128
    00000219 80                     582 	.db #0x80	; 128
    0000021A 80                     583 	.db #0x80	; 128
    0000021B 80                     584 	.db #0x80	; 128
    0000021C 80                     585 	.db #0x80	; 128
    0000021D 80                     586 	.db #0x80	; 128
    0000021E FF                     587 	.db #0xff	; 255
    0000021F FF                     588 	.db #0xff	; 255
    00000220 01                     589 	.db #0x01	; 1
    00000221 01                     590 	.db #0x01	; 1
    00000222 01                     591 	.db #0x01	; 1
    00000223 01                     592 	.db #0x01	; 1
    00000224 01                     593 	.db #0x01	; 1
    00000225 01                     594 	.db #0x01	; 1
    00000226 01                     595 	.db #0x01	; 1
    00000227 01                     596 	.db #0x01	; 1
    00000228 01                     597 	.db #0x01	; 1
    00000229 01                     598 	.db #0x01	; 1
    0000022A 01                     599 	.db #0x01	; 1
    0000022B 01                     600 	.db #0x01	; 1
    0000022C 01                     601 	.db #0x01	; 1
    0000022D 01                     602 	.db #0x01	; 1
    0000022E FF                     603 	.db #0xff	; 255
    0000022F FF                     604 	.db #0xff	; 255
                                    605 	.area _INITIALIZER
                                    606 	.area _CABS (ABS)
