                                      1 ;--------------------------------------------------------
                                      2 ; File Created by SDCC : free open source ISO C Compiler
                                      3 ; Version 4.5.1 #15267 (Mac OS X ppc)
                                      4 ;--------------------------------------------------------
                                      5 	.module player
                                      6 	
                                      7 ;--------------------------------------------------------
                                      8 ; Public variables in this module
                                      9 ;--------------------------------------------------------
                                     10 	.globl _player_sprites
                                     11 ;--------------------------------------------------------
                                     12 ; special function registers
                                     13 ;--------------------------------------------------------
                                     14 	.area _HRAM
                                     15 ;--------------------------------------------------------
                                     16 ; ram data
                                     17 ;--------------------------------------------------------
                                     18 	.area _DATA
                                     19 ;--------------------------------------------------------
                                     20 ; ram data
                                     21 ;--------------------------------------------------------
                                     22 	.area _INITIALIZED
                                     23 ;--------------------------------------------------------
                                     24 ; absolute external ram data
                                     25 ;--------------------------------------------------------
                                     26 	.area _DABS (ABS)
                                     27 ;--------------------------------------------------------
                                     28 ; global & static initialisations
                                     29 ;--------------------------------------------------------
                                     30 	.area _HOME
                                     31 	.area _GSINIT
                                     32 	.area _GSFINAL
                                     33 	.area _GSINIT
                                     34 ;--------------------------------------------------------
                                     35 ; Home
                                     36 ;--------------------------------------------------------
                                     37 	.area _HOME
                                     38 	.area _HOME
                                     39 ;--------------------------------------------------------
                                     40 ; code
                                     41 ;--------------------------------------------------------
                                     42 	.area _CODE
                                     43 	.area _CODE
    00000000                         44 _player_sprites:
    00000000 0E                      45 	.db #0x0e	; 14
    00000001 0E                      46 	.db #0x0e	; 14
    00000002 11                      47 	.db #0x11	; 17
    00000003 1F                      48 	.db #0x1f	; 31
    00000004 20                      49 	.db #0x20	; 32
    00000005 3F                      50 	.db #0x3f	; 63
    00000006 43                      51 	.db #0x43	; 67	'C'
    00000007 7C                      52 	.db #0x7c	; 124
    00000008 4F                      53 	.db #0x4f	; 79	'O'
    00000009 70                      54 	.db #0x70	; 112	'p'
    0000000A 4F                      55 	.db #0x4f	; 79	'O'
    0000000B 72                      56 	.db #0x72	; 114	'r'
    0000000C 4F                      57 	.db #0x4f	; 79	'O'
    0000000D 70                      58 	.db #0x70	; 112	'p'
    0000000E 27                      59 	.db #0x27	; 39
    0000000F 38                      60 	.db #0x38	; 56	'8'
    00000010 70                      61 	.db #0x70	; 112	'p'
    00000011 70                      62 	.db #0x70	; 112	'p'
    00000012 88                      63 	.db #0x88	; 136
    00000013 F8                      64 	.db #0xf8	; 248
    00000014 04                      65 	.db #0x04	; 4
    00000015 FC                      66 	.db #0xfc	; 252
    00000016 C2                      67 	.db #0xc2	; 194
    00000017 3E                      68 	.db #0x3e	; 62
    00000018 F2                      69 	.db #0xf2	; 242
    00000019 0E                      70 	.db #0x0e	; 14
    0000001A F2                      71 	.db #0xf2	; 242
    0000001B 4E                      72 	.db #0x4e	; 78	'N'
    0000001C F2                      73 	.db #0xf2	; 242
    0000001D 0E                      74 	.db #0x0e	; 14
    0000001E E4                      75 	.db #0xe4	; 228
    0000001F 1C                      76 	.db #0x1c	; 28
    00000020 10                      77 	.db #0x10	; 16
    00000021 1F                      78 	.db #0x1f	; 31
    00000022 27                      79 	.db #0x27	; 39
    00000023 3F                      80 	.db #0x3f	; 63
    00000024 54                      81 	.db #0x54	; 84	'T'
    00000025 6F                      82 	.db #0x6f	; 111	'o'
    00000026 77                      83 	.db #0x77	; 119	'w'
    00000027 6F                      84 	.db #0x6f	; 111	'o'
    00000028 17                      85 	.db #0x17	; 23
    00000029 1F                      86 	.db #0x1f	; 31
    0000002A 0A                      87 	.db #0x0a	; 10
    0000002B 0E                      88 	.db #0x0e	; 14
    0000002C 0E                      89 	.db #0x0e	; 14
    0000002D 0E                      90 	.db #0x0e	; 14
    0000002E 00                      91 	.db #0x00	; 0
    0000002F 00                      92 	.db #0x00	; 0
    00000030 08                      93 	.db #0x08	; 8
    00000031 F8                      94 	.db #0xf8	; 248
    00000032 E4                      95 	.db #0xe4	; 228
    00000033 FC                      96 	.db #0xfc	; 252
    00000034 2A                      97 	.db #0x2a	; 42
    00000035 F6                      98 	.db #0xf6	; 246
    00000036 EE                      99 	.db #0xee	; 238
    00000037 F6                     100 	.db #0xf6	; 246
    00000038 E8                     101 	.db #0xe8	; 232
    00000039 F8                     102 	.db #0xf8	; 248
    0000003A 50                     103 	.db #0x50	; 80	'P'
    0000003B 70                     104 	.db #0x70	; 112	'p'
    0000003C 70                     105 	.db #0x70	; 112	'p'
    0000003D 70                     106 	.db #0x70	; 112	'p'
    0000003E 00                     107 	.db #0x00	; 0
    0000003F 00                     108 	.db #0x00	; 0
    00000040 0E                     109 	.db #0x0e	; 14
    00000041 0E                     110 	.db #0x0e	; 14
    00000042 11                     111 	.db #0x11	; 17
    00000043 1F                     112 	.db #0x1f	; 31
    00000044 20                     113 	.db #0x20	; 32
    00000045 3F                     114 	.db #0x3f	; 63
    00000046 43                     115 	.db #0x43	; 67	'C'
    00000047 7C                     116 	.db #0x7c	; 124
    00000048 4F                     117 	.db #0x4f	; 79	'O'
    00000049 70                     118 	.db #0x70	; 112	'p'
    0000004A 4F                     119 	.db #0x4f	; 79	'O'
    0000004B 72                     120 	.db #0x72	; 114	'r'
    0000004C 4F                     121 	.db #0x4f	; 79	'O'
    0000004D 70                     122 	.db #0x70	; 112	'p'
    0000004E 27                     123 	.db #0x27	; 39
    0000004F 38                     124 	.db #0x38	; 56	'8'
    00000050 70                     125 	.db #0x70	; 112	'p'
    00000051 70                     126 	.db #0x70	; 112	'p'
    00000052 88                     127 	.db #0x88	; 136
    00000053 F8                     128 	.db #0xf8	; 248
    00000054 04                     129 	.db #0x04	; 4
    00000055 FC                     130 	.db #0xfc	; 252
    00000056 C2                     131 	.db #0xc2	; 194
    00000057 3E                     132 	.db #0x3e	; 62
    00000058 F2                     133 	.db #0xf2	; 242
    00000059 0E                     134 	.db #0x0e	; 14
    0000005A F2                     135 	.db #0xf2	; 242
    0000005B 4E                     136 	.db #0x4e	; 78	'N'
    0000005C F2                     137 	.db #0xf2	; 242
    0000005D 0E                     138 	.db #0x0e	; 14
    0000005E E4                     139 	.db #0xe4	; 228
    0000005F 1C                     140 	.db #0x1c	; 28
    00000060 10                     141 	.db #0x10	; 16
    00000061 1F                     142 	.db #0x1f	; 31
    00000062 27                     143 	.db #0x27	; 39
    00000063 3F                     144 	.db #0x3f	; 63
    00000064 54                     145 	.db #0x54	; 84	'T'
    00000065 6F                     146 	.db #0x6f	; 111	'o'
    00000066 77                     147 	.db #0x77	; 119	'w'
    00000067 6F                     148 	.db #0x6f	; 111	'o'
    00000068 0E                     149 	.db #0x0e	; 14
    00000069 0E                     150 	.db #0x0e	; 14
    0000006A 0A                     151 	.db #0x0a	; 10
    0000006B 0E                     152 	.db #0x0e	; 14
    0000006C 0E                     153 	.db #0x0e	; 14
    0000006D 0E                     154 	.db #0x0e	; 14
    0000006E 00                     155 	.db #0x00	; 0
    0000006F 00                     156 	.db #0x00	; 0
    00000070 08                     157 	.db #0x08	; 8
    00000071 F8                     158 	.db #0xf8	; 248
    00000072 E4                     159 	.db #0xe4	; 228
    00000073 FC                     160 	.db #0xfc	; 252
    00000074 2A                     161 	.db #0x2a	; 42
    00000075 F6                     162 	.db #0xf6	; 246
    00000076 EE                     163 	.db #0xee	; 238
    00000077 F6                     164 	.db #0xf6	; 246
    00000078 50                     165 	.db #0x50	; 80	'P'
    00000079 70                     166 	.db #0x70	; 112	'p'
    0000007A 70                     167 	.db #0x70	; 112	'p'
    0000007B 70                     168 	.db #0x70	; 112	'p'
    0000007C 00                     169 	.db #0x00	; 0
    0000007D 00                     170 	.db #0x00	; 0
    0000007E 00                     171 	.db #0x00	; 0
    0000007F 00                     172 	.db #0x00	; 0
    00000080 0E                     173 	.db #0x0e	; 14
    00000081 0E                     174 	.db #0x0e	; 14
    00000082 11                     175 	.db #0x11	; 17
    00000083 1F                     176 	.db #0x1f	; 31
    00000084 20                     177 	.db #0x20	; 32
    00000085 3F                     178 	.db #0x3f	; 63
    00000086 40                     179 	.db #0x40	; 64
    00000087 7F                     180 	.db #0x7f	; 127
    00000088 40                     181 	.db #0x40	; 64
    00000089 7F                     182 	.db #0x7f	; 127
    0000008A 40                     183 	.db #0x40	; 64
    0000008B 7F                     184 	.db #0x7f	; 127
    0000008C 4F                     185 	.db #0x4f	; 79	'O'
    0000008D 7F                     186 	.db #0x7f	; 127
    0000008E 30                     187 	.db #0x30	; 48	'0'
    0000008F 3F                     188 	.db #0x3f	; 63
    00000090 70                     189 	.db #0x70	; 112	'p'
    00000091 70                     190 	.db #0x70	; 112	'p'
    00000092 88                     191 	.db #0x88	; 136
    00000093 F8                     192 	.db #0xf8	; 248
    00000094 04                     193 	.db #0x04	; 4
    00000095 FC                     194 	.db #0xfc	; 252
    00000096 02                     195 	.db #0x02	; 2
    00000097 FE                     196 	.db #0xfe	; 254
    00000098 02                     197 	.db #0x02	; 2
    00000099 FE                     198 	.db #0xfe	; 254
    0000009A 02                     199 	.db #0x02	; 2
    0000009B FE                     200 	.db #0xfe	; 254
    0000009C F2                     201 	.db #0xf2	; 242
    0000009D FE                     202 	.db #0xfe	; 254
    0000009E 0C                     203 	.db #0x0c	; 12
    0000009F FC                     204 	.db #0xfc	; 252
    000000A0 18                     205 	.db #0x18	; 24
    000000A1 1F                     206 	.db #0x1f	; 31
    000000A2 27                     207 	.db #0x27	; 39
    000000A3 3F                     208 	.db #0x3f	; 63
    000000A4 54                     209 	.db #0x54	; 84	'T'
    000000A5 6F                     210 	.db #0x6f	; 111	'o'
    000000A6 77                     211 	.db #0x77	; 119	'w'
    000000A7 6F                     212 	.db #0x6f	; 111	'o'
    000000A8 17                     213 	.db #0x17	; 23
    000000A9 1F                     214 	.db #0x1f	; 31
    000000AA 0A                     215 	.db #0x0a	; 10
    000000AB 0E                     216 	.db #0x0e	; 14
    000000AC 0E                     217 	.db #0x0e	; 14
    000000AD 0E                     218 	.db #0x0e	; 14
    000000AE 00                     219 	.db #0x00	; 0
    000000AF 00                     220 	.db #0x00	; 0
    000000B0 18                     221 	.db #0x18	; 24
    000000B1 F8                     222 	.db #0xf8	; 248
    000000B2 E4                     223 	.db #0xe4	; 228
    000000B3 FC                     224 	.db #0xfc	; 252
    000000B4 2A                     225 	.db #0x2a	; 42
    000000B5 F6                     226 	.db #0xf6	; 246
    000000B6 EE                     227 	.db #0xee	; 238
    000000B7 F6                     228 	.db #0xf6	; 246
    000000B8 E8                     229 	.db #0xe8	; 232
    000000B9 F8                     230 	.db #0xf8	; 248
    000000BA 50                     231 	.db #0x50	; 80	'P'
    000000BB 70                     232 	.db #0x70	; 112	'p'
    000000BC 70                     233 	.db #0x70	; 112	'p'
    000000BD 70                     234 	.db #0x70	; 112	'p'
    000000BE 00                     235 	.db #0x00	; 0
    000000BF 00                     236 	.db #0x00	; 0
    000000C0 0E                     237 	.db #0x0e	; 14
    000000C1 0E                     238 	.db #0x0e	; 14
    000000C2 11                     239 	.db #0x11	; 17
    000000C3 1F                     240 	.db #0x1f	; 31
    000000C4 20                     241 	.db #0x20	; 32
    000000C5 3F                     242 	.db #0x3f	; 63
    000000C6 40                     243 	.db #0x40	; 64
    000000C7 7F                     244 	.db #0x7f	; 127
    000000C8 40                     245 	.db #0x40	; 64
    000000C9 7F                     246 	.db #0x7f	; 127
    000000CA 40                     247 	.db #0x40	; 64
    000000CB 7F                     248 	.db #0x7f	; 127
    000000CC 4F                     249 	.db #0x4f	; 79	'O'
    000000CD 7F                     250 	.db #0x7f	; 127
    000000CE 30                     251 	.db #0x30	; 48	'0'
    000000CF 3F                     252 	.db #0x3f	; 63
    000000D0 70                     253 	.db #0x70	; 112	'p'
    000000D1 70                     254 	.db #0x70	; 112	'p'
    000000D2 88                     255 	.db #0x88	; 136
    000000D3 F8                     256 	.db #0xf8	; 248
    000000D4 04                     257 	.db #0x04	; 4
    000000D5 FC                     258 	.db #0xfc	; 252
    000000D6 02                     259 	.db #0x02	; 2
    000000D7 FE                     260 	.db #0xfe	; 254
    000000D8 02                     261 	.db #0x02	; 2
    000000D9 FE                     262 	.db #0xfe	; 254
    000000DA 02                     263 	.db #0x02	; 2
    000000DB FE                     264 	.db #0xfe	; 254
    000000DC F2                     265 	.db #0xf2	; 242
    000000DD FE                     266 	.db #0xfe	; 254
    000000DE 0C                     267 	.db #0x0c	; 12
    000000DF FC                     268 	.db #0xfc	; 252
    000000E0 18                     269 	.db #0x18	; 24
    000000E1 1F                     270 	.db #0x1f	; 31
    000000E2 27                     271 	.db #0x27	; 39
    000000E3 3F                     272 	.db #0x3f	; 63
    000000E4 54                     273 	.db #0x54	; 84	'T'
    000000E5 6F                     274 	.db #0x6f	; 111	'o'
    000000E6 77                     275 	.db #0x77	; 119	'w'
    000000E7 6F                     276 	.db #0x6f	; 111	'o'
    000000E8 0E                     277 	.db #0x0e	; 14
    000000E9 0E                     278 	.db #0x0e	; 14
    000000EA 0A                     279 	.db #0x0a	; 10
    000000EB 0E                     280 	.db #0x0e	; 14
    000000EC 0E                     281 	.db #0x0e	; 14
    000000ED 0E                     282 	.db #0x0e	; 14
    000000EE 00                     283 	.db #0x00	; 0
    000000EF 00                     284 	.db #0x00	; 0
    000000F0 18                     285 	.db #0x18	; 24
    000000F1 F8                     286 	.db #0xf8	; 248
    000000F2 E4                     287 	.db #0xe4	; 228
    000000F3 FC                     288 	.db #0xfc	; 252
    000000F4 2A                     289 	.db #0x2a	; 42
    000000F5 F6                     290 	.db #0xf6	; 246
    000000F6 EE                     291 	.db #0xee	; 238
    000000F7 F6                     292 	.db #0xf6	; 246
    000000F8 50                     293 	.db #0x50	; 80	'P'
    000000F9 70                     294 	.db #0x70	; 112	'p'
    000000FA 70                     295 	.db #0x70	; 112	'p'
    000000FB 70                     296 	.db #0x70	; 112	'p'
    000000FC 00                     297 	.db #0x00	; 0
    000000FD 00                     298 	.db #0x00	; 0
    000000FE 00                     299 	.db #0x00	; 0
    000000FF 00                     300 	.db #0x00	; 0
    00000100 07                     301 	.db #0x07	; 7
    00000101 07                     302 	.db #0x07	; 7
    00000102 08                     303 	.db #0x08	; 8
    00000103 0F                     304 	.db #0x0f	; 15
    00000104 10                     305 	.db #0x10	; 16
    00000105 1F                     306 	.db #0x1f	; 31
    00000106 10                     307 	.db #0x10	; 16
    00000107 1F                     308 	.db #0x1f	; 31
    00000108 13                     309 	.db #0x13	; 19
    00000109 1F                     310 	.db #0x1f	; 31
    0000010A 17                     311 	.db #0x17	; 23
    0000010B 18                     312 	.db #0x18	; 24
    0000010C 0F                     313 	.db #0x0f	; 15
    0000010D 09                     314 	.db #0x09	; 9
    0000010E 0F                     315 	.db #0x0f	; 15
    0000010F 08                     316 	.db #0x08	; 8
    00000110 C0                     317 	.db #0xc0	; 192
    00000111 C0                     318 	.db #0xc0	; 192
    00000112 20                     319 	.db #0x20	; 32
    00000113 E0                     320 	.db #0xe0	; 224
    00000114 10                     321 	.db #0x10	; 16
    00000115 F0                     322 	.db #0xf0	; 240
    00000116 08                     323 	.db #0x08	; 8
    00000117 F8                     324 	.db #0xf8	; 248
    00000118 FE                     325 	.db #0xfe	; 254
    00000119 FE                     326 	.db #0xfe	; 254
    0000011A 84                     327 	.db #0x84	; 132
    0000011B 7C                     328 	.db #0x7c	; 124
    0000011C C4                     329 	.db #0xc4	; 196
    0000011D 3C                     330 	.db #0x3c	; 60
    0000011E C8                     331 	.db #0xc8	; 200
    0000011F 38                     332 	.db #0x38	; 56	'8'
    00000120 04                     333 	.db #0x04	; 4
    00000121 07                     334 	.db #0x07	; 7
    00000122 08                     335 	.db #0x08	; 8
    00000123 0F                     336 	.db #0x0f	; 15
    00000124 14                     337 	.db #0x14	; 20
    00000125 1B                     338 	.db #0x1b	; 27
    00000126 1C                     339 	.db #0x1c	; 28
    00000127 1B                     340 	.db #0x1b	; 27
    00000128 05                     341 	.db #0x05	; 5
    00000129 07                     342 	.db #0x07	; 7
    0000012A 06                     343 	.db #0x06	; 6
    0000012B 06                     344 	.db #0x06	; 6
    0000012C 00                     345 	.db #0x00	; 0
    0000012D 00                     346 	.db #0x00	; 0
    0000012E 00                     347 	.db #0x00	; 0
    0000012F 00                     348 	.db #0x00	; 0
    00000130 10                     349 	.db #0x10	; 16
    00000131 F0                     350 	.db #0xf0	; 240
    00000132 10                     351 	.db #0x10	; 16
    00000133 F0                     352 	.db #0xf0	; 240
    00000134 38                     353 	.db #0x38	; 56	'8'
    00000135 E8                     354 	.db #0xe8	; 232
    00000136 38                     355 	.db #0x38	; 56	'8'
    00000137 E8                     356 	.db #0xe8	; 232
    00000138 30                     357 	.db #0x30	; 48	'0'
    00000139 D0                     358 	.db #0xd0	; 208
    0000013A E0                     359 	.db #0xe0	; 224
    0000013B E0                     360 	.db #0xe0	; 224
    0000013C 00                     361 	.db #0x00	; 0
    0000013D 00                     362 	.db #0x00	; 0
    0000013E 00                     363 	.db #0x00	; 0
    0000013F 00                     364 	.db #0x00	; 0
    00000140 07                     365 	.db #0x07	; 7
    00000141 07                     366 	.db #0x07	; 7
    00000142 08                     367 	.db #0x08	; 8
    00000143 0F                     368 	.db #0x0f	; 15
    00000144 10                     369 	.db #0x10	; 16
    00000145 1F                     370 	.db #0x1f	; 31
    00000146 10                     371 	.db #0x10	; 16
    00000147 1F                     372 	.db #0x1f	; 31
    00000148 13                     373 	.db #0x13	; 19
    00000149 1F                     374 	.db #0x1f	; 31
    0000014A 17                     375 	.db #0x17	; 23
    0000014B 18                     376 	.db #0x18	; 24
    0000014C 0F                     377 	.db #0x0f	; 15
    0000014D 09                     378 	.db #0x09	; 9
    0000014E 0F                     379 	.db #0x0f	; 15
    0000014F 08                     380 	.db #0x08	; 8
    00000150 C0                     381 	.db #0xc0	; 192
    00000151 C0                     382 	.db #0xc0	; 192
    00000152 20                     383 	.db #0x20	; 32
    00000153 E0                     384 	.db #0xe0	; 224
    00000154 10                     385 	.db #0x10	; 16
    00000155 F0                     386 	.db #0xf0	; 240
    00000156 08                     387 	.db #0x08	; 8
    00000157 F8                     388 	.db #0xf8	; 248
    00000158 FE                     389 	.db #0xfe	; 254
    00000159 FE                     390 	.db #0xfe	; 254
    0000015A 84                     391 	.db #0x84	; 132
    0000015B 7C                     392 	.db #0x7c	; 124
    0000015C C4                     393 	.db #0xc4	; 196
    0000015D 3C                     394 	.db #0x3c	; 60
    0000015E C8                     395 	.db #0xc8	; 200
    0000015F 38                     396 	.db #0x38	; 56	'8'
    00000160 04                     397 	.db #0x04	; 4
    00000161 07                     398 	.db #0x07	; 7
    00000162 08                     399 	.db #0x08	; 8
    00000163 0F                     400 	.db #0x0f	; 15
    00000164 14                     401 	.db #0x14	; 20
    00000165 1B                     402 	.db #0x1b	; 27
    00000166 1C                     403 	.db #0x1c	; 28
    00000167 1B                     404 	.db #0x1b	; 27
    00000168 06                     405 	.db #0x06	; 6
    00000169 06                     406 	.db #0x06	; 6
    0000016A 05                     407 	.db #0x05	; 5
    0000016B 07                     408 	.db #0x07	; 7
    0000016C 00                     409 	.db #0x00	; 0
    0000016D 00                     410 	.db #0x00	; 0
    0000016E 00                     411 	.db #0x00	; 0
    0000016F 00                     412 	.db #0x00	; 0
    00000170 10                     413 	.db #0x10	; 16
    00000171 F0                     414 	.db #0xf0	; 240
    00000172 10                     415 	.db #0x10	; 16
    00000173 F0                     416 	.db #0xf0	; 240
    00000174 38                     417 	.db #0x38	; 56	'8'
    00000175 E8                     418 	.db #0xe8	; 232
    00000176 38                     419 	.db #0x38	; 56	'8'
    00000177 E8                     420 	.db #0xe8	; 232
    00000178 E0                     421 	.db #0xe0	; 224
    00000179 E0                     422 	.db #0xe0	; 224
    0000017A 30                     423 	.db #0x30	; 48	'0'
    0000017B D0                     424 	.db #0xd0	; 208
    0000017C 00                     425 	.db #0x00	; 0
    0000017D 00                     426 	.db #0x00	; 0
    0000017E 00                     427 	.db #0x00	; 0
    0000017F 00                     428 	.db #0x00	; 0
                                    429 	.area _INITIALIZER
                                    430 	.area _CABS (ABS)
