                                      1 ;--------------------------------------------------------
                                      2 ; File Created by SDCC : free open source ISO C Compiler
                                      3 ; Version 4.5.1 #15267 (Mac OS X ppc)
                                      4 ;--------------------------------------------------------
                                      5 	.module fade
                                      6 	
                                      7 ;--------------------------------------------------------
                                      8 ; Public variables in this module
                                      9 ;--------------------------------------------------------
                                     10 	.globl _delay
                                     11 	.globl _fade_out
                                     12 	.globl _fade_in
                                     13 ;--------------------------------------------------------
                                     14 ; special function registers
                                     15 ;--------------------------------------------------------
                                     16 	.area _HRAM
                                     17 ;--------------------------------------------------------
                                     18 ; ram data
                                     19 ;--------------------------------------------------------
                                     20 	.area _DATA
                                     21 ;--------------------------------------------------------
                                     22 ; ram data
                                     23 ;--------------------------------------------------------
                                     24 	.area _INITIALIZED
                                     25 ;--------------------------------------------------------
                                     26 ; absolute external ram data
                                     27 ;--------------------------------------------------------
                                     28 	.area _DABS (ABS)
                                     29 ;--------------------------------------------------------
                                     30 ; global & static initialisations
                                     31 ;--------------------------------------------------------
                                     32 	.area _HOME
                                     33 	.area _GSINIT
                                     34 	.area _GSFINAL
                                     35 	.area _GSINIT
                                     36 ;--------------------------------------------------------
                                     37 ; Home
                                     38 ;--------------------------------------------------------
                                     39 	.area _HOME
                                     40 	.area _HOME
                                     41 ;--------------------------------------------------------
                                     42 ; code
                                     43 ;--------------------------------------------------------
                                     44 	.area _CODE
                                     45 ;src/utils/fade.c:3: void fade_out() {
                                     46 ;	---------------------------------
                                     47 ; Function fade_out
                                     48 ; ---------------------------------
    00000000                         49 _fade_out::
    00000000 E8 FC            [16]   50 	add	sp, #-4
                                     51 ;src/utils/fade.c:4: uint8_t palettes[] = {0xE4, 0x90, 0x40, 0xFF};
    00000002 F8 00            [12]   52 	ldhl	sp,	#0
    00000004 3E E4            [ 8]   53 	ld	a, #0xe4
    00000006 22               [ 8]   54 	ld	(hl+), a
    00000007 3E 90            [ 8]   55 	ld	a, #0x90
    00000009 22               [ 8]   56 	ld	(hl+), a
    0000000A 3E 40            [ 8]   57 	ld	a, #0x40
    0000000C 22               [ 8]   58 	ld	(hl+), a
    0000000D 36 FF            [12]   59 	ld	(hl), #0xff
                                     60 ;src/utils/fade.c:5: for (int i = 0; i < 4; i++) {
    0000000F 0E 00            [ 8]   61 	ld	c, #0x00
    00000011                         62 00103$:
    00000011 79               [ 4]   63 	ld	a, c
    00000012 D6 04            [ 8]   64 	sub	a, #0x04
    00000014 30 1A            [12]   65 	jr	NC, 00105$
                                     66 ;src/utils/fade.c:6: BGP_REG = OBP0_REG = OBP1_REG = palettes[i];
    00000016 59               [ 4]   67 	ld	e, c
    00000017 16 00            [ 8]   68 	ld	d, #0x00
    00000019 21 00 00         [12]   69 	ld	hl, #0
    0000001C 39               [ 8]   70 	add	hl, sp
    0000001D 19               [ 8]   71 	add	hl, de
    0000001E 7E               [ 8]   72 	ld	a, (hl)
    0000001F E0r00            [12]   73 	ldh	(_OBP1_REG + 0), a
    00000021 E0r00            [12]   74 	ldh	(_OBP0_REG + 0), a
    00000023 E0r00            [12]   75 	ldh	(_BGP_REG + 0), a
                                     76 ;src/utils/fade.c:7: delay(50);
    00000025 C5               [16]   77 	push	bc
    00000026 11 32 00         [12]   78 	ld	de, #0x0032
    00000029 CDr00r00         [24]   79 	call	_delay
    0000002C C1               [12]   80 	pop	bc
                                     81 ;src/utils/fade.c:5: for (int i = 0; i < 4; i++) {
    0000002D 0C               [ 4]   82 	inc	c
    0000002E 18 E1            [12]   83 	jr	00103$
    00000030                         84 00105$:
                                     85 ;src/utils/fade.c:9: }
    00000030 E8 04            [16]   86 	add	sp, #4
    00000032 C9               [16]   87 	ret
                                     88 ;src/utils/fade.c:11: void fade_in() {
                                     89 ;	---------------------------------
                                     90 ; Function fade_in
                                     91 ; ---------------------------------
    00000033                         92 _fade_in::
    00000033 E8 FC            [16]   93 	add	sp, #-4
                                     94 ;src/utils/fade.c:12: uint8_t palettes[] = {0xFF, 0x40, 0x90, 0xE4};
    00000035 F8 00            [12]   95 	ldhl	sp,	#0
    00000037 3E FF            [ 8]   96 	ld	a, #0xff
    00000039 22               [ 8]   97 	ld	(hl+), a
    0000003A 3E 40            [ 8]   98 	ld	a, #0x40
    0000003C 22               [ 8]   99 	ld	(hl+), a
    0000003D 3E 90            [ 8]  100 	ld	a, #0x90
    0000003F 22               [ 8]  101 	ld	(hl+), a
    00000040 36 E4            [12]  102 	ld	(hl), #0xe4
                                    103 ;src/utils/fade.c:13: for (int i = 0; i < 4; i++) {
    00000042 0E 00            [ 8]  104 	ld	c, #0x00
    00000044                        105 00103$:
    00000044 79               [ 4]  106 	ld	a, c
    00000045 D6 04            [ 8]  107 	sub	a, #0x04
    00000047 30 1A            [12]  108 	jr	NC, 00105$
                                    109 ;src/utils/fade.c:14: BGP_REG = OBP0_REG = OBP1_REG = palettes[i];
    00000049 59               [ 4]  110 	ld	e, c
    0000004A 16 00            [ 8]  111 	ld	d, #0x00
    0000004C 21 00 00         [12]  112 	ld	hl, #0
    0000004F 39               [ 8]  113 	add	hl, sp
    00000050 19               [ 8]  114 	add	hl, de
    00000051 7E               [ 8]  115 	ld	a, (hl)
    00000052 E0r00            [12]  116 	ldh	(_OBP1_REG + 0), a
    00000054 E0r00            [12]  117 	ldh	(_OBP0_REG + 0), a
    00000056 E0r00            [12]  118 	ldh	(_BGP_REG + 0), a
                                    119 ;src/utils/fade.c:15: delay(50);
    00000058 C5               [16]  120 	push	bc
    00000059 11 32 00         [12]  121 	ld	de, #0x0032
    0000005C CDr00r00         [24]  122 	call	_delay
    0000005F C1               [12]  123 	pop	bc
                                    124 ;src/utils/fade.c:13: for (int i = 0; i < 4; i++) {
    00000060 0C               [ 4]  125 	inc	c
    00000061 18 E1            [12]  126 	jr	00103$
    00000063                        127 00105$:
                                    128 ;src/utils/fade.c:17: }
    00000063 E8 04            [16]  129 	add	sp, #4
    00000065 C9               [16]  130 	ret
                                    131 	.area _CODE
                                    132 	.area _INITIALIZER
                                    133 	.area _CABS (ABS)
