                                      1 ;--------------------------------------------------------
                                      2 ; File Created by SDCC : free open source ISO C Compiler
                                      3 ; Version 4.5.1 #15267 (Mac OS X ppc)
                                      4 ;--------------------------------------------------------
                                      5 	.module map_manager
                                      6 	
                                      7 ;--------------------------------------------------------
                                      8 ; Public variables in this module
                                      9 ;--------------------------------------------------------
                                     10 	.globl _current_map
                                     11 	.globl _map_get_tile
                                     12 	.globl _map_is_solid
                                     13 	.globl _map_check_portal
                                     14 ;--------------------------------------------------------
                                     15 ; special function registers
                                     16 ;--------------------------------------------------------
                                     17 	.area _HRAM
                                     18 ;--------------------------------------------------------
                                     19 ; ram data
                                     20 ;--------------------------------------------------------
                                     21 	.area _DATA
    00000000                         22 _current_map::
    00000000                         23 	.ds 2
                                     24 ;--------------------------------------------------------
                                     25 ; ram data
                                     26 ;--------------------------------------------------------
                                     27 	.area _INITIALIZED
                                     28 ;--------------------------------------------------------
                                     29 ; absolute external ram data
                                     30 ;--------------------------------------------------------
                                     31 	.area _DABS (ABS)
                                     32 ;--------------------------------------------------------
                                     33 ; global & static initialisations
                                     34 ;--------------------------------------------------------
                                     35 	.area _HOME
                                     36 	.area _GSINIT
                                     37 	.area _GSFINAL
                                     38 	.area _GSINIT
                                     39 ;--------------------------------------------------------
                                     40 ; Home
                                     41 ;--------------------------------------------------------
                                     42 	.area _HOME
                                     43 	.area _HOME
                                     44 ;--------------------------------------------------------
                                     45 ; code
                                     46 ;--------------------------------------------------------
                                     47 	.area _CODE
                                     48 ;src/utils/map_manager.c:11: uint8_t map_get_tile(uint16_t x, uint16_t y) {
                                     49 ;	---------------------------------
                                     50 ; Function map_get_tile
                                     51 ; ---------------------------------
    00000000                         52 _map_get_tile::
    00000000 E8 FA            [16]   53 	add	sp, #-6
                                     54 ;src/utils/map_manager.c:12: uint16_t tx = x / 8, ty = y / 8;
    00000002 CB 3A            [ 8]   55 	srl	d
    00000004 CB 1B            [ 8]   56 	rr	e
    00000006 CB 3A            [ 8]   57 	srl	d
    00000008 CB 1B            [ 8]   58 	rr	e
    0000000A CB 3A            [ 8]   59 	srl	d
    0000000C CB 1B            [ 8]   60 	rr	e
    0000000E 33               [ 8]   61 	inc	sp
    0000000F 33               [ 8]   62 	inc	sp
    00000010 D5               [16]   63 	push	de
    00000011 CB 38            [ 8]   64 	srl	b
    00000013 CB 19            [ 8]   65 	rr	c
    00000015 CB 38            [ 8]   66 	srl	b
    00000017 CB 19            [ 8]   67 	rr	c
    00000019 CB 38            [ 8]   68 	srl	b
    0000001B CB 19            [ 8]   69 	rr	c
    0000001D F8 02            [12]   70 	ldhl	sp,	#2
    0000001F 79               [ 4]   71 	ld	a, c
    00000020 22               [ 8]   72 	ld	(hl+), a
    00000021 70               [ 8]   73 	ld	(hl), b
                                     74 ;src/utils/map_manager.c:13: if (tx >= current_map->w || ty >= current_map->h)
    00000022 FAr00r00         [16]   75 	ld	a, (_current_map)
    00000025 5F               [ 4]   76 	ld	e, a
    00000026 21r01r00         [12]   77 	ld	hl, #_current_map + 1
    00000029 56               [ 8]   78 	ld	d, (hl)
    0000002A 6B               [ 4]   79 	ld	l, e
    0000002B 62               [ 4]   80 	ld	h, d
    0000002C 23               [ 8]   81 	inc	hl
    0000002D 23               [ 8]   82 	inc	hl
    0000002E 4E               [ 8]   83 	ld	c, (hl)
    0000002F 06 00            [ 8]   84 	ld	b, #0x00
    00000031 F8 00            [12]   85 	ldhl	sp,	#0
    00000033 2A               [ 8]   86 	ld	a, (hl+)
    00000034 91               [ 4]   87 	sub	a, c
    00000035 7E               [ 8]   88 	ld	a, (hl)
    00000036 98               [ 4]   89 	sbc	a, b
    00000037 30 0E            [12]   90 	jr	NC, 00101$
    00000039 23               [ 8]   91 	inc	hl
    0000003A 13               [ 8]   92 	inc	de
    0000003B 13               [ 8]   93 	inc	de
    0000003C 13               [ 8]   94 	inc	de
    0000003D 1A               [ 8]   95 	ld	a, (de)
    0000003E 5F               [ 4]   96 	ld	e, a
    0000003F 16 00            [ 8]   97 	ld	d, #0x00
    00000041 2A               [ 8]   98 	ld	a, (hl+)
    00000042 93               [ 4]   99 	sub	a, e
    00000043 7E               [ 8]  100 	ld	a, (hl)
    00000044 9A               [ 4]  101 	sbc	a, d
    00000045 38 03            [12]  102 	jr	C, 00102$
    00000047                        103 00101$:
                                    104 ;src/utils/map_manager.c:14: return 0;
    00000047 AF               [ 4]  105 	xor	a, a
    00000048 18 23            [12]  106 	jr	00104$
    0000004A                        107 00102$:
                                    108 ;src/utils/map_manager.c:15: return current_map->tiles[ty * current_map->w + tx];
    0000004A 21r00r00         [12]  109 	ld	hl, #_current_map
    0000004D 2A               [ 8]  110 	ld	a, (hl+)
    0000004E 5F               [ 4]  111 	ld	e, a
    0000004F 56               [ 8]  112 	ld	d, (hl)
    00000050 1A               [ 8]  113 	ld	a, (de)
    00000051 F8 04            [12]  114 	ldhl	sp,	#4
    00000053 22               [ 8]  115 	ld	(hl+), a
    00000054 13               [ 8]  116 	inc	de
    00000055 1A               [ 8]  117 	ld	a, (de)
    00000056 77               [ 8]  118 	ld	(hl), a
    00000057 F8 02            [12]  119 	ldhl	sp,	#2
    00000059 2A               [ 8]  120 	ld	a, (hl+)
    0000005A 5F               [ 4]  121 	ld	e, a
    0000005B 56               [ 8]  122 	ld	d, (hl)
    0000005C CDr00r00         [24]  123 	call	__mulint
    0000005F E1               [12]  124 	pop	hl
    00000060 E5               [16]  125 	push	hl
    00000061 09               [ 8]  126 	add	hl, bc
    00000062 4D               [ 4]  127 	ld	c, l
    00000063 44               [ 4]  128 	ld	b, h
    00000064 F8 04            [12]  129 	ldhl	sp,	#4
    00000066 2A               [ 8]  130 	ld	a,	(hl+)
    00000067 66               [ 8]  131 	ld	h, (hl)
    00000068 6F               [ 4]  132 	ld	l, a
    00000069 09               [ 8]  133 	add	hl, bc
    0000006A 4D               [ 4]  134 	ld	c, l
    0000006B 44               [ 4]  135 	ld	b, h
    0000006C 0A               [ 8]  136 	ld	a, (bc)
    0000006D                        137 00104$:
                                    138 ;src/utils/map_manager.c:16: }
    0000006D E8 06            [16]  139 	add	sp, #6
    0000006F C9               [16]  140 	ret
                                    141 ;src/utils/map_manager.c:18: uint8_t map_is_solid(uint16_t x, uint16_t y) {
                                    142 ;	---------------------------------
                                    143 ; Function map_is_solid
                                    144 ; ---------------------------------
    00000070                        145 _map_is_solid::
                                    146 ;src/utils/map_manager.c:19: uint8_t tid = map_get_tile(x, y);
    00000070 CDr00r00         [24]  147 	call	_map_get_tile
    00000073 4F               [ 4]  148 	ld	c, a
                                    149 ;src/utils/map_manager.c:20: uint8_t *solid = current_map->solid_tiles;
    00000074 FAr00r00         [16]  150 	ld	a, (_current_map)
    00000077 21r01r00         [12]  151 	ld	hl, #_current_map + 1
    0000007A 66               [ 8]  152 	ld	h, (hl)
    0000007B 6F               [ 4]  153 	ld	l, a
    0000007C 11 07 00         [12]  154 	ld	de, #0x0007
    0000007F 19               [ 8]  155 	add	hl, de
                                    156 ;src/utils/map_manager.c:21: while (*solid != 255) {
    00000080                        157 00103$:
    00000080 7E               [ 8]  158 	ld	a, (hl)
    00000081 FE FF            [ 8]  159 	cp	a, #0xff
    00000083 28 08            [12]  160 	jr	Z, 00105$
                                    161 ;src/utils/map_manager.c:22: if (tid == *solid)
    00000085 91               [ 4]  162 	sub	a, c
    00000086 20 02            [12]  163 	jr	NZ, 00102$
                                    164 ;src/utils/map_manager.c:23: return 0; // Walkable
    00000088 AF               [ 4]  165 	xor	a, a
    00000089 C9               [16]  166 	ret
    0000008A                        167 00102$:
                                    168 ;src/utils/map_manager.c:24: solid++;
    0000008A 23               [ 8]  169 	inc	hl
    0000008B 18 F3            [12]  170 	jr	00103$
    0000008D                        171 00105$:
                                    172 ;src/utils/map_manager.c:26: return 1; // Solid
    0000008D 3E 01            [ 8]  173 	ld	a, #0x01
                                    174 ;src/utils/map_manager.c:27: }
    0000008F C9               [16]  175 	ret
                                    176 ;src/utils/map_manager.c:29: portal_t *map_check_portal(uint16_t x, uint16_t y) {
                                    177 ;	---------------------------------
                                    178 ; Function map_check_portal
                                    179 ; ---------------------------------
    00000090                        180 _map_check_portal::
    00000090 E8 FB            [16]  181 	add	sp, #-5
                                    182 ;src/utils/map_manager.c:30: uint8_t tx = x / 8, ty = y / 8;
    00000092 CB 3A            [ 8]  183 	srl	d
    00000094 CB 1B            [ 8]  184 	rr	e
    00000096 CB 3A            [ 8]  185 	srl	d
    00000098 CB 1B            [ 8]  186 	rr	e
    0000009A CB 3A            [ 8]  187 	srl	d
    0000009C CB 1B            [ 8]  188 	rr	e
    0000009E F8 00            [12]  189 	ldhl	sp,	#0
    000000A0 7B               [ 4]  190 	ld	a, e
    000000A1 22               [ 8]  191 	ld	(hl+), a
    000000A2 CB 38            [ 8]  192 	srl	b
    000000A4 CB 19            [ 8]  193 	rr	c
    000000A6 CB 38            [ 8]  194 	srl	b
    000000A8 CB 19            [ 8]  195 	rr	c
    000000AA CB 38            [ 8]  196 	srl	b
    000000AC CB 19            [ 8]  197 	rr	c
    000000AE 71               [ 8]  198 	ld	(hl), c
                                    199 ;src/utils/map_manager.c:31: for (uint8_t i = 0; i < current_map->num_portals; i++) {
    000000AF F8 04            [12]  200 	ldhl	sp,	#4
    000000B1 36 00            [12]  201 	ld	(hl), #0x00
    000000B3                        202 00106$:
    000000B3 FAr00r00         [16]  203 	ld	a, (_current_map)
    000000B6 4F               [ 4]  204 	ld	c, a
    000000B7 21r01r00         [12]  205 	ld	hl, #_current_map + 1
    000000BA 46               [ 8]  206 	ld	b, (hl)
    000000BB 21 19 00         [12]  207 	ld	hl, #0x0019
    000000BE 09               [ 8]  208 	add	hl, bc
    000000BF 5E               [ 8]  209 	ld	e, (hl)
    000000C0 F8 04            [12]  210 	ldhl	sp,	#4
    000000C2 7E               [ 8]  211 	ld	a, (hl)
    000000C3 93               [ 4]  212 	sub	a, e
    000000C4 30 3F            [12]  213 	jr	NC, 00104$
                                    214 ;src/utils/map_manager.c:32: if (current_map->portals[i].tx == tx && current_map->portals[i].ty == ty) {
    000000C6 21 17 00         [12]  215 	ld	hl, #0x0017
    000000C9 09               [ 8]  216 	add	hl, bc
    000000CA 5D               [ 4]  217 	ld	e, l
    000000CB 54               [ 4]  218 	ld	d, h
    000000CC 1A               [ 8]  219 	ld	a, (de)
    000000CD F8 02            [12]  220 	ldhl	sp,	#2
    000000CF 22               [ 8]  221 	ld	(hl+), a
    000000D0 13               [ 8]  222 	inc	de
    000000D1 1A               [ 8]  223 	ld	a, (de)
    000000D2 77               [ 8]  224 	ld	(hl), a
    000000D3 F8 04            [12]  225 	ldhl	sp,	#4
    000000D5 4E               [ 8]  226 	ld	c, (hl)
    000000D6 06 00            [ 8]  227 	ld	b, #0x00
    000000D8 69               [ 4]  228 	ld	l, c
    000000D9 60               [ 4]  229 	ld	h, b
    000000DA 29               [ 8]  230 	add	hl, hl
    000000DB 09               [ 8]  231 	add	hl, bc
    000000DC 29               [ 8]  232 	add	hl, hl
    000000DD 09               [ 8]  233 	add	hl, bc
    000000DE 4D               [ 4]  234 	ld	c, l
    000000DF 44               [ 4]  235 	ld	b, h
    000000E0 F8 02            [12]  236 	ldhl	sp,	#2
    000000E2 2A               [ 8]  237 	ld	a,	(hl+)
    000000E3 66               [ 8]  238 	ld	h, (hl)
    000000E4 6F               [ 4]  239 	ld	l, a
    000000E5 09               [ 8]  240 	add	hl, bc
    000000E6 5D               [ 4]  241 	ld	e, l
    000000E7 54               [ 4]  242 	ld	d, h
    000000E8 1A               [ 8]  243 	ld	a, (de)
    000000E9 5F               [ 4]  244 	ld	e, a
    000000EA F8 00            [12]  245 	ldhl	sp,	#0
    000000EC 7E               [ 8]  246 	ld	a, (hl)
    000000ED 93               [ 4]  247 	sub	a, e
    000000EE 20 10            [12]  248 	jr	NZ, 00107$
    000000F0 F8 02            [12]  249 	ldhl	sp,	#2
    000000F2 2A               [ 8]  250 	ld	a,	(hl+)
    000000F3 66               [ 8]  251 	ld	h, (hl)
    000000F4 6F               [ 4]  252 	ld	l, a
    000000F5 09               [ 8]  253 	add	hl, bc
    000000F6 4D               [ 4]  254 	ld	c,l
    000000F7 44               [ 4]  255 	ld	b,h
    000000F8 23               [ 8]  256 	inc	hl
    000000F9 5E               [ 8]  257 	ld	e, (hl)
    000000FA F8 01            [12]  258 	ldhl	sp,	#1
    000000FC 7E               [ 8]  259 	ld	a, (hl)
    000000FD 93               [ 4]  260 	sub	a, e
    000000FE 28 08            [12]  261 	jr	Z, 00108$
                                    262 ;src/utils/map_manager.c:33: return &current_map->portals[i];
    00000100                        263 00107$:
                                    264 ;src/utils/map_manager.c:31: for (uint8_t i = 0; i < current_map->num_portals; i++) {
    00000100 F8 04            [12]  265 	ldhl	sp,	#4
    00000102 34               [12]  266 	inc	(hl)
    00000103 18 AE            [12]  267 	jr	00106$
    00000105                        268 00104$:
                                    269 ;src/utils/map_manager.c:36: return NULL;
    00000105 01 00 00         [12]  270 	ld	bc, #0x0000
    00000108                        271 00108$:
                                    272 ;src/utils/map_manager.c:37: }
    00000108 E8 05            [16]  273 	add	sp, #5
    0000010A C9               [16]  274 	ret
                                    275 	.area _CODE
                                    276 	.area _INITIALIZER
                                    277 	.area _CABS (ABS)
