                                      1 ;--------------------------------------------------------
                                      2 ; File Created by SDCC : free open source ISO C Compiler
                                      3 ; Version 4.5.1 #15267 (Mac OS X ppc)
                                      4 ;--------------------------------------------------------
                                      5 	.module music
                                      6 	
                                      7 ;--------------------------------------------------------
                                      8 ; Public variables in this module
                                      9 ;--------------------------------------------------------
                                     10 	.globl _play_note
                                     11 	.globl _music_timer
                                     12 	.globl _music_note_idx
                                     13 	.globl _bg_music
                                     14 	.globl _music_init
                                     15 	.globl _music_update
                                     16 	.globl _sfx_pickup
                                     17 	.globl _sfx_success
                                     18 ;--------------------------------------------------------
                                     19 ; special function registers
                                     20 ;--------------------------------------------------------
                                     21 	.area _HRAM
                                     22 ;--------------------------------------------------------
                                     23 ; ram data
                                     24 ;--------------------------------------------------------
                                     25 	.area _DATA
                                     26 ;--------------------------------------------------------
                                     27 ; ram data
                                     28 ;--------------------------------------------------------
                                     29 	.area _INITIALIZED
    00000000                         30 _music_note_idx::
    00000000                         31 	.ds 1
    00000001                         32 _music_timer::
    00000001                         33 	.ds 1
                                     34 ;--------------------------------------------------------
                                     35 ; absolute external ram data
                                     36 ;--------------------------------------------------------
                                     37 	.area _DABS (ABS)
                                     38 ;--------------------------------------------------------
                                     39 ; global & static initialisations
                                     40 ;--------------------------------------------------------
                                     41 	.area _HOME
                                     42 	.area _GSINIT
                                     43 	.area _GSFINAL
                                     44 	.area _GSINIT
                                     45 ;--------------------------------------------------------
                                     46 ; Home
                                     47 ;--------------------------------------------------------
                                     48 	.area _HOME
                                     49 	.area _HOME
                                     50 ;--------------------------------------------------------
                                     51 ; code
                                     52 ;--------------------------------------------------------
                                     53 	.area _CODE
                                     54 ;src/utils/music.c:14: void music_init() {
                                     55 ;	---------------------------------
                                     56 ; Function music_init
                                     57 ; ---------------------------------
    00000000                         58 _music_init::
                                     59 ;src/utils/music.c:15: NR52_REG = 0x80; // Turn on sound
    00000000 3E 80            [ 8]   60 	ld	a, #0x80
    00000002 E0r00            [12]   61 	ldh	(_NR52_REG + 0), a
                                     62 ;src/utils/music.c:16: NR50_REG = 0x77; // Max volume
    00000004 3E 77            [ 8]   63 	ld	a, #0x77
    00000006 E0r00            [12]   64 	ldh	(_NR50_REG + 0), a
                                     65 ;src/utils/music.c:17: NR51_REG = 0xFF; // All channels
    00000008 3E FF            [ 8]   66 	ld	a, #0xff
    0000000A E0r00            [12]   67 	ldh	(_NR51_REG + 0), a
                                     68 ;src/utils/music.c:19: music_note_idx = 0;
                                     69 ;src/utils/music.c:20: music_timer = 0;
    0000000C AF               [ 4]   70 	xor	a, a
    0000000D EAr00r00         [16]   71 	ld	(#_music_note_idx), a
    00000010 EAr01r00         [16]   72 	ld	(#_music_timer),a
                                     73 ;src/utils/music.c:21: }
    00000013 C9               [16]   74 	ret
    00000014                         75 _bg_music:
    00000014 77 02                   76 	.dw #0x0277
    00000016 10                      77 	.db #0x10	; 16
    00000017 C9 01                   78 	.dw #0x01c9
    00000019 10                      79 	.db #0x10	; 16
    0000001A 77 02                   80 	.dw #0x0277
    0000001C 10                      81 	.db #0x10	; 16
    0000001D C9 01                   82 	.dw #0x01c9
    0000001F 10                      83 	.db #0x10	; 16
    00000020 77 02                   84 	.dw #0x0277
    00000022 10                      85 	.db #0x10	; 16
    00000023 C9 01                   86 	.dw #0x01c9
    00000025 10                      87 	.db #0x10	; 16
    00000026 77 02                   88 	.dw #0x0277
    00000028 10                      89 	.db #0x10	; 16
    00000029 C9 01                   90 	.dw #0x01c9
    0000002B 08                      91 	.db #0x08	; 8
    0000002C 77 02                   92 	.dw #0x0277
    0000002E 08                      93 	.db #0x08	; 8
    0000002F 16 04                   94 	.dw #0x0416
    00000031 10                      95 	.db #0x10	; 16
    00000032 23 02                   96 	.dw #0x0223
    00000034 10                      97 	.db #0x10	; 16
    00000035 16 04                   98 	.dw #0x0416
    00000037 10                      99 	.db #0x10	; 16
    00000038 23 02                  100 	.dw #0x0223
    0000003A 10                     101 	.db #0x10	; 16
    0000003B 16 04                  102 	.dw #0x0416
    0000003D 10                     103 	.db #0x10	; 16
    0000003E 23 02                  104 	.dw #0x0223
    00000040 10                     105 	.db #0x10	; 16
    00000041 16 04                  106 	.dw #0x0416
    00000043 10                     107 	.db #0x10	; 16
    00000044 23 02                  108 	.dw #0x0223
    00000046 08                     109 	.db #0x08	; 8
    00000047 16 04                  110 	.dw #0x0416
    00000049 08                     111 	.db #0x08	; 8
    0000004A 00 00                  112 	.dw #0x0000
    0000004C 00                     113 	.db #0x00	; 0
                                    114 ;src/utils/music.c:23: void play_note(uint16_t hz) {
                                    115 ;	---------------------------------
                                    116 ; Function play_note
                                    117 ; ---------------------------------
    0000004D                        118 _play_note::
                                    119 ;src/utils/music.c:24: if (hz == NOTE_OFF) {
    0000004D 7A               [ 4]  120 	ld	a, d
                                    121 ;src/utils/music.c:25: NR12_REG = 0x00; // Mute
    0000004E B3               [ 4]  122 	or	a, e
    0000004F 20 03            [12]  123 	jr	NZ, 00102$
    00000051 E0r00            [12]  124 	ldh	(_NR12_REG + 0), a
    00000053 C9               [16]  125 	ret
    00000054                        126 00102$:
                                    127 ;src/utils/music.c:27: NR10_REG = 0x00; // No sweep
    00000054 AF               [ 4]  128 	xor	a, a
    00000055 E0r00            [12]  129 	ldh	(_NR10_REG + 0), a
                                    130 ;src/utils/music.c:28: NR11_REG = 0x80; // 50% duty
    00000057 3E 80            [ 8]  131 	ld	a, #0x80
    00000059 E0r00            [12]  132 	ldh	(_NR11_REG + 0), a
                                    133 ;src/utils/music.c:29: NR12_REG = 0xA2; // Volume 10, fade 2
    0000005B 3E A2            [ 8]  134 	ld	a, #0xa2
    0000005D E0r00            [12]  135 	ldh	(_NR12_REG + 0), a
                                    136 ;src/utils/music.c:30: NR13_REG = (uint8_t)hz;
    0000005F 7B               [ 4]  137 	ld	a, e
    00000060 E0r00            [12]  138 	ldh	(_NR13_REG + 0), a
                                    139 ;src/utils/music.c:31: NR14_REG = (uint8_t)(hz >> 8) | 0x80; // Trigger note
    00000062 7A               [ 4]  140 	ld	a, d
    00000063 F6 80            [ 8]  141 	or	a, #0x80
    00000065 E0r00            [12]  142 	ldh	(_NR14_REG + 0), a
                                    143 ;src/utils/music.c:33: }
    00000067 C9               [16]  144 	ret
                                    145 ;src/utils/music.c:35: void music_update() {
                                    146 ;	---------------------------------
                                    147 ; Function music_update
                                    148 ; ---------------------------------
    00000068                        149 _music_update::
    00000068 E8 FC            [16]  150 	add	sp, #-4
                                    151 ;src/utils/music.c:36: if (music_timer == 0) {
    0000006A FAr01r00         [16]  152 	ld	a, (#_music_timer)
    0000006D B7               [ 4]  153 	or	a, a
    0000006E 20 65            [12]  154 	jr	NZ, 00104$
                                    155 ;src/utils/music.c:37: if (bg_music[music_note_idx].len == 0) {
    00000070 21r00r00         [12]  156 	ld	hl, #_music_note_idx
    00000073 4E               [ 8]  157 	ld	c, (hl)
    00000074 06 00            [ 8]  158 	ld	b, #0x00
    00000076 69               [ 4]  159 	ld	l, c
    00000077 60               [ 4]  160 	ld	h, b
    00000078 29               [ 8]  161 	add	hl, hl
    00000079 09               [ 8]  162 	add	hl, bc
    0000007A 01r14r00         [12]  163 	ld	bc, #_bg_music
    0000007D 09               [ 8]  164 	add	hl, bc
    0000007E 23               [ 8]  165 	inc	hl
    0000007F 23               [ 8]  166 	inc	hl
    00000080 7E               [ 8]  167 	ld	a, (hl)
                                    168 ;src/utils/music.c:38: music_note_idx = 0; // Loop
    00000081 B7               [ 4]  169 	or	a,a
    00000082 20 03            [12]  170 	jr	NZ, 00102$
    00000084 EAr00r00         [16]  171 	ld	(#_music_note_idx),a
    00000087                        172 00102$:
                                    173 ;src/utils/music.c:40: play_note(bg_music[music_note_idx].hz);
    00000087 21r00r00         [12]  174 	ld	hl, #_music_note_idx
    0000008A 4E               [ 8]  175 	ld	c, (hl)
    0000008B 06 00            [ 8]  176 	ld	b, #0x00
    0000008D 69               [ 4]  177 	ld	l, c
    0000008E 60               [ 4]  178 	ld	h, b
    0000008F 29               [ 8]  179 	add	hl, hl
    00000090 09               [ 8]  180 	add	hl, bc
    00000091 01r14r00         [12]  181 	ld	bc, #_bg_music
    00000094 09               [ 8]  182 	add	hl, bc
    00000095 2A               [ 8]  183 	ld	a, (hl+)
    00000096 4E               [ 8]  184 	ld	c, (hl)
    00000097 5F               [ 4]  185 	ld	e, a
    00000098 51               [ 4]  186 	ld	d, c
    00000099 CDr4Dr00         [24]  187 	call	_play_note
                                    188 ;src/utils/music.c:41: music_timer = bg_music[music_note_idx].len;
    0000009C 21r00r00         [12]  189 	ld	hl, #_music_note_idx
    0000009F 4E               [ 8]  190 	ld	c, (hl)
    000000A0 06 00            [ 8]  191 	ld	b, #0x00
    000000A2 69               [ 4]  192 	ld	l, c
    000000A3 60               [ 4]  193 	ld	h, b
    000000A4 29               [ 8]  194 	add	hl, hl
    000000A5 09               [ 8]  195 	add	hl, bc
    000000A6 E5               [16]  196 	push	hl
    000000A7 7D               [ 4]  197 	ld	a, l
    000000A8 F8 04            [12]  198 	ldhl	sp,	#4
    000000AA 77               [ 8]  199 	ld	(hl), a
    000000AB E1               [12]  200 	pop	hl
    000000AC 7C               [ 4]  201 	ld	a, h
    000000AD F8 03            [12]  202 	ldhl	sp,	#3
    000000AF 77               [ 8]  203 	ld	(hl), a
    000000B0 11r14r00         [12]  204 	ld	de, #_bg_music
    000000B3 3A               [ 8]  205 	ld	a, (hl-)
    000000B4 6E               [ 8]  206 	ld	l, (hl)
    000000B5 67               [ 4]  207 	ld	h, a
    000000B6 19               [ 8]  208 	add	hl, de
    000000B7 33               [ 8]  209 	inc	sp
    000000B8 33               [ 8]  210 	inc	sp
    000000B9 5D               [ 4]  211 	ld	e, l
    000000BA 54               [ 4]  212 	ld	d, h
    000000BB D5               [16]  213 	push	de
    000000BC 21 02 00         [12]  214 	ld	hl, #0x0002
    000000BF 19               [ 8]  215 	add	hl, de
    000000C0 E5               [16]  216 	push	hl
    000000C1 7D               [ 4]  217 	ld	a, l
    000000C2 F8 04            [12]  218 	ldhl	sp,	#4
    000000C4 77               [ 8]  219 	ld	(hl), a
    000000C5 E1               [12]  220 	pop	hl
    000000C6 7C               [ 4]  221 	ld	a, h
    000000C7 F8 03            [12]  222 	ldhl	sp,	#3
    000000C9 32               [ 8]  223 	ld	(hl-), a
    000000CA 2A               [ 8]  224 	ld	a, (hl+)
    000000CB 5F               [ 4]  225 	ld	e, a
    000000CC 56               [ 8]  226 	ld	d, (hl)
    000000CD 1A               [ 8]  227 	ld	a, (de)
    000000CE EAr01r00         [16]  228 	ld	(#_music_timer),a
                                    229 ;src/utils/music.c:42: music_note_idx++;
    000000D1 21r00r00         [12]  230 	ld	hl, #_music_note_idx
    000000D4 34               [12]  231 	inc	(hl)
    000000D5                        232 00104$:
                                    233 ;src/utils/music.c:44: music_timer--;
    000000D5 21r01r00         [12]  234 	ld	hl, #_music_timer
    000000D8 35               [12]  235 	dec	(hl)
                                    236 ;src/utils/music.c:45: }
    000000D9 E8 04            [16]  237 	add	sp, #4
    000000DB C9               [16]  238 	ret
                                    239 ;src/utils/music.c:47: void sfx_pickup() {
                                    240 ;	---------------------------------
                                    241 ; Function sfx_pickup
                                    242 ; ---------------------------------
    000000DC                        243 _sfx_pickup::
                                    244 ;src/utils/music.c:49: NR10_REG = 0x16; // Sweep time 1, increase, shift 6
    000000DC 3E 16            [ 8]  245 	ld	a, #0x16
    000000DE E0r00            [12]  246 	ldh	(_NR10_REG + 0), a
                                    247 ;src/utils/music.c:50: NR11_REG = 0x80; // 50% duty
    000000E0 3E 80            [ 8]  248 	ld	a, #0x80
    000000E2 E0r00            [12]  249 	ldh	(_NR11_REG + 0), a
                                    250 ;src/utils/music.c:51: NR12_REG = 0xF0; // Init vol 15, no env
    000000E4 3E F0            [ 8]  251 	ld	a, #0xf0
    000000E6 E0r00            [12]  252 	ldh	(_NR12_REG + 0), a
                                    253 ;src/utils/music.c:52: NR13_REG = 0x00; // Low bits
    000000E8 AF               [ 4]  254 	xor	a, a
    000000E9 E0r00            [12]  255 	ldh	(_NR13_REG + 0), a
                                    256 ;src/utils/music.c:53: NR14_REG = 0xC4; // Trigger, high bits (freq ~1024)
    000000EB 3E C4            [ 8]  257 	ld	a, #0xc4
    000000ED E0r00            [12]  258 	ldh	(_NR14_REG + 0), a
                                    259 ;src/utils/music.c:54: }
    000000EF C9               [16]  260 	ret
                                    261 ;src/utils/music.c:56: void sfx_success() {
                                    262 ;	---------------------------------
                                    263 ; Function sfx_success
                                    264 ; ---------------------------------
    000000F0                        265 _sfx_success::
                                    266 ;src/utils/music.c:58: NR10_REG = 0x00; // No sweep
    000000F0 AF               [ 4]  267 	xor	a, a
    000000F1 E0r00            [12]  268 	ldh	(_NR10_REG + 0), a
                                    269 ;src/utils/music.c:59: NR11_REG = 0x80; // 50% duty
    000000F3 3E 80            [ 8]  270 	ld	a, #0x80
    000000F5 E0r00            [12]  271 	ldh	(_NR11_REG + 0), a
                                    272 ;src/utils/music.c:60: NR12_REG = 0xF2; // Init vol 15, fade 2
    000000F7 3E F2            [ 8]  273 	ld	a, #0xf2
    000000F9 E0r00            [12]  274 	ldh	(_NR12_REG + 0), a
                                    275 ;src/utils/music.c:61: NR13_REG = 0x00;
    000000FB AF               [ 4]  276 	xor	a, a
    000000FC E0r00            [12]  277 	ldh	(_NR13_REG + 0), a
                                    278 ;src/utils/music.c:62: NR14_REG = 0xC7; // Trigger, freq ~1792 (High pitch)
    000000FE 3E C7            [ 8]  279 	ld	a, #0xc7
    00000100 E0r00            [12]  280 	ldh	(_NR14_REG + 0), a
                                    281 ;src/utils/music.c:66: }
    00000102 C9               [16]  282 	ret
                                    283 	.area _CODE
                                    284 	.area _INITIALIZER
    00000000                        285 __xinit__music_note_idx:
    00000000 00                     286 	.db #0x00	; 0
    00000001                        287 __xinit__music_timer:
    00000001 00                     288 	.db #0x00	; 0
                                    289 	.area _CABS (ABS)
