                                      1 ;--------------------------------------------------------
                                      2 ; File Created by SDCC : free open source ISO C Compiler
                                      3 ; Version 4.5.1 #15267 (Mac OS X ppc)
                                      4 ;--------------------------------------------------------
                                      5 	.module text
                                      6 	
                                      7 ;--------------------------------------------------------
                                      8 ; Public variables in this module
                                      9 ;--------------------------------------------------------
                                     10 	.globl _clear_dialog_buf
                                     11 	.globl _get_tile_for_char
                                     12 	.globl _set_win_tiles
                                     13 	.globl _set_win_data
                                     14 	.globl _waitpadup
                                     15 	.globl _waitpad
                                     16 	.globl _delay
                                     17 	.globl _dialog_buf
                                     18 	.globl _text_init
                                     19 	.globl _text_dialogue
                                     20 ;--------------------------------------------------------
                                     21 ; special function registers
                                     22 ;--------------------------------------------------------
                                     23 	.area _HRAM
                                     24 ;--------------------------------------------------------
                                     25 ; ram data
                                     26 ;--------------------------------------------------------
                                     27 	.area _DATA
    00000000                         28 _dialog_buf::
    00000000                         29 	.ds 120
                                     30 ;--------------------------------------------------------
                                     31 ; ram data
                                     32 ;--------------------------------------------------------
                                     33 	.area _INITIALIZED
                                     34 ;--------------------------------------------------------
                                     35 ; absolute external ram data
                                     36 ;--------------------------------------------------------
                                     37 	.area _DABS (ABS)
                                     38 ;--------------------------------------------------------
                                     39 ; global & static initialisations
                                     40 ;--------------------------------------------------------
                                     41 	.area _HOME
                                     42 	.area _GSINIT
                                     43 	.area _GSFINAL
                                     44 	.area _GSINIT
                                     45 ;--------------------------------------------------------
                                     46 ; Home
                                     47 ;--------------------------------------------------------
                                     48 	.area _HOME
                                     49 	.area _HOME
                                     50 ;--------------------------------------------------------
                                     51 ; code
                                     52 ;--------------------------------------------------------
                                     53 	.area _CODE
                                     54 ;src/utils/text.c:14: void text_init(void) {
                                     55 ;	---------------------------------
                                     56 ; Function text_init
                                     57 ; ---------------------------------
    00000000                         58 _text_init::
                                     59 ;src/utils/text.c:15: set_win_data(FONT_BASE_TILE, 39, font_data);
    00000000 11r00r00         [12]   60 	ld	de, #_font_data
    00000003 D5               [16]   61 	push	de
    00000004 21 80 27         [12]   62 	ld	hl, #0x2780
    00000007 E5               [16]   63 	push	hl
    00000008 CDr00r00         [24]   64 	call	_set_win_data
    0000000B E8 04            [16]   65 	add	sp, #4
                                     66 ;./gbdk/include/gb/gb.h:1739: WX_REG=x, WY_REG=y;
    0000000D 3E 07            [ 8]   67 	ld	a, #0x07
    0000000F E0r00            [12]   68 	ldh	(_WX_REG + 0), a
    00000011 3E 90            [ 8]   69 	ld	a, #0x90
    00000013 E0r00            [12]   70 	ldh	(_WY_REG + 0), a
                                     71 ;src/utils/text.c:16: move_win(7, 144);
                                     72 ;src/utils/text.c:17: }
    00000015 C9               [16]   73 	ret
                                     74 ;src/utils/text.c:19: uint8_t get_tile_for_char(char c) {
                                     75 ;	---------------------------------
                                     76 ; Function get_tile_for_char
                                     77 ; ---------------------------------
    00000016                         78 _get_tile_for_char::
                                     79 ;src/utils/text.c:20: if (c == ' ' || c == '\n')
    00000016 4F               [ 4]   80 	ld	c, a
    00000017 D6 20            [ 8]   81 	sub	a, #0x20
    00000019 28 05            [12]   82 	jr	Z, 00101$
    0000001B 79               [ 4]   83 	ld	a, c
    0000001C D6 0A            [ 8]   84 	sub	a, #0x0a
    0000001E 20 03            [12]   85 	jr	NZ, 00102$
    00000020                         86 00101$:
                                     87 ;src/utils/text.c:21: return (uint8_t)(FONT_BASE_TILE + 0);
    00000020 3E 80            [ 8]   88 	ld	a, #0x80
    00000022 C9               [16]   89 	ret
    00000023                         90 00102$:
                                     91 ;src/utils/text.c:22: if (c >= 'A' && c <= 'Z')
    00000023 79               [ 4]   92 	ld	a, c
    00000024 EE 80            [ 8]   93 	xor	a, #0x80
    00000026 D6 C1            [ 8]   94 	sub	a, #0xc1
    00000028 38 1B            [12]   95 	jr	C, 00105$
    0000002A 59               [ 4]   96 	ld	e, c
    0000002B 3E 5A            [ 8]   97 	ld	a,#0x5a
    0000002D 57               [ 4]   98 	ld	d,a
    0000002E 91               [ 4]   99 	sub	a, c
    0000002F CB 7B            [ 8]  100 	bit	7, e
    00000031 28 07            [12]  101 	jr	Z, 00258$
    00000033 CB 7A            [ 8]  102 	bit	7, d
    00000035 20 08            [12]  103 	jr	NZ, 00259$
    00000037 BF               [ 4]  104 	cp	a, a
    00000038 18 05            [12]  105 	jr	00259$
    0000003A                        106 00258$:
    0000003A CB 7A            [ 8]  107 	bit	7, d
    0000003C 28 01            [12]  108 	jr	Z, 00259$
    0000003E 37               [ 4]  109 	scf
    0000003F                        110 00259$:
    0000003F 38 04            [12]  111 	jr	C, 00105$
                                    112 ;src/utils/text.c:23: return (uint8_t)(FONT_BASE_TILE + 1 + (c - 'A'));
    00000041 79               [ 4]  113 	ld	a, c
    00000042 C6 40            [ 8]  114 	add	a, #0x40
    00000044 C9               [16]  115 	ret
    00000045                        116 00105$:
                                    117 ;src/utils/text.c:24: if (c >= 'a' && c <= 'z')
    00000045 79               [ 4]  118 	ld	a, c
    00000046 EE 80            [ 8]  119 	xor	a, #0x80
    00000048 D6 E1            [ 8]  120 	sub	a, #0xe1
    0000004A 38 1B            [12]  121 	jr	C, 00108$
    0000004C 59               [ 4]  122 	ld	e, c
    0000004D 3E 7A            [ 8]  123 	ld	a,#0x7a
    0000004F 57               [ 4]  124 	ld	d,a
    00000050 91               [ 4]  125 	sub	a, c
    00000051 CB 7B            [ 8]  126 	bit	7, e
    00000053 28 07            [12]  127 	jr	Z, 00260$
    00000055 CB 7A            [ 8]  128 	bit	7, d
    00000057 20 08            [12]  129 	jr	NZ, 00261$
    00000059 BF               [ 4]  130 	cp	a, a
    0000005A 18 05            [12]  131 	jr	00261$
    0000005C                        132 00260$:
    0000005C CB 7A            [ 8]  133 	bit	7, d
    0000005E 28 01            [12]  134 	jr	Z, 00261$
    00000060 37               [ 4]  135 	scf
    00000061                        136 00261$:
    00000061 38 04            [12]  137 	jr	C, 00108$
                                    138 ;src/utils/text.c:25: return (uint8_t)(FONT_BASE_TILE + 1 + (c - 'a'));
    00000063 79               [ 4]  139 	ld	a, c
    00000064 C6 20            [ 8]  140 	add	a, #0x20
    00000066 C9               [16]  141 	ret
    00000067                        142 00108$:
                                    143 ;src/utils/text.c:26: if (c == ',')
    00000067 79               [ 4]  144 	ld	a, c
    00000068 D6 2C            [ 8]  145 	sub	a, #0x2c
    0000006A 20 03            [12]  146 	jr	NZ, 00111$
                                    147 ;src/utils/text.c:27: return (uint8_t)(FONT_BASE_TILE + 27);
    0000006C 3E 9B            [ 8]  148 	ld	a, #0x9b
    0000006E C9               [16]  149 	ret
    0000006F                        150 00111$:
                                    151 ;src/utils/text.c:28: if (c == '?')
    0000006F 79               [ 4]  152 	ld	a, c
    00000070 D6 3F            [ 8]  153 	sub	a, #0x3f
    00000072 20 03            [12]  154 	jr	NZ, 00113$
                                    155 ;src/utils/text.c:29: return (uint8_t)(FONT_BASE_TILE + 28);
    00000074 3E 9C            [ 8]  156 	ld	a, #0x9c
    00000076 C9               [16]  157 	ret
    00000077                        158 00113$:
                                    159 ;src/utils/text.c:30: if (c == '!')
    00000077 79               [ 4]  160 	ld	a, c
    00000078 D6 21            [ 8]  161 	sub	a, #0x21
    0000007A 20 03            [12]  162 	jr	NZ, 00115$
                                    163 ;src/utils/text.c:31: return (uint8_t)(FONT_BASE_TILE + 29);
    0000007C 3E 9D            [ 8]  164 	ld	a, #0x9d
    0000007E C9               [16]  165 	ret
    0000007F                        166 00115$:
                                    167 ;src/utils/text.c:32: if (c == '.')
    0000007F 79               [ 4]  168 	ld	a, c
    00000080 D6 2E            [ 8]  169 	sub	a, #0x2e
    00000082 20 03            [12]  170 	jr	NZ, 00117$
                                    171 ;src/utils/text.c:33: return (uint8_t)(FONT_BASE_TILE + 30);
    00000084 3E 9E            [ 8]  172 	ld	a, #0x9e
    00000086 C9               [16]  173 	ret
    00000087                        174 00117$:
                                    175 ;src/utils/text.c:34: if (c == '>')
    00000087 79               [ 4]  176 	ld	a, c
    00000088 D6 3E            [ 8]  177 	sub	a, #0x3e
    0000008A 20 03            [12]  178 	jr	NZ, 00119$
                                    179 ;src/utils/text.c:35: return (uint8_t)(FONT_BASE_TILE + 31);
    0000008C 3E 9F            [ 8]  180 	ld	a, #0x9f
    0000008E C9               [16]  181 	ret
    0000008F                        182 00119$:
                                    183 ;src/utils/text.c:36: if (c == '#')
    0000008F 79               [ 4]  184 	ld	a, c
    00000090 D6 23            [ 8]  185 	sub	a, #0x23
    00000092 20 03            [12]  186 	jr	NZ, 00121$
                                    187 ;src/utils/text.c:37: return (uint8_t)(FONT_BASE_TILE + 32);
    00000094 3E A0            [ 8]  188 	ld	a, #0xa0
    00000096 C9               [16]  189 	ret
    00000097                        190 00121$:
                                    191 ;src/utils/text.c:40: if (c == 1)
    00000097 79               [ 4]  192 	ld	a, c
    00000098 3D               [ 4]  193 	dec	a
    00000099 20 03            [12]  194 	jr	NZ, 00123$
                                    195 ;src/utils/text.c:41: return (uint8_t)(FONT_BASE_TILE + 33); // ┌
    0000009B 3E A1            [ 8]  196 	ld	a, #0xa1
    0000009D C9               [16]  197 	ret
    0000009E                        198 00123$:
                                    199 ;src/utils/text.c:42: if (c == 2)
    0000009E 79               [ 4]  200 	ld	a, c
    0000009F D6 02            [ 8]  201 	sub	a, #0x02
    000000A1 20 03            [12]  202 	jr	NZ, 00125$
                                    203 ;src/utils/text.c:43: return (uint8_t)(FONT_BASE_TILE + 34); // ─
    000000A3 3E A2            [ 8]  204 	ld	a, #0xa2
    000000A5 C9               [16]  205 	ret
    000000A6                        206 00125$:
                                    207 ;src/utils/text.c:44: if (c == 3)
    000000A6 79               [ 4]  208 	ld	a, c
    000000A7 D6 03            [ 8]  209 	sub	a, #0x03
    000000A9 20 03            [12]  210 	jr	NZ, 00127$
                                    211 ;src/utils/text.c:45: return (uint8_t)(FONT_BASE_TILE + 35); // ┐
    000000AB 3E A3            [ 8]  212 	ld	a, #0xa3
    000000AD C9               [16]  213 	ret
    000000AE                        214 00127$:
                                    215 ;src/utils/text.c:46: if (c == 4)
    000000AE 79               [ 4]  216 	ld	a, c
    000000AF D6 04            [ 8]  217 	sub	a, #0x04
    000000B1 20 03            [12]  218 	jr	NZ, 00129$
                                    219 ;src/utils/text.c:47: return (uint8_t)(FONT_BASE_TILE + 36); // │
    000000B3 3E A4            [ 8]  220 	ld	a, #0xa4
    000000B5 C9               [16]  221 	ret
    000000B6                        222 00129$:
                                    223 ;src/utils/text.c:48: if (c == 5)
    000000B6 79               [ 4]  224 	ld	a, c
    000000B7 D6 05            [ 8]  225 	sub	a, #0x05
    000000B9 20 03            [12]  226 	jr	NZ, 00131$
                                    227 ;src/utils/text.c:49: return (uint8_t)(FONT_BASE_TILE + 37); // └
    000000BB 3E A5            [ 8]  228 	ld	a, #0xa5
    000000BD C9               [16]  229 	ret
    000000BE                        230 00131$:
                                    231 ;src/utils/text.c:50: if (c == 6)
    000000BE 79               [ 4]  232 	ld	a, c
    000000BF D6 06            [ 8]  233 	sub	a, #0x06
                                    234 ;src/utils/text.c:51: return (uint8_t)(FONT_BASE_TILE + 38); // ┘
                                    235 ;src/utils/text.c:53: return (uint8_t)(FONT_BASE_TILE + 0);
    000000C1 3E A6            [ 8]  236 	ld	a, #0xa6
    000000C3 C8               [20]  237 	ret	Z
    000000C4 3E 80            [ 8]  238 	ld	a, #0x80
                                    239 ;src/utils/text.c:54: }
    000000C6 C9               [16]  240 	ret
                                    241 ;src/utils/text.c:58: void clear_dialog_buf(void) {
                                    242 ;	---------------------------------
                                    243 ; Function clear_dialog_buf
                                    244 ; ---------------------------------
    000000C7                        245 _clear_dialog_buf::
                                    246 ;src/utils/text.c:59: for (int i = 0; i < 120; i++)
    000000C7 0E 00            [ 8]  247 	ld	c, #0x00
    000000C9                        248 00106$:
    000000C9 79               [ 4]  249 	ld	a, c
    000000CA D6 78            [ 8]  250 	sub	a, #0x78
    000000CC 30 0B            [12]  251 	jr	NC, 00101$
                                    252 ;src/utils/text.c:60: dialog_buf[i] = (uint8_t)FONT_BASE_TILE;
    000000CE 21r00r00         [12]  253 	ld	hl, #_dialog_buf
    000000D1 06 00            [ 8]  254 	ld	b, #0x00
    000000D3 09               [ 8]  255 	add	hl, bc
    000000D4 36 80            [12]  256 	ld	(hl), #0x80
                                    257 ;src/utils/text.c:59: for (int i = 0; i < 120; i++)
    000000D6 0C               [ 4]  258 	inc	c
    000000D7 18 F0            [12]  259 	jr	00106$
    000000D9                        260 00101$:
                                    261 ;src/utils/text.c:61: dialog_buf[0] = get_tile_for_char(1);
    000000D9 3E 01            [ 8]  262 	ld	a, #0x01
    000000DB CDr16r00         [24]  263 	call	_get_tile_for_char
    000000DE EAr00r00         [16]  264 	ld	(#_dialog_buf),a
                                    265 ;src/utils/text.c:62: for (int i = 1; i < 19; i++)
    000000E1 0E 01            [ 8]  266 	ld	c, #0x01
    000000E3                        267 00109$:
    000000E3 79               [ 4]  268 	ld	a, c
    000000E4 D6 13            [ 8]  269 	sub	a, #0x13
    000000E6 30 13            [12]  270 	jr	NC, 00102$
                                    271 ;src/utils/text.c:63: dialog_buf[i] = get_tile_for_char(2);
    000000E8 21r00r00         [12]  272 	ld	hl, #_dialog_buf
    000000EB 06 00            [ 8]  273 	ld	b, #0x00
    000000ED 09               [ 8]  274 	add	hl, bc
    000000EE E5               [16]  275 	push	hl
    000000EF C5               [16]  276 	push	bc
    000000F0 3E 02            [ 8]  277 	ld	a, #0x02
    000000F2 CDr16r00         [24]  278 	call	_get_tile_for_char
    000000F5 C1               [12]  279 	pop	bc
    000000F6 E1               [12]  280 	pop	hl
    000000F7 77               [ 8]  281 	ld	(hl), a
                                    282 ;src/utils/text.c:62: for (int i = 1; i < 19; i++)
    000000F8 0C               [ 4]  283 	inc	c
    000000F9 18 E8            [12]  284 	jr	00109$
    000000FB                        285 00102$:
                                    286 ;src/utils/text.c:64: dialog_buf[19] = get_tile_for_char(3);
    000000FB 3E 03            [ 8]  287 	ld	a, #0x03
    000000FD CDr16r00         [24]  288 	call	_get_tile_for_char
    00000100 EAr13r00         [16]  289 	ld	(#(_dialog_buf + 19)),a
                                    290 ;src/utils/text.c:65: for (int y = 1; y < 5; y++) {
    00000103 0E 01            [ 8]  291 	ld	c, #0x01
    00000105                        292 00112$:
                                    293 ;src/utils/text.c:66: dialog_buf[y * 20] = get_tile_for_char(4);
    00000105 79               [ 4]  294 	ld	a,c
    00000106 FE 05            [ 8]  295 	cp	a,#0x05
    00000108 30 2F            [12]  296 	jr	NC, 00103$
    0000010A 5F               [ 4]  297 	ld	e, a
    0000010B 87               [ 4]  298 	add	a, a
    0000010C 87               [ 4]  299 	add	a, a
    0000010D 83               [ 4]  300 	add	a, e
    0000010E 87               [ 4]  301 	add	a, a
    0000010F 87               [ 4]  302 	add	a, a
    00000110 47               [ 4]  303 	ld	b, a
    00000111 68               [ 4]  304 	ld	l, b
    00000112 26 00            [ 8]  305 	ld	h, #0x00
    00000114 11r00r00         [12]  306 	ld	de, #_dialog_buf
    00000117 19               [ 8]  307 	add	hl, de
    00000118 E5               [16]  308 	push	hl
    00000119 C5               [16]  309 	push	bc
    0000011A 3E 04            [ 8]  310 	ld	a, #0x04
    0000011C CDr16r00         [24]  311 	call	_get_tile_for_char
    0000011F C1               [12]  312 	pop	bc
    00000120 E1               [12]  313 	pop	hl
    00000121 77               [ 8]  314 	ld	(hl), a
                                    315 ;src/utils/text.c:67: dialog_buf[y * 20 + 19] = get_tile_for_char(4);
    00000122 78               [ 4]  316 	ld	a, b
    00000123 C6 13            [ 8]  317 	add	a, #0x13
    00000125 6F               [ 4]  318 	ld	l, a
    00000126 26 00            [ 8]  319 	ld	h, #0x00
    00000128 11r00r00         [12]  320 	ld	de, #_dialog_buf
    0000012B 19               [ 8]  321 	add	hl, de
    0000012C E5               [16]  322 	push	hl
    0000012D C5               [16]  323 	push	bc
    0000012E 3E 04            [ 8]  324 	ld	a, #0x04
    00000130 CDr16r00         [24]  325 	call	_get_tile_for_char
    00000133 C1               [12]  326 	pop	bc
    00000134 E1               [12]  327 	pop	hl
    00000135 77               [ 8]  328 	ld	(hl), a
                                    329 ;src/utils/text.c:65: for (int y = 1; y < 5; y++) {
    00000136 0C               [ 4]  330 	inc	c
    00000137 18 CC            [12]  331 	jr	00112$
    00000139                        332 00103$:
                                    333 ;src/utils/text.c:69: dialog_buf[100] = get_tile_for_char(5);
    00000139 3E 05            [ 8]  334 	ld	a, #0x05
    0000013B CDr16r00         [24]  335 	call	_get_tile_for_char
    0000013E EAr64r00         [16]  336 	ld	(#(_dialog_buf + 100)),a
                                    337 ;src/utils/text.c:70: for (int i = 101; i < 119; i++)
    00000141 0E 65            [ 8]  338 	ld	c, #0x65
    00000143                        339 00115$:
    00000143 79               [ 4]  340 	ld	a, c
    00000144 D6 77            [ 8]  341 	sub	a, #0x77
    00000146 30 13            [12]  342 	jr	NC, 00104$
                                    343 ;src/utils/text.c:71: dialog_buf[i] = get_tile_for_char(2);
    00000148 21r00r00         [12]  344 	ld	hl, #_dialog_buf
    0000014B 06 00            [ 8]  345 	ld	b, #0x00
    0000014D 09               [ 8]  346 	add	hl, bc
    0000014E E5               [16]  347 	push	hl
    0000014F C5               [16]  348 	push	bc
    00000150 3E 02            [ 8]  349 	ld	a, #0x02
    00000152 CDr16r00         [24]  350 	call	_get_tile_for_char
    00000155 C1               [12]  351 	pop	bc
    00000156 E1               [12]  352 	pop	hl
    00000157 77               [ 8]  353 	ld	(hl), a
                                    354 ;src/utils/text.c:70: for (int i = 101; i < 119; i++)
    00000158 0C               [ 4]  355 	inc	c
    00000159 18 E8            [12]  356 	jr	00115$
    0000015B                        357 00104$:
                                    358 ;src/utils/text.c:72: dialog_buf[119] = get_tile_for_char(6);
    0000015B 3E 06            [ 8]  359 	ld	a, #0x06
    0000015D CDr16r00         [24]  360 	call	_get_tile_for_char
    00000160 EAr77r00         [16]  361 	ld	(#(_dialog_buf + 119)),a
                                    362 ;src/utils/text.c:73: }
    00000163 C9               [16]  363 	ret
                                    364 ;src/utils/text.c:75: void text_dialogue(const char *str) {
                                    365 ;	---------------------------------
                                    366 ; Function text_dialogue
                                    367 ; ---------------------------------
    00000164                        368 _text_dialogue::
    00000164 E8 EF            [16]  369 	add	sp, #-17
                                    370 ;src/utils/text.c:76: waitpadup();
    00000166 CDr00r00         [24]  371 	call	_waitpadup
                                    372 ;src/utils/text.c:77: HIDE_SPRITES; // Ensure box is on top
    00000169 F0r00            [12]  373 	ldh	a, (_LCDC_REG + 0)
    0000016B E6 FD            [ 8]  374 	and	a, #0xfd
    0000016D E0r00            [12]  375 	ldh	(_LCDC_REG + 0), a
                                    376 ;src/utils/text.c:78: const char *ptr = str;
    0000016F F8 0F            [12]  377 	ldhl	sp,	#15
    00000171 7B               [ 4]  378 	ld	a, e
    00000172 22               [ 8]  379 	ld	(hl+), a
    00000173 72               [ 8]  380 	ld	(hl), d
                                    381 ;src/utils/text.c:79: while (*ptr != '\0') {
    00000174                        382 00121$:
    00000174 F8 0F            [12]  383 	ldhl	sp,#15
    00000176 2A               [ 8]  384 	ld	a, (hl+)
    00000177 5F               [ 4]  385 	ld	e, a
    00000178 56               [ 8]  386 	ld	d, (hl)
    00000179 1A               [ 8]  387 	ld	a, (de)
    0000017A B7               [ 4]  388 	or	a, a
    0000017B CAr08r03         [16]  389 	jp	Z, 00123$
                                    390 ;src/utils/text.c:80: clear_dialog_buf();
    0000017E CDrC7r00         [24]  391 	call	_clear_dialog_buf
                                    392 ;src/utils/text.c:81: int cur_line = 0, cur_col = 0;
    00000181 AF               [ 4]  393 	xor	a, a
    00000182 F8 0B            [12]  394 	ldhl	sp,	#11
    00000184 22               [ 8]  395 	ld	(hl+), a
    00000185 77               [ 8]  396 	ld	(hl), a
    00000186 AF               [ 4]  397 	xor	a, a
    00000187 F8 00            [12]  398 	ldhl	sp,	#0
    00000189 22               [ 8]  399 	ld	(hl+), a
    0000018A 77               [ 8]  400 	ld	(hl), a
                                    401 ;src/utils/text.c:82: while (*ptr != '\0' && cur_line < TEXT_LINES) {
    0000018B                        402 00118$:
    0000018B F8 0F            [12]  403 	ldhl	sp,#15
    0000018D 2A               [ 8]  404 	ld	a, (hl+)
    0000018E 5F               [ 4]  405 	ld	e, a
    0000018F 3A               [ 8]  406 	ld	a, (hl-)
    00000190 2B               [ 8]  407 	dec	hl
    00000191 57               [ 4]  408 	ld	d, a
    00000192 1A               [ 8]  409 	ld	a, (de)
    00000193 77               [ 8]  410 	ld	(hl), a
    00000194 7E               [ 8]  411 	ld	a, (hl)
    00000195 B7               [ 4]  412 	or	a, a
    00000196 CArD9r02         [16]  413 	jp	Z, 00120$
    00000199 F8 0B            [12]  414 	ldhl	sp,	#11
    0000019B 2A               [ 8]  415 	ld	a, (hl+)
    0000019C D6 04            [ 8]  416 	sub	a, #0x04
    0000019E 7E               [ 8]  417 	ld	a, (hl)
    0000019F DE 00            [ 8]  418 	sbc	a, #0x00
    000001A1 D2rD9r02         [16]  419 	jp	NC, 00120$
                                    420 ;src/utils/text.c:85: while (*word_end != '\0' && *word_end != ' ' && *word_end != '\n') {
    000001A4 01 00 00         [12]  421 	ld	bc, #0x0000
    000001A7 F8 0F            [12]  422 	ldhl	sp,	#15
    000001A9 2A               [ 8]  423 	ld	a, (hl+)
    000001AA 5F               [ 4]  424 	ld	e, a
    000001AB 56               [ 8]  425 	ld	d, (hl)
    000001AC                        426 00103$:
    000001AC 1A               [ 8]  427 	ld	a, (de)
    000001AD B7               [ 4]  428 	or	a, a
    000001AE 28 0C            [12]  429 	jr	Z, 00145$
    000001B0 FE 20            [ 8]  430 	cp	a, #0x20
    000001B2 28 08            [12]  431 	jr	Z, 00145$
    000001B4 D6 0A            [ 8]  432 	sub	a, #0x0a
    000001B6 28 04            [12]  433 	jr	Z, 00145$
                                    434 ;src/utils/text.c:86: word_len++;
    000001B8 03               [ 8]  435 	inc	bc
                                    436 ;src/utils/text.c:87: word_end++;
    000001B9 13               [ 8]  437 	inc	de
    000001BA 18 F0            [12]  438 	jr	00103$
    000001BC                        439 00145$:
    000001BC F8 02            [12]  440 	ldhl	sp,	#2
    000001BE 79               [ 4]  441 	ld	a, c
    000001BF 22               [ 8]  442 	ld	(hl+), a
    000001C0 70               [ 8]  443 	ld	(hl), b
                                    444 ;src/utils/text.c:89: if (cur_col + word_len > TEXT_WIDTH) {
    000001C1 E1               [12]  445 	pop	hl
    000001C2 E5               [16]  446 	push	hl
    000001C3 09               [ 8]  447 	add	hl, bc
    000001C4 4D               [ 4]  448 	ld	c, l
    000001C5 44               [ 4]  449 	ld	b, h
    000001C6 58               [ 4]  450 	ld	e, b
    000001C7 16 00            [ 8]  451 	ld	d, #0x00
    000001C9 3E 12            [ 8]  452 	ld	a, #0x12
    000001CB B9               [ 4]  453 	cp	a, c
    000001CC 3E 00            [ 8]  454 	ld	a, #0x00
    000001CE 98               [ 4]  455 	sbc	a, b
    000001CF CB 7B            [ 8]  456 	bit	7, e
    000001D1 28 07            [12]  457 	jr	Z, 00233$
    000001D3 CB 7A            [ 8]  458 	bit	7, d
    000001D5 20 08            [12]  459 	jr	NZ, 00234$
    000001D7 BF               [ 4]  460 	cp	a, a
    000001D8 18 05            [12]  461 	jr	00234$
    000001DA                        462 00233$:
    000001DA CB 7A            [ 8]  463 	bit	7, d
    000001DC 28 01            [12]  464 	jr	Z, 00234$
    000001DE 37               [ 4]  465 	scf
    000001DF                        466 00234$:
    000001DF 30 13            [12]  467 	jr	NC, 00140$
                                    468 ;src/utils/text.c:90: cur_line++;
    000001E1 F8 0B            [12]  469 	ldhl	sp,	#11
    000001E3 34               [12]  470 	inc	(hl)
                                    471 ;src/utils/text.c:91: cur_col = 0;
    000001E4 AF               [ 4]  472 	xor	a, a
    000001E5 F8 00            [12]  473 	ldhl	sp,	#0
    000001E7 22               [ 8]  474 	ld	(hl+), a
    000001E8 77               [ 8]  475 	ld	(hl), a
                                    476 ;src/utils/text.c:92: if (cur_line >= TEXT_LINES)
    000001E9 F8 0B            [12]  477 	ldhl	sp,	#11
    000001EB 2A               [ 8]  478 	ld	a, (hl+)
    000001EC D6 04            [ 8]  479 	sub	a, #0x04
    000001EE 7E               [ 8]  480 	ld	a, (hl)
    000001EF DE 00            [ 8]  481 	sbc	a, #0x00
    000001F1 D2rD9r02         [16]  482 	jp	NC, 00120$
                                    483 ;src/utils/text.c:95: for (int i = 0; i < word_len; i++) {
    000001F4                        484 00140$:
                                    485 ;src/utils/text.c:90: cur_line++;
    000001F4 F8 0B            [12]  486 	ldhl	sp,#11
    000001F6 2A               [ 8]  487 	ld	a, (hl+)
    000001F7 5F               [ 4]  488 	ld	e, a
    000001F8 56               [ 8]  489 	ld	d, (hl)
    000001F9 6B               [ 4]  490 	ld	l, e
    000001FA 62               [ 4]  491 	ld	h, d
    000001FB 23               [ 8]  492 	inc	hl
    000001FC E5               [16]  493 	push	hl
    000001FD 7D               [ 4]  494 	ld	a, l
    000001FE F8 06            [12]  495 	ldhl	sp,	#6
    00000200 77               [ 8]  496 	ld	(hl), a
    00000201 E1               [12]  497 	pop	hl
    00000202 7C               [ 4]  498 	ld	a, h
    00000203 F8 05            [12]  499 	ldhl	sp,	#5
                                    500 ;src/utils/text.c:95: for (int i = 0; i < word_len; i++) {
    00000205 32               [ 8]  501 	ld	(hl-), a
    00000206 2A               [ 8]  502 	ld	a, (hl+)
    00000207 4F               [ 4]  503 	ld	c, a
    00000208 46               [ 8]  504 	ld	b, (hl)
    00000209 69               [ 4]  505 	ld	l, c
    0000020A 60               [ 4]  506 	ld	h, b
    0000020B 29               [ 8]  507 	add	hl, hl
    0000020C 29               [ 8]  508 	add	hl, hl
    0000020D 09               [ 8]  509 	add	hl, bc
    0000020E 29               [ 8]  510 	add	hl, hl
    0000020F 29               [ 8]  511 	add	hl, hl
    00000210 E5               [16]  512 	push	hl
    00000211 7D               [ 4]  513 	ld	a, l
    00000212 F8 08            [12]  514 	ldhl	sp,	#8
    00000214 77               [ 8]  515 	ld	(hl), a
    00000215 E1               [12]  516 	pop	hl
    00000216 7C               [ 4]  517 	ld	a, h
    00000217 F8 07            [12]  518 	ldhl	sp,	#7
    00000219 77               [ 8]  519 	ld	(hl), a
    0000021A F8 0F            [12]  520 	ldhl	sp,	#15
    0000021C 3A               [ 8]  521 	ld	a, (hl-)
    0000021D 2B               [ 8]  522 	dec	hl
    0000021E 77               [ 8]  523 	ld	(hl), a
    0000021F F8 10            [12]  524 	ldhl	sp,	#16
    00000221 3A               [ 8]  525 	ld	a, (hl-)
    00000222 2B               [ 8]  526 	dec	hl
    00000223 22               [ 8]  527 	ld	(hl+), a
    00000224 AF               [ 4]  528 	xor	a, a
    00000225 22               [ 8]  529 	ld	(hl+), a
    00000226 77               [ 8]  530 	ld	(hl), a
    00000227                        531 00127$:
                                    532 ;src/utils/text.c:96: int pos = (cur_line + 1) * 20 + (cur_col + 1);
    00000227 D1               [12]  533 	pop	de
    00000228 D5               [16]  534 	push	de
    00000229 6B               [ 4]  535 	ld	l, e
    0000022A 62               [ 4]  536 	ld	h, d
    0000022B 23               [ 8]  537 	inc	hl
    0000022C E5               [16]  538 	push	hl
    0000022D 7D               [ 4]  539 	ld	a, l
    0000022E F8 0A            [12]  540 	ldhl	sp,	#10
    00000230 77               [ 8]  541 	ld	(hl), a
    00000231 E1               [12]  542 	pop	hl
    00000232 7C               [ 4]  543 	ld	a, h
    00000233 F8 09            [12]  544 	ldhl	sp,	#9
    00000235 77               [ 8]  545 	ld	(hl), a
                                    546 ;src/utils/text.c:97: dialog_buf[pos] = get_tile_for_char(*ptr);
    00000236 F8 0D            [12]  547 	ldhl	sp,#13
    00000238 2A               [ 8]  548 	ld	a, (hl+)
    00000239 5F               [ 4]  549 	ld	e, a
    0000023A 56               [ 8]  550 	ld	d, (hl)
    0000023B 1A               [ 8]  551 	ld	a, (de)
    0000023C F8 0A            [12]  552 	ldhl	sp,	#10
    0000023E 77               [ 8]  553 	ld	(hl), a
                                    554 ;src/utils/text.c:95: for (int i = 0; i < word_len; i++) {
    0000023F F8 0F            [12]  555 	ldhl	sp,	#15
    00000241 5D               [ 4]  556 	ld	e, l
    00000242 54               [ 4]  557 	ld	d, h
    00000243 F8 02            [12]  558 	ldhl	sp,	#2
    00000245 1A               [ 8]  559 	ld	a, (de)
    00000246 13               [ 8]  560 	inc	de
    00000247 96               [ 8]  561 	sub	a, (hl)
    00000248 23               [ 8]  562 	inc	hl
    00000249 1A               [ 8]  563 	ld	a, (de)
    0000024A 9E               [ 8]  564 	sbc	a, (hl)
    0000024B 1A               [ 8]  565 	ld	a, (de)
    0000024C 57               [ 4]  566 	ld	d, a
    0000024D CB 7E            [12]  567 	bit	7, (hl)
    0000024F 28 07            [12]  568 	jr	Z, 00236$
    00000251 CB 7A            [ 8]  569 	bit	7, d
    00000253 20 08            [12]  570 	jr	NZ, 00237$
    00000255 BF               [ 4]  571 	cp	a, a
    00000256 18 05            [12]  572 	jr	00237$
    00000258                        573 00236$:
    00000258 CB 7A            [ 8]  574 	bit	7, d
    0000025A 28 01            [12]  575 	jr	Z, 00237$
    0000025C 37               [ 4]  576 	scf
    0000025D                        577 00237$:
    0000025D 30 33            [12]  578 	jr	NC, 00146$
                                    579 ;src/utils/text.c:96: int pos = (cur_line + 1) * 20 + (cur_col + 1);
    0000025F F8 06            [12]  580 	ldhl	sp,#6
    00000261 2A               [ 8]  581 	ld	a, (hl+)
    00000262 5F               [ 4]  582 	ld	e, a
    00000263 2A               [ 8]  583 	ld	a, (hl+)
    00000264 57               [ 4]  584 	ld	d, a
    00000265 2A               [ 8]  585 	ld	a,	(hl+)
    00000266 66               [ 8]  586 	ld	h, (hl)
    00000267 6F               [ 4]  587 	ld	l, a
    00000268 19               [ 8]  588 	add	hl, de
                                    589 ;src/utils/text.c:97: dialog_buf[pos] = get_tile_for_char(*ptr);
    00000269 01r00r00         [12]  590 	ld	bc, #_dialog_buf
    0000026C 09               [ 8]  591 	add	hl, bc
    0000026D E5               [16]  592 	push	hl
    0000026E F8 0C            [12]  593 	ldhl	sp,	#12
    00000270 7E               [ 8]  594 	ld	a, (hl)
    00000271 CDr16r00         [24]  595 	call	_get_tile_for_char
    00000274 C1               [12]  596 	pop	bc
    00000275 02               [ 8]  597 	ld	(bc), a
                                    598 ;src/utils/text.c:98: ptr++;
    00000276 F8 0D            [12]  599 	ldhl	sp,	#13
    00000278 34               [12]  600 	inc	(hl)
    00000279 20 02            [12]  601 	jr	NZ, 00238$
    0000027B 23               [ 8]  602 	inc	hl
    0000027C 34               [12]  603 	inc	(hl)
    0000027D                        604 00238$:
                                    605 ;src/utils/text.c:99: cur_col++;
    0000027D F8 08            [12]  606 	ldhl	sp,	#8
    0000027F 7E               [ 8]  607 	ld	a, (hl)
    00000280 F8 00            [12]  608 	ldhl	sp,	#0
    00000282 77               [ 8]  609 	ld	(hl), a
    00000283 F8 09            [12]  610 	ldhl	sp,	#9
    00000285 7E               [ 8]  611 	ld	a, (hl)
    00000286 F8 01            [12]  612 	ldhl	sp,	#1
    00000288 77               [ 8]  613 	ld	(hl), a
                                    614 ;src/utils/text.c:95: for (int i = 0; i < word_len; i++) {
    00000289 F8 0F            [12]  615 	ldhl	sp,	#15
    0000028B 34               [12]  616 	inc	(hl)
    0000028C 20 99            [12]  617 	jr	NZ, 00127$
    0000028E 23               [ 8]  618 	inc	hl
    0000028F 34               [12]  619 	inc	(hl)
    00000290 18 95            [12]  620 	jr	00127$
    00000292                        621 00146$:
    00000292 F8 0D            [12]  622 	ldhl	sp,	#13
    00000294 2A               [ 8]  623 	ld	a, (hl+)
    00000295 23               [ 8]  624 	inc	hl
    00000296 32               [ 8]  625 	ld	(hl-), a
    00000297 2A               [ 8]  626 	ld	a, (hl+)
    00000298 23               [ 8]  627 	inc	hl
    00000299 77               [ 8]  628 	ld	(hl), a
                                    629 ;src/utils/text.c:101: if (*ptr == ' ' || *ptr == '\n') {
    0000029A F8 0A            [12]  630 	ldhl	sp,	#10
    0000029C 7E               [ 8]  631 	ld	a, (hl)
    0000029D D6 20            [ 8]  632 	sub	a, #0x20
    0000029F 28 08            [12]  633 	jr	Z, 00114$
    000002A1 F8 0A            [12]  634 	ldhl	sp,	#10
    000002A3 7E               [ 8]  635 	ld	a, (hl)
    000002A4 D6 0A            [ 8]  636 	sub	a, #0x0a
    000002A6 C2r8Br01         [16]  637 	jp	NZ, 00118$
    000002A9                        638 00114$:
                                    639 ;src/utils/text.c:102: if (*ptr == '\n') {
    000002A9 F8 0F            [12]  640 	ldhl	sp,#15
    000002AB 2A               [ 8]  641 	ld	a, (hl+)
    000002AC 5F               [ 4]  642 	ld	e, a
    000002AD 56               [ 8]  643 	ld	d, (hl)
    000002AE 1A               [ 8]  644 	ld	a, (de)
    000002AF D6 0A            [ 8]  645 	sub	a, #0x0a
    000002B1 20 0F            [12]  646 	jr	NZ, 00112$
                                    647 ;src/utils/text.c:103: cur_line++;
    000002B3 F8 04            [12]  648 	ldhl	sp,	#4
    000002B5 7E               [ 8]  649 	ld	a, (hl)
    000002B6 F8 0B            [12]  650 	ldhl	sp,	#11
    000002B8 22               [ 8]  651 	ld	(hl+), a
    000002B9 36 00            [12]  652 	ld	(hl), #0x00
                                    653 ;src/utils/text.c:104: cur_col = 0;
    000002BB AF               [ 4]  654 	xor	a, a
    000002BC F8 00            [12]  655 	ldhl	sp,	#0
    000002BE 22               [ 8]  656 	ld	(hl+), a
    000002BF 77               [ 8]  657 	ld	(hl), a
    000002C0 18 0C            [12]  658 	jr	00113$
    000002C2                        659 00112$:
                                    660 ;src/utils/text.c:106: cur_col++;
    000002C2 F8 08            [12]  661 	ldhl	sp,	#8
    000002C4 7E               [ 8]  662 	ld	a, (hl)
    000002C5 F8 00            [12]  663 	ldhl	sp,	#0
    000002C7 77               [ 8]  664 	ld	(hl), a
    000002C8 F8 09            [12]  665 	ldhl	sp,	#9
    000002CA 7E               [ 8]  666 	ld	a, (hl)
    000002CB F8 01            [12]  667 	ldhl	sp,	#1
    000002CD 77               [ 8]  668 	ld	(hl), a
    000002CE                        669 00113$:
                                    670 ;src/utils/text.c:108: ptr++;
    000002CE F8 0F            [12]  671 	ldhl	sp,	#15
    000002D0 34               [12]  672 	inc	(hl)
    000002D1 C2r8Br01         [16]  673 	jp	NZ, 00118$
    000002D4 23               [ 8]  674 	inc	hl
    000002D5 34               [12]  675 	inc	(hl)
    000002D6 C3r8Br01         [16]  676 	jp	00118$
    000002D9                        677 00120$:
                                    678 ;src/utils/text.c:111: set_win_tiles(0, 0, 20, 6, dialog_buf);
    000002D9 11r00r00         [12]  679 	ld	de, #_dialog_buf
    000002DC D5               [16]  680 	push	de
    000002DD 21 14 06         [12]  681 	ld	hl, #0x614
    000002E0 E5               [16]  682 	push	hl
    000002E1 AF               [ 4]  683 	xor	a, a
    000002E2 0F               [ 4]  684 	rrca
    000002E3 F5               [16]  685 	push	af
    000002E4 CDr00r00         [24]  686 	call	_set_win_tiles
    000002E7 E8 06            [16]  687 	add	sp, #6
                                    688 ;./gbdk/include/gb/gb.h:1739: WX_REG=x, WY_REG=y;
    000002E9 3E 07            [ 8]  689 	ld	a, #0x07
    000002EB E0r00            [12]  690 	ldh	(_WX_REG + 0), a
    000002ED 3E 60            [ 8]  691 	ld	a, #0x60
    000002EF E0r00            [12]  692 	ldh	(_WY_REG + 0), a
                                    693 ;src/utils/text.c:113: SHOW_WIN;
    000002F1 F0r00            [12]  694 	ldh	a, (_LCDC_REG + 0)
    000002F3 F6 20            [ 8]  695 	or	a, #0x20
    000002F5 E0r00            [12]  696 	ldh	(_LCDC_REG + 0), a
                                    697 ;src/utils/text.c:114: waitpad(J_A);
    000002F7 3E 10            [ 8]  698 	ld	a, #0x10
    000002F9 CDr00r00         [24]  699 	call	_waitpad
                                    700 ;src/utils/text.c:115: delay(100);
    000002FC 11 64 00         [12]  701 	ld	de, #0x0064
    000002FF CDr00r00         [24]  702 	call	_delay
                                    703 ;src/utils/text.c:116: waitpadup();
    00000302 CDr00r00         [24]  704 	call	_waitpadup
    00000305 C3r74r01         [16]  705 	jp	00121$
    00000308                        706 00123$:
                                    707 ;src/utils/text.c:118: HIDE_WIN;
    00000308 F0r00            [12]  708 	ldh	a, (_LCDC_REG + 0)
    0000030A E6 DF            [ 8]  709 	and	a, #0xdf
    0000030C E0r00            [12]  710 	ldh	(_LCDC_REG + 0), a
                                    711 ;./gbdk/include/gb/gb.h:1739: WX_REG=x, WY_REG=y;
    0000030E 3E 07            [ 8]  712 	ld	a, #0x07
    00000310 E0r00            [12]  713 	ldh	(_WX_REG + 0), a
    00000312 3E 90            [ 8]  714 	ld	a, #0x90
    00000314 E0r00            [12]  715 	ldh	(_WY_REG + 0), a
                                    716 ;src/utils/text.c:120: SHOW_SPRITES;
    00000316 F0r00            [12]  717 	ldh	a, (_LCDC_REG + 0)
    00000318 F6 02            [ 8]  718 	or	a, #0x02
    0000031A E0r00            [12]  719 	ldh	(_LCDC_REG + 0), a
                                    720 ;src/utils/text.c:121: }
    0000031C E8 11            [16]  721 	add	sp, #17
    0000031E C9               [16]  722 	ret
                                    723 	.area _CODE
                                    724 	.area _INITIALIZER
                                    725 	.area _CABS (ABS)
