                                      1 ;--------------------------------------------------------
                                      2 ; File Created by SDCC : free open source ISO C Compiler
                                      3 ; Version 4.5.1 #15267 (Mac OS X ppc)
                                      4 ;--------------------------------------------------------
                                      5 	.module main
                                      6 	
                                      7 ;--------------------------------------------------------
                                      8 ; Public variables in this module
                                      9 ;--------------------------------------------------------
                                     10 	.globl _main
                                     11 	.globl _input_pressed
                                     12 	.globl _input_update
                                     13 	.globl _wait_vbl_done
                                     14 	.globl _game_update
                                     15 	.globl _game_init
                                     16 	.globl _menu_update
                                     17 	.globl _menu_init
                                     18 	.globl _intro_update
                                     19 	.globl _intro_init
                                     20 	.globl _current_state
                                     21 	.globl _game_state
                                     22 ;--------------------------------------------------------
                                     23 ; special function registers
                                     24 ;--------------------------------------------------------
                                     25 	.area _HRAM
                                     26 ;--------------------------------------------------------
                                     27 ; ram data
                                     28 ;--------------------------------------------------------
                                     29 	.area _DATA
                                     30 ;--------------------------------------------------------
                                     31 ; ram data
                                     32 ;--------------------------------------------------------
                                     33 	.area _INITIALIZED
    00000000                         34 _game_state::
    00000000                         35 	.ds 1
    00000001                         36 _current_state::
    00000001                         37 	.ds 1
                                     38 ;--------------------------------------------------------
                                     39 ; absolute external ram data
                                     40 ;--------------------------------------------------------
                                     41 	.area _DABS (ABS)
                                     42 ;--------------------------------------------------------
                                     43 ; global & static initialisations
                                     44 ;--------------------------------------------------------
                                     45 	.area _HOME
                                     46 	.area _GSINIT
                                     47 	.area _GSFINAL
                                     48 	.area _GSINIT
                                     49 ;--------------------------------------------------------
                                     50 ; Home
                                     51 ;--------------------------------------------------------
                                     52 	.area _HOME
                                     53 	.area _HOME
                                     54 ;--------------------------------------------------------
                                     55 ; code
                                     56 ;--------------------------------------------------------
                                     57 	.area _CODE
                                     58 ;src/main.c:15: void main(void) {
                                     59 ;	---------------------------------
                                     60 ; Function main
                                     61 ; ---------------------------------
    00000000                         62 _main::
                                     63 ;src/main.c:20: while (1) {
    00000000                         64 00122$:
                                     65 ;src/main.c:22: input_update();
    00000000 CDr00r00         [24]   66 	call	_input_update
                                     67 ;src/main.c:25: if (game_state != current_state) {
    00000003 FAr00r00         [16]   68 	ld	a, (#_game_state)
    00000006 21r01r00         [12]   69 	ld	hl, #_current_state
    00000009 96               [ 8]   70 	sub	a, (hl)
    0000000A 28 26            [12]   71 	jr	Z, 00110$
                                     72 ;src/main.c:27: current_state = game_state;
    0000000C FAr00r00         [16]   73 	ld	a, (#_game_state)
    0000000F EAr01r00         [16]   74 	ld	(#_current_state),a
                                     75 ;src/main.c:28: if (game_state == STATE_INTRO) {
    00000012 FAr00r00         [16]   76 	ld	a, (#_game_state)
    00000015 B7               [ 4]   77 	or	a, a
    00000016 20 05            [12]   78 	jr	NZ, 00107$
                                     79 ;src/main.c:29: intro_init();
    00000018 CDr00r00         [24]   80 	call	_intro_init
    0000001B 18 15            [12]   81 	jr	00110$
    0000001D                         82 00107$:
                                     83 ;src/main.c:30: } else if (game_state == STATE_MENU) {
    0000001D FAr00r00         [16]   84 	ld	a, (#_game_state)
    00000020 3D               [ 4]   85 	dec	a
    00000021 20 05            [12]   86 	jr	NZ, 00104$
                                     87 ;src/main.c:31: menu_init();
    00000023 CDr00r00         [24]   88 	call	_menu_init
    00000026 18 0A            [12]   89 	jr	00110$
    00000028                         90 00104$:
                                     91 ;src/main.c:32: } else if (game_state == STATE_GAME) {
    00000028 FAr00r00         [16]   92 	ld	a, (#_game_state)
    0000002B D6 02            [ 8]   93 	sub	a, #0x02
    0000002D 20 03            [12]   94 	jr	NZ, 00110$
                                     95 ;src/main.c:33: game_init();
    0000002F CDr00r00         [24]   96 	call	_game_init
    00000032                         97 00110$:
                                     98 ;src/main.c:38: if (game_state == STATE_INTRO) {
    00000032 FAr00r00         [16]   99 	ld	a, (#_game_state)
    00000035 B7               [ 4]  100 	or	a, a
    00000036 20 05            [12]  101 	jr	NZ, 00119$
                                    102 ;src/main.c:39: intro_update();
    00000038 CDr00r00         [24]  103 	call	_intro_update
    0000003B 18 22            [12]  104 	jr	00120$
    0000003D                        105 00119$:
                                    106 ;src/main.c:40: } else if (game_state == STATE_MENU) {
    0000003D FAr00r00         [16]  107 	ld	a, (#_game_state)
    00000040 3D               [ 4]  108 	dec	a
    00000041 20 12            [12]  109 	jr	NZ, 00116$
                                    110 ;src/main.c:41: menu_update();
    00000043 CDr00r00         [24]  111 	call	_menu_update
                                    112 ;src/main.c:42: if (input_pressed(J_START)) {
    00000046 3E 80            [ 8]  113 	ld	a, #0x80
    00000048 CDr00r00         [24]  114 	call	_input_pressed
    0000004B B7               [ 4]  115 	or	a, a
    0000004C 28 11            [12]  116 	jr	Z, 00120$
                                    117 ;src/main.c:43: game_state = STATE_GAME;
    0000004E 21r00r00         [12]  118 	ld	hl, #_game_state
    00000051 36 02            [12]  119 	ld	(hl), #0x02
    00000053 18 0A            [12]  120 	jr	00120$
    00000055                        121 00116$:
                                    122 ;src/main.c:45: } else if (game_state == STATE_GAME) {
    00000055 FAr00r00         [16]  123 	ld	a, (#_game_state)
    00000058 D6 02            [ 8]  124 	sub	a, #0x02
    0000005A 20 03            [12]  125 	jr	NZ, 00120$
                                    126 ;src/main.c:46: game_update();
    0000005C CDr00r00         [24]  127 	call	_game_update
    0000005F                        128 00120$:
                                    129 ;src/main.c:50: wait_vbl_done();
    0000005F CDr00r00         [24]  130 	call	_wait_vbl_done
                                    131 ;src/main.c:52: }
    00000062 18 9C            [12]  132 	jr	00122$
                                    133 	.area _CODE
                                    134 	.area _INITIALIZER
    00000000                        135 __xinit__game_state:
    00000000 00                     136 	.db #0x00	; 0
    00000001                        137 __xinit__current_state:
    00000001 FF                     138 	.db #0xff	; 255
                                    139 	.area _CABS (ABS)
