                                      1 ;--------------------------------------------------------
                                      2 ; File Created by SDCC : free open source ISO C Compiler
                                      3 ; Version 4.5.1 #15267 (Mac OS X ppc)
                                      4 ;--------------------------------------------------------
                                      5 	.module main
                                      6 	
                                      7 ;--------------------------------------------------------
                                      8 ; Public variables in this module
                                      9 ;--------------------------------------------------------
                                     10 	.globl _main
                                     11 	.globl _inventory_init
                                     12 	.globl _input_pressed
                                     13 	.globl _input_update
                                     14 	.globl _wait_vbl_done
                                     15 	.globl _inventory_state_update
                                     16 	.globl _inventory_state_init
                                     17 	.globl _game_update
                                     18 	.globl _game_init
                                     19 	.globl _menu_update
                                     20 	.globl _menu_init
                                     21 	.globl _intro_update
                                     22 	.globl _intro_init
                                     23 	.globl _current_state
                                     24 	.globl _game_state
                                     25 ;--------------------------------------------------------
                                     26 ; special function registers
                                     27 ;--------------------------------------------------------
                                     28 	.area _HRAM
                                     29 ;--------------------------------------------------------
                                     30 ; ram data
                                     31 ;--------------------------------------------------------
                                     32 	.area _DATA
                                     33 ;--------------------------------------------------------
                                     34 ; ram data
                                     35 ;--------------------------------------------------------
                                     36 	.area _INITIALIZED
    00000000                         37 _game_state::
    00000000                         38 	.ds 1
    00000001                         39 _current_state::
    00000001                         40 	.ds 1
                                     41 ;--------------------------------------------------------
                                     42 ; absolute external ram data
                                     43 ;--------------------------------------------------------
                                     44 	.area _DABS (ABS)
                                     45 ;--------------------------------------------------------
                                     46 ; global & static initialisations
                                     47 ;--------------------------------------------------------
                                     48 	.area _HOME
                                     49 	.area _GSINIT
                                     50 	.area _GSFINAL
                                     51 	.area _GSINIT
                                     52 ;--------------------------------------------------------
                                     53 ; Home
                                     54 ;--------------------------------------------------------
                                     55 	.area _HOME
                                     56 	.area _HOME
                                     57 ;--------------------------------------------------------
                                     58 ; code
                                     59 ;--------------------------------------------------------
                                     60 	.area _CODE
                                     61 ;src/main.c:17: void main(void) {
                                     62 ;	---------------------------------
                                     63 ; Function main
                                     64 ; ---------------------------------
    00000000                         65 _main::
                                     66 ;src/main.c:19: inventory_init();
    00000000 CDr00r00         [24]   67 	call	_inventory_init
                                     68 ;src/main.c:22: while (1) {
    00000003                         69 00128$:
                                     70 ;src/main.c:24: input_update();
    00000003 CDr00r00         [24]   71 	call	_input_update
                                     72 ;src/main.c:27: if (game_state != current_state) {
    00000006 FAr00r00         [16]   73 	ld	a, (#_game_state)
    00000009 21r01r00         [12]   74 	ld	hl, #_current_state
    0000000C 96               [ 8]   75 	sub	a, (hl)
    0000000D 28 32            [12]   76 	jr	Z, 00113$
                                     77 ;src/main.c:29: current_state = game_state;
    0000000F FAr00r00         [16]   78 	ld	a, (#_game_state)
    00000012 EAr01r00         [16]   79 	ld	(#_current_state),a
                                     80 ;src/main.c:30: if (game_state == STATE_INTRO) {
    00000015 FAr00r00         [16]   81 	ld	a, (#_game_state)
    00000018 B7               [ 4]   82 	or	a, a
    00000019 20 05            [12]   83 	jr	NZ, 00110$
                                     84 ;src/main.c:31: intro_init();
    0000001B CDr00r00         [24]   85 	call	_intro_init
    0000001E 18 21            [12]   86 	jr	00113$
    00000020                         87 00110$:
                                     88 ;src/main.c:32: } else if (game_state == STATE_MENU) {
    00000020 FAr00r00         [16]   89 	ld	a, (#_game_state)
    00000023 3D               [ 4]   90 	dec	a
    00000024 20 05            [12]   91 	jr	NZ, 00107$
                                     92 ;src/main.c:33: menu_init();
    00000026 CDr00r00         [24]   93 	call	_menu_init
    00000029 18 16            [12]   94 	jr	00113$
    0000002B                         95 00107$:
                                     96 ;src/main.c:34: } else if (game_state == STATE_GAME) {
    0000002B FAr00r00         [16]   97 	ld	a, (#_game_state)
    0000002E D6 02            [ 8]   98 	sub	a, #0x02
    00000030 20 05            [12]   99 	jr	NZ, 00104$
                                    100 ;src/main.c:35: game_init();
    00000032 CDr00r00         [24]  101 	call	_game_init
    00000035 18 0A            [12]  102 	jr	00113$
    00000037                        103 00104$:
                                    104 ;src/main.c:36: } else if (game_state == STATE_INVENTORY) {
    00000037 FAr00r00         [16]  105 	ld	a, (#_game_state)
    0000003A D6 03            [ 8]  106 	sub	a, #0x03
    0000003C 20 03            [12]  107 	jr	NZ, 00113$
                                    108 ;src/main.c:37: inventory_state_init();
    0000003E CDr00r00         [24]  109 	call	_inventory_state_init
    00000041                        110 00113$:
                                    111 ;src/main.c:42: if (game_state == STATE_INTRO) {
    00000041 FAr00r00         [16]  112 	ld	a, (#_game_state)
    00000044 B7               [ 4]  113 	or	a, a
    00000045 20 05            [12]  114 	jr	NZ, 00125$
                                    115 ;src/main.c:43: intro_update();
    00000047 CDr00r00         [24]  116 	call	_intro_update
    0000004A 18 2E            [12]  117 	jr	00126$
    0000004C                        118 00125$:
                                    119 ;src/main.c:44: } else if (game_state == STATE_MENU) {
    0000004C FAr00r00         [16]  120 	ld	a, (#_game_state)
    0000004F 3D               [ 4]  121 	dec	a
    00000050 20 12            [12]  122 	jr	NZ, 00122$
                                    123 ;src/main.c:45: menu_update();
    00000052 CDr00r00         [24]  124 	call	_menu_update
                                    125 ;src/main.c:46: if (input_pressed(J_START)) {
    00000055 3E 80            [ 8]  126 	ld	a, #0x80
    00000057 CDr00r00         [24]  127 	call	_input_pressed
    0000005A B7               [ 4]  128 	or	a, a
    0000005B 28 1D            [12]  129 	jr	Z, 00126$
                                    130 ;src/main.c:47: game_state = STATE_GAME;
    0000005D 21r00r00         [12]  131 	ld	hl, #_game_state
    00000060 36 02            [12]  132 	ld	(hl), #0x02
    00000062 18 16            [12]  133 	jr	00126$
    00000064                        134 00122$:
                                    135 ;src/main.c:49: } else if (game_state == STATE_GAME) {
    00000064 FAr00r00         [16]  136 	ld	a, (#_game_state)
    00000067 D6 02            [ 8]  137 	sub	a, #0x02
    00000069 20 05            [12]  138 	jr	NZ, 00119$
                                    139 ;src/main.c:50: game_update();
    0000006B CDr00r00         [24]  140 	call	_game_update
    0000006E 18 0A            [12]  141 	jr	00126$
    00000070                        142 00119$:
                                    143 ;src/main.c:51: } else if (game_state == STATE_INVENTORY) {
    00000070 FAr00r00         [16]  144 	ld	a, (#_game_state)
    00000073 D6 03            [ 8]  145 	sub	a, #0x03
    00000075 20 03            [12]  146 	jr	NZ, 00126$
                                    147 ;src/main.c:52: inventory_state_update();
    00000077 CDr00r00         [24]  148 	call	_inventory_state_update
    0000007A                        149 00126$:
                                    150 ;src/main.c:56: wait_vbl_done();
    0000007A CDr00r00         [24]  151 	call	_wait_vbl_done
                                    152 ;src/main.c:58: }
    0000007D 18 84            [12]  153 	jr	00128$
                                    154 	.area _CODE
                                    155 	.area _INITIALIZER
    00000000                        156 __xinit__game_state:
    00000000 00                     157 	.db #0x00	; 0
    00000001                        158 __xinit__current_state:
    00000001 FF                     159 	.db #0xff	; 255
                                    160 	.area _CABS (ABS)
