                                      1 ;--------------------------------------------------------
                                      2 ; File Created by SDCC : free open source ISO C Compiler
                                      3 ; Version 4.5.1 #15267 (Mac OS X ppc)
                                      4 ;--------------------------------------------------------
                                      5 	.module map_config
                                      6 	
                                      7 ;--------------------------------------------------------
                                      8 ; Public variables in this module
                                      9 ;--------------------------------------------------------
                                     10 	.globl _map_init_data
                                     11 	.globl _ai_enemy_chaser_shooter
                                     12 	.globl _ai_anim_simple
                                     13 	.globl _entity_init
                                     14 	.globl _maps
                                     15 	.globl _level2_portals
                                     16 	.globl _house_portals
                                     17 	.globl _world_portals
                                     18 	.globl _level3_entities
                                     19 	.globl _level2_entities
                                     20 	.globl _house_entities
                                     21 	.globl _world_entities
                                     22 ;--------------------------------------------------------
                                     23 ; special function registers
                                     24 ;--------------------------------------------------------
                                     25 	.area _HRAM
                                     26 ;--------------------------------------------------------
                                     27 ; ram data
                                     28 ;--------------------------------------------------------
                                     29 	.area _DATA
    00000000                         30 _world_entities::
    00000000                         31 	.ds 48
    00000030                         32 _house_entities::
    00000030                         33 	.ds 16
    00000040                         34 _level2_entities::
    00000040                         35 	.ds 16
    00000050                         36 _level3_entities::
    00000050                         37 	.ds 32
                                     38 ;--------------------------------------------------------
                                     39 ; ram data
                                     40 ;--------------------------------------------------------
                                     41 	.area _INITIALIZED
    00000000                         42 _world_portals::
    00000000                         43 	.ds 7
    00000007                         44 _house_portals::
    00000007                         45 	.ds 7
    0000000E                         46 _level2_portals::
    0000000E                         47 	.ds 7
    00000015                         48 _maps::
    00000015                         49 	.ds 104
                                     50 ;--------------------------------------------------------
                                     51 ; absolute external ram data
                                     52 ;--------------------------------------------------------
                                     53 	.area _DABS (ABS)
                                     54 ;--------------------------------------------------------
                                     55 ; global & static initialisations
                                     56 ;--------------------------------------------------------
                                     57 	.area _HOME
                                     58 	.area _GSINIT
                                     59 	.area _GSFINAL
                                     60 	.area _GSINIT
                                     61 ;--------------------------------------------------------
                                     62 ; Home
                                     63 ;--------------------------------------------------------
                                     64 	.area _HOME
                                     65 	.area _HOME
                                     66 ;--------------------------------------------------------
                                     67 ; code
                                     68 ;--------------------------------------------------------
                                     69 	.area _CODE
                                     70 ;src/data/map_config.c:63: void map_init_data() {
                                     71 ;	---------------------------------
                                     72 ; Function map_init_data
                                     73 ; ---------------------------------
    00000000                         74 _map_init_data::
                                     75 ;src/data/map_config.c:64: entity_init(&world_entities[0], ENT_NPC, 210, 230, 24, DIALOGUE_NPC_CHILD);
    00000000 11rB0r00         [12]   76 	ld	de, #___str_0
    00000003 D5               [16]   77 	push	de
    00000004 3E 18            [ 8]   78 	ld	a, #0x18
    00000006 F5               [16]   79 	push	af
    00000007 33               [ 8]   80 	inc	sp
    00000008 11 E6 00         [12]   81 	ld	de, #0x00e6
    0000000B D5               [16]   82 	push	de
    0000000C 11 D2 00         [12]   83 	ld	de, #0x00d2
    0000000F D5               [16]   84 	push	de
    00000010 AF               [ 4]   85 	xor	a, a
    00000011 11r00r00         [12]   86 	ld	de, #_world_entities
    00000014 CDr00r00         [24]   87 	call	_entity_init
                                     88 ;src/data/map_config.c:65: entity_init(&world_entities[1], ENT_NPC, 160, 120, 36, DIALOGUE_NPC_WOMAN);
    00000017 11rB2r01         [12]   89 	ld	de, #___str_1
    0000001A D5               [16]   90 	push	de
    0000001B 3E 24            [ 8]   91 	ld	a, #0x24
    0000001D F5               [16]   92 	push	af
    0000001E 33               [ 8]   93 	inc	sp
    0000001F 11 78 00         [12]   94 	ld	de, #0x0078
    00000022 D5               [16]   95 	push	de
    00000023 AF               [ 4]   96 	xor	a, a
    00000024 A7               [ 4]   97 	and	a
    00000025 F5               [16]   98 	push	af
    00000026 AF               [ 4]   99 	xor	a, a
    00000027 11r10r00         [12]  100 	ld	de, #(_world_entities + 16)
    0000002A CDr00r00         [24]  101 	call	_entity_init
                                    102 ;src/data/map_config.c:66: entity_init(&world_entities[2], ENT_ITEM, 180, 140, 41, NULL); // Flower
    0000002D 11 00 00         [12]  103 	ld	de, #0x0000
    00000030 D5               [16]  104 	push	de
    00000031 3E 29            [ 8]  105 	ld	a, #0x29
    00000033 F5               [16]  106 	push	af
    00000034 33               [ 8]  107 	inc	sp
    00000035 11 8C 00         [12]  108 	ld	de, #0x008c
    00000038 D5               [16]  109 	push	de
    00000039 11 B4 00         [12]  110 	ld	de, #0x00b4
    0000003C D5               [16]  111 	push	de
    0000003D 3E 01            [ 8]  112 	ld	a, #0x01
    0000003F 11r20r00         [12]  113 	ld	de, #(_world_entities + 32)
    00000042 CDr00r00         [24]  114 	call	_entity_init
                                    115 ;src/data/map_config.c:67: world_entities[2].update = ai_anim_simple;
    00000045 21r2Er00         [12]  116 	ld	hl, #(_world_entities + 46)
    00000048 36r00            [12]  117 	ld	(hl), #<(_ai_anim_simple)
    0000004A 23               [ 8]  118 	inc	hl
    0000004B 36s00            [12]  119 	ld	(hl), #>(_ai_anim_simple)
                                    120 ;src/data/map_config.c:68: entity_init(&house_entities[0], ENT_NPC, 40, 48, 24, DIALOGUE_NPC_HOUSE);
    0000004D 11r54r03         [12]  121 	ld	de, #___str_2
    00000050 D5               [16]  122 	push	de
    00000051 3E 18            [ 8]  123 	ld	a, #0x18
    00000053 F5               [16]  124 	push	af
    00000054 33               [ 8]  125 	inc	sp
    00000055 11 30 00         [12]  126 	ld	de, #0x0030
    00000058 D5               [16]  127 	push	de
    00000059 11 28 00         [12]  128 	ld	de, #0x0028
    0000005C D5               [16]  129 	push	de
    0000005D AF               [ 4]  130 	xor	a, a
    0000005E 11r30r00         [12]  131 	ld	de, #_house_entities
    00000061 CDr00r00         [24]  132 	call	_entity_init
                                    133 ;src/data/map_config.c:69: entity_init(&level2_entities[0], ENT_ENEMY, 120, 120, 28, NULL);
    00000064 11 00 00         [12]  134 	ld	de, #0x0000
    00000067 D5               [16]  135 	push	de
    00000068 3E 1C            [ 8]  136 	ld	a, #0x1c
    0000006A F5               [16]  137 	push	af
    0000006B 33               [ 8]  138 	inc	sp
    0000006C 11 78 00         [12]  139 	ld	de, #0x0078
    0000006F D5               [16]  140 	push	de
    00000070 D5               [16]  141 	push	de
    00000071 3E 03            [ 8]  142 	ld	a, #0x03
    00000073 11r40r00         [12]  143 	ld	de, #_level2_entities
    00000076 CDr00r00         [24]  144 	call	_entity_init
                                    145 ;src/data/map_config.c:70: level2_entities[0].update = ai_enemy_chaser_shooter;
    00000079 21r4Er00         [12]  146 	ld	hl, #(_level2_entities + 14)
    0000007C 3Er00            [ 8]  147 	ld	a, #<(_ai_enemy_chaser_shooter)
    0000007E 22               [ 8]  148 	ld	(hl+), a
                                    149 ;src/data/map_config.c:71: level2_entities[0].shoot_timer = 60;
    0000007F 3Es00            [ 8]  150 	ld	a, #>(_ai_enemy_chaser_shooter)
    00000081 32               [ 8]  151 	ld	(hl-), a
    00000082 2B               [ 8]  152 	dec	hl
    00000083 36 3C            [12]  153 	ld	(hl), #0x3c
                                    154 ;src/data/map_config.c:74: "BIENVENIDO AL\nPUEBLO SENSEI");
                                    155 ;src/data/map_config.c:73: entity_init(&level3_entities[0], ENT_NPC, 128, 128, 36,
    00000085 11rF1r03         [12]  156 	ld	de, #___str_3
    00000088 D5               [16]  157 	push	de
    00000089 3E 24            [ 8]  158 	ld	a, #0x24
    0000008B F5               [16]  159 	push	af
    0000008C 33               [ 8]  160 	inc	sp
    0000008D AF               [ 4]  161 	xor	a, a
    0000008E F5               [16]  162 	push	af
    0000008F AF               [ 4]  163 	xor	a, a
    00000090 F5               [16]  164 	push	af
    00000091 AF               [ 4]  165 	xor	a, a
    00000092 11r50r00         [12]  166 	ld	de, #_level3_entities
    00000095 CDr00r00         [24]  167 	call	_entity_init
                                    168 ;src/data/map_config.c:75: entity_init(&level3_entities[1], ENT_NPC, 200, 100, 24, "HOLA VIAJERO");
    00000098 11r0Dr04         [12]  169 	ld	de, #___str_4
    0000009B D5               [16]  170 	push	de
    0000009C 3E 18            [ 8]  171 	ld	a, #0x18
    0000009E F5               [16]  172 	push	af
    0000009F 33               [ 8]  173 	inc	sp
    000000A0 11 64 00         [12]  174 	ld	de, #0x0064
    000000A3 D5               [16]  175 	push	de
    000000A4 11 C8 00         [12]  176 	ld	de, #0x00c8
    000000A7 D5               [16]  177 	push	de
    000000A8 AF               [ 4]  178 	xor	a, a
    000000A9 11r60r00         [12]  179 	ld	de, #(_level3_entities + 16)
    000000AC CDr00r00         [24]  180 	call	_entity_init
                                    181 ;src/data/map_config.c:76: }
    000000AF C9               [16]  182 	ret
    000000B0                        183 ___str_0:
    000000B0 48 6F 6C 61 20 61 76   184 	.ascii "Hola aventurero!"
             65 6E 74 75 72 65 72
             6F 21
    000000C0 0A                     185 	.db 0x0a
    000000C1 42 69 65 6E 76 65 6E   186 	.ascii "Bienvenido a este"
             69 64 6F 20 61 20 65
             73 74 65
    000000D2 0A                     187 	.db 0x0a
    000000D3 6C 75 67 61 72 20 6D   188 	.ascii "lugar misterioso."
             69 73 74 65 72 69 6F
             73 6F 2E
    000000E4 0A                     189 	.db 0x0a
    000000E5 4D 69 20 63 61 73 61   190 	.ascii "Mi casa es la de"
             20 65 73 20 6C 61 20
             64 65
    000000F5 0A                     191 	.db 0x0a
    000000F6 61 71 75 69 20 61 72   192 	.ascii "aqui arriba, junto"
             72 69 62 61 2C 20 6A
             75 6E 74 6F
    00000108 0A                     193 	.db 0x0a
    00000109 61 6C 20 67 72 61 6E   194 	.ascii "al gran arbol."
             20 61 72 62 6F 6C 2E
    00000117 0A                     195 	.db 0x0a
    00000118 53 69 20 6E 65 63 65   196 	.ascii "Si necesitas algo"
             73 69 74 61 73 20 61
             6C 67 6F
    00000129 0A                     197 	.db 0x0a
    0000012A 62 75 73 63 61 20 6C   198 	.ascii "busca la llave en"
             61 20 6C 6C 61 76 65
             20 65 6E
    0000013B 0A                     199 	.db 0x0a
    0000013C 6D 69 20 72 6F 70 65   200 	.ascii "mi ropero."
             72 6F 2E
    00000146 0A                     201 	.db 0x0a
    00000147 50 65 72 6F 20 74 65   202 	.ascii "Pero ten cuidado"
             6E 20 63 75 69 64 61
             64 6F
    00000157 0A                     203 	.db 0x0a
    00000158 63 6F 6E 20 6C 6F 73   204 	.ascii "con los enemigos"
             20 65 6E 65 6D 69 67
             6F 73
    00000168 0A                     205 	.db 0x0a
    00000169 71 75 65 20 72 6F 6E   206 	.ascii "que rondan por"
             64 61 6E 20 70 6F 72
    00000177 0A                     207 	.db 0x0a
    00000178 6C 61 20 7A 6F 6E 61   208 	.ascii "la zona. Son muy"
             2E 20 53 6F 6E 20 6D
             75 79
    00000188 0A                     209 	.db 0x0a
    00000189 70 65 6C 69 67 72 6F   210 	.ascii "peligrosos!"
             73 6F 73 21
    00000194 0A                     211 	.db 0x0a
    00000195 42 75 65 6E 61 20 73   212 	.ascii "Buena suerte en"
             75 65 72 74 65 20 65
             6E
    000001A4 0A                     213 	.db 0x0a
    000001A5 74 75 20 61 76 65 6E   214 	.ascii "tu aventura!"
             74 75 72 61 21
    000001B1 00                     215 	.db 0x00
    000001B2                        216 ___str_1:
    000001B2 48 6F 6C 61 20 76 69   217 	.ascii "Hola viajero."
             61 6A 65 72 6F 2E
    000001BF 0A                     218 	.db 0x0a
    000001C0 42 69 65 6E 76 65 6E   219 	.ascii "Bienvenido a estas"
             69 64 6F 20 61 20 65
             73 74 61 73
    000001D2 0A                     220 	.db 0x0a
    000001D3 74 69 65 72 72 61 73   221 	.ascii "tierras olvidadas."
             20 6F 6C 76 69 64 61
             64 61 73 2E
    000001E5 0A                     222 	.db 0x0a
    000001E6 48 61 63 65 20 6D 75   223 	.ascii "Hace mucho tiempo,"
             63 68 6F 20 74 69 65
             6D 70 6F 2C
    000001F8 0A                     224 	.db 0x0a
    000001F9 65 73 74 65 20 6C 75   225 	.ascii "este lugar era un"
             67 61 72 20 65 72 61
             20 75 6E
    0000020A 0A                     226 	.db 0x0a
    0000020B 72 65 69 6E 6F 20 70   227 	.ascii "reino prospero."
             72 6F 73 70 65 72 6F
             2E
    0000021A 0A                     228 	.db 0x0a
    0000021B 50 65 72 6F 20 75 6E   229 	.ascii "Pero un dia, una"
             20 64 69 61 2C 20 75
             6E 61
    0000022B 0A                     230 	.db 0x0a
    0000022C 6F 73 63 75 72 61 20   231 	.ascii "oscura maldicion"
             6D 61 6C 64 69 63 69
             6F 6E
    0000023C 0A                     232 	.db 0x0a
    0000023D 63 61 79 6F 20 73 6F   233 	.ascii "cayo sobre nosotros."
             62 72 65 20 6E 6F 73
             6F 74 72 6F 73 2E
    00000251 0A                     234 	.db 0x0a
    00000252 4C 6F 73 20 67 75 61   235 	.ascii "Los guardianes se"
             72 64 69 61 6E 65 73
             20 73 65
    00000263 0A                     236 	.db 0x0a
    00000264 76 6F 6C 76 69 65 72   237 	.ascii "volvieron hostiles"
             6F 6E 20 68 6F 73 74
             69 6C 65 73
    00000276 0A                     238 	.db 0x0a
    00000277 79 20 6C 61 20 67 65   239 	.ascii "y la gente huyo."
             6E 74 65 20 68 75 79
             6F 2E
    00000287 0A                     240 	.db 0x0a
    00000288 53 6F 6C 6F 20 71 75   241 	.ascii "Solo quedamos unos"
             65 64 61 6D 6F 73 20
             75 6E 6F 73
    0000029A 0A                     242 	.db 0x0a
    0000029B 70 6F 63 6F 73 20 71   243 	.ascii "pocos que aun"
             75 65 20 61 75 6E
    000002A8 0A                     244 	.db 0x0a
    000002A9 72 65 73 69 73 74 69   245 	.ascii "resistimos aqui."
             6D 6F 73 20 61 71 75
             69 2E
    000002B9 0A                     246 	.db 0x0a
    000002BA 53 69 20 65 6E 63 75   247 	.ascii "Si encuentras la"
             65 6E 74 72 61 73 20
             6C 61
    000002CA 0A                     248 	.db 0x0a
    000002CB 72 65 6C 69 71 75 69   249 	.ascii "reliquia sagrada,"
             61 20 73 61 67 72 61
             64 61 2C
    000002DC 0A                     250 	.db 0x0a
    000002DD 70 6F 64 72 61 73 20   251 	.ascii "podras romper el"
             72 6F 6D 70 65 72 20
             65 6C
    000002ED 0A                     252 	.db 0x0a
    000002EE 68 65 63 68 69 7A 6F   253 	.ascii "hechizo que nos"
             20 71 75 65 20 6E 6F
             73
    000002FD 0A                     254 	.db 0x0a
    000002FE 61 74 6F 72 6D 65 6E   255 	.ascii "atormenta a todos"
             74 61 20 61 20 74 6F
             64 6F 73
    0000030F 0A                     256 	.db 0x0a
    00000310 6C 6F 73 20 68 61 62   257 	.ascii "los habitantes."
             69 74 61 6E 74 65 73
             2E
    0000031F 0A                     258 	.db 0x0a
    00000320 66 6F 72 74 75 6E 61   259 	.ascii "fortuna te acompane"
             20 74 65 20 61 63 6F
             6D 70 61 6E 65
    00000333 0A                     260 	.db 0x0a
    00000334 65 6E 20 74 75 20 63   261 	.ascii "en tu camino hacia"
             61 6D 69 6E 6F 20 68
             61 63 69 61
    00000346 0A                     262 	.db 0x0a
    00000347 6C 61 20 76 69 63 74   263 	.ascii "la victoria."
             6F 72 69 61 2E
    00000353 00                     264 	.db 0x00
    00000354                        265 ___str_2:
    00000354 42 69 65 6E 76 65 6E   266 	.ascii "Bienvenido a mi"
             69 64 6F 20 61 20 6D
             69
    00000363 0A                     267 	.db 0x0a
    00000364 68 75 6D 69 6C 64 65   268 	.ascii "humilde hogar."
             20 68 6F 67 61 72 2E
    00000372 0A                     269 	.db 0x0a
    00000373 50 75 65 64 65 73 20   270 	.ascii "Puedes descansar"
             64 65 73 63 61 6E 73
             61 72
    00000383 0A                     271 	.db 0x0a
    00000384 61 71 75 69 20 73 69   272 	.ascii "aqui si lo"
             20 6C 6F
    0000038E 0A                     273 	.db 0x0a
    0000038F 6E 65 63 65 73 69 74   274 	.ascii "necesitas."
             61 73 2E
    00000399 0A                     275 	.db 0x0a
    0000039A 50 65 72 6F 20 70 6F   276 	.ascii "Pero por favor,"
             72 20 66 61 76 6F 72
             2C
    000003A9 0A                     277 	.db 0x0a
    000003AA 6E 6F 20 74 6F 71 75   278 	.ascii "no toques mis"
             65 73 20 6D 69 73
    000003B7 0A                     279 	.db 0x0a
    000003B8 63 6F 73 61 73 20 70   280 	.ascii "cosas personales."
             65 72 73 6F 6E 61 6C
             65 73 2E
    000003C9 0A                     281 	.db 0x0a
    000003CA 52 65 73 70 65 74 61   282 	.ascii "Respeta mi"
             20 6D 69
    000003D4 0A                     283 	.db 0x0a
    000003D5 65 73 70 61 63 69 6F   284 	.ascii "espacio y todo"
             20 79 20 74 6F 64 6F
    000003E3 0A                     285 	.db 0x0a
    000003E4 65 73 74 61 72 61 20   286 	.ascii "estara bien."
             62 69 65 6E 2E
    000003F0 00                     287 	.db 0x00
    000003F1                        288 ___str_3:
    000003F1 42 49 45 4E 56 45 4E   289 	.ascii "BIENVENIDO AL"
             49 44 4F 20 41 4C
    000003FE 0A                     290 	.db 0x0a
    000003FF 50 55 45 42 4C 4F 20   291 	.ascii "PUEBLO SENSEI"
             53 45 4E 53 45 49
    0000040C 00                     292 	.db 0x00
    0000040D                        293 ___str_4:
    0000040D 48 4F 4C 41 20 56 49   294 	.ascii "HOLA VIAJERO"
             41 4A 45 52 4F
    00000419 00                     295 	.db 0x00
                                    296 	.area _CODE
                                    297 	.area _INITIALIZER
    00000000                        298 __xinit__world_portals:
    00000000 0C                     299 	.db #0x0c	; 12
    00000001 0C                     300 	.db #0x0c	; 12
    00000002 01                     301 	.db #0x01	; 1
    00000003 4C 00                  302 	.dw #0x004c
    00000005 70 00                  303 	.dw #0x0070
    00000007                        304 __xinit__house_portals:
    00000007 05                     305 	.db #0x05	; 5
    00000008 0E                     306 	.db #0x0e	; 14
    00000009 00                     307 	.db #0x00	; 0
    0000000A D2 00                  308 	.dw #0x00d2
    0000000C F6 00                  309 	.dw #0x00f6
    0000000E                        310 __xinit__level2_portals:
    0000000E 10                     311 	.db #0x10	; 16
    0000000F 1F                     312 	.db #0x1f	; 31
    00000010 00                     313 	.db #0x00	; 0
    00000011 7C 00                  314 	.dw #0x007c
    00000013 30 00                  315 	.dw #0x0030
    00000015                        316 __xinit__maps:
    00000015r00r00                  317 	.dw _map_data
    00000017 20                     318 	.db #0x20	; 32
    00000018 20                     319 	.db #0x20	; 32
    00000019r00r00                  320 	.dw _world_entities
    0000001B 03                     321 	.db #0x03	; 3
    0000001C 00                     322 	.db #0x00	; 0
    0000001D 02                     323 	.db #0x02	; 2
    0000001E 03                     324 	.db #0x03	; 3
    0000001F 04                     325 	.db #0x04	; 4
    00000020 05                     326 	.db #0x05	; 5
    00000021 15                     327 	.db #0x15	; 21
    00000022 16                     328 	.db #0x16	; 22
    00000023 FF                     329 	.db #0xff	; 255
    00000024 00                     330 	.db 0x00
    00000025 00                     331 	.db 0x00
    00000026 00                     332 	.db 0x00
    00000027 00                     333 	.db 0x00
    00000028 00                     334 	.db 0x00
    00000029 00                     335 	.db 0x00
    0000002A 00                     336 	.db 0x00
    0000002B 00                     337 	.db 0x00
    0000002C 00 00                  338 	.dw #0x0000
    0000002E 00                     339 	.db #0x00	; 0
    0000002Fr00r00                  340 	.dw _house_map
    00000031 14                     341 	.db #0x14	; 20
    00000032 12                     342 	.db #0x12	; 18
    00000033r30r00                  343 	.dw _house_entities
    00000035 01                     344 	.db #0x01	; 1
    00000036 19                     345 	.db #0x19	; 25
    00000037 23                     346 	.db #0x23	; 35
    00000038 FF                     347 	.db #0xff	; 255
    00000039 00                     348 	.db 0x00
    0000003A 00                     349 	.db 0x00
    0000003B 00                     350 	.db 0x00
    0000003C 00                     351 	.db 0x00
    0000003D 00                     352 	.db 0x00
    0000003E 00                     353 	.db 0x00
    0000003F 00                     354 	.db 0x00
    00000040 00                     355 	.db 0x00
    00000041 00                     356 	.db 0x00
    00000042 00                     357 	.db 0x00
    00000043 00                     358 	.db 0x00
    00000044 00                     359 	.db 0x00
    00000045 00                     360 	.db 0x00
    00000046 00 00                  361 	.dw #0x0000
    00000048 00                     362 	.db #0x00	; 0
    00000049r00r00                  363 	.dw _level2_map
    0000004B 20                     364 	.db #0x20	; 32
    0000004C 20                     365 	.db #0x20	; 32
    0000004Dr40r00                  366 	.dw _level2_entities
    0000004F 01                     367 	.db #0x01	; 1
    00000050 00                     368 	.db #0x00	; 0
    00000051 02                     369 	.db #0x02	; 2
    00000052 03                     370 	.db #0x03	; 3
    00000053 04                     371 	.db #0x04	; 4
    00000054 FF                     372 	.db #0xff	; 255
    00000055 00                     373 	.db 0x00
    00000056 00                     374 	.db 0x00
    00000057 00                     375 	.db 0x00
    00000058 00                     376 	.db 0x00
    00000059 00                     377 	.db 0x00
    0000005A 00                     378 	.db 0x00
    0000005B 00                     379 	.db 0x00
    0000005C 00                     380 	.db 0x00
    0000005D 00                     381 	.db 0x00
    0000005E 00                     382 	.db 0x00
    0000005F 00                     383 	.db 0x00
    00000060 00 00                  384 	.dw #0x0000
    00000062 00                     385 	.db #0x00	; 0
    00000063r00r00                  386 	.dw _level3_map
    00000065 20                     387 	.db #0x20	; 32
    00000066 20                     388 	.db #0x20	; 32
    00000067r50r00                  389 	.dw _level3_entities
    00000069 02                     390 	.db #0x02	; 2
    0000006A 00                     391 	.db #0x00	; 0
    0000006B 02                     392 	.db #0x02	; 2
    0000006C FF                     393 	.db #0xff	; 255
    0000006D 00                     394 	.db 0x00
    0000006E 00                     395 	.db 0x00
    0000006F 00                     396 	.db 0x00
    00000070 00                     397 	.db 0x00
    00000071 00                     398 	.db 0x00
    00000072 00                     399 	.db 0x00
    00000073 00                     400 	.db 0x00
    00000074 00                     401 	.db 0x00
    00000075 00                     402 	.db 0x00
    00000076 00                     403 	.db 0x00
    00000077 00                     404 	.db 0x00
    00000078 00                     405 	.db 0x00
    00000079 00                     406 	.db 0x00
    0000007A 00 00                  407 	.dw #0x0000
    0000007C 00                     408 	.db #0x00	; 0
                                    409 	.area _CABS (ABS)
